[2026-02-15 19:18:24] [INFO] ========================================
[2026-02-15 19:18:24] [INFO] CCA-SEM Pipeline — Log started
[2026-02-15 19:18:24] [INFO] Time: 2026-02-15 19:18:24.683388
[2026-02-15 19:18:24] [INFO] R version: R version 4.4.3 (2025-02-28 ucrt)
[2026-02-15 19:18:24] [INFO] ========================================
[2026-02-15 19:18:24] [INFO] Stage: MAIN
[2026-02-15 19:18:24] [INFO] Exclude pilot IDs from: 10_report/pilot/pilot_ids.csv
[2026-02-15 19:18:24] [INFO] Project: PLS-SEM Dissertation Analysis — Audit Quality (Khung CCA)
[2026-02-15 19:18:24] [INFO] Config: config/main.yml
[2026-02-15 19:18:24] [INFO] Seed: 18
[2026-02-15 19:18:24] [INFO] Bootstrap: 5000
[2026-02-15 19:18:24] [INFO] Constructs: 11
[2026-02-15 19:18:24] [INFO]   Reflective: 5
[2026-02-15 19:18:24] [INFO]   Formative: 6
[2026-02-15 19:18:24] [INFO] Structural paths: 10
[2026-02-15 19:18:24] [INFO] Output dir: 10_report/main
[2026-02-15 19:18:24] [INFO] Config snapshot saved: 10_report/main/config_snapshot_main.yml
[2026-02-15 19:18:24] [INFO] Session info saved: 10_report/main/session_info.txt
[2026-02-15 19:18:24] [INFO] Inference policy loaded: primary=ci_excludes_zero, alpha=0.05, CI=percentile 95% two-tailed
[2026-02-15 19:18:24] [INFO] Instrument lock loaded: 10_report/pilot/instrument_locked.json
[2026-02-15 19:18:24] [INFO]   Lock timestamp: 2026-02-14T23:20:42
[2026-02-15 19:18:24] [INFO]   COM [formative]: 9 indicators (locked)
[2026-02-15 19:18:24] [INFO]   PS [reflective]: 5 indicators (locked)
[2026-02-15 19:18:24] [INFO]   MO [formative]: 5 indicators (locked)
[2026-02-15 19:18:24] [INFO]   TP [reflective]: 4 indicators (locked)
[2026-02-15 19:18:24] [INFO]   IT [reflective]: 4 indicators (locked)
[2026-02-15 19:18:24] [INFO]   CEV [reflective]: 5 indicators (locked)
[2026-02-15 19:18:24] [INFO]   CG [formative]: 9 indicators (locked)
[2026-02-15 19:18:24] [INFO]   ETH [formative]: 4 indicators (locked)
[2026-02-15 19:18:24] [INFO]   TC [formative]: 6 indicators (locked)
[2026-02-15 19:18:24] [INFO]   AJ [reflective]: 3 indicators (locked)
[2026-02-15 19:18:24] [INFO]   AQ [formative]: 6 indicators (locked)
[2026-02-15 19:18:24] [INFO] Instrument FROZEN — using locked indicators from pilot
[2026-02-15 19:18:24] [INFO] 
===== PHASE 1: DATA PREPARATION =====
[2026-02-15 19:18:24] [INFO] 
[2026-02-15 19:18:24] [INFO] >>> Step 1: Import & Technical Validation
[2026-02-15 19:18:24] [INFO] --------------------------------------------------
[2026-02-15 19:18:24] [INFO] Raw data: 466 rows x 68 cols
[2026-02-15 19:18:24] [INFO] Raw snapshot saved: 01_raw/raw_data.rds
[2026-02-15 19:18:24] [WARN] Flagged 33 potential duplicates (same response pattern)
[2026-02-15 19:18:24] [INFO] After tech validation: 466 rows x 69 cols
[2026-02-15 19:18:24] [GATE] ✅ GATE [ Tech Validation ]: PASS
[2026-02-15 19:18:24] [GATE]   Details: All expected columns present
[2026-02-15 19:18:24] [INFO] Pilot ID exclusion: 466 -> 432 rows (excluded 34 pilot respondents from 10_report/pilot/pilot_ids.csv)
[2026-02-15 19:18:25] [INFO] 
[2026-02-15 19:18:25] [INFO] >>> Step 2: Behavioral Quality Control
[2026-02-15 19:18:25] [INFO] --------------------------------------------------
[2026-02-15 19:18:25] [INFO] Straight-lining flagged (Global SD=0): 32 (7.4%)
[2026-02-15 19:18:25] [INFO] Longstring threshold (auto, P95): 60
[2026-02-15 19:18:25] [INFO] Long-string flagged: 32 (7.4%)
[2026-02-15 19:18:25] [WARN] Time values appear to be epoch timestamps (median=1763476708). Converting to durations from earliest response.
[2026-02-15 19:18:25] [WARN] Epoch-derived durations are not true completion times — speeding check SKIPPED
[2026-02-15 19:18:25] [INFO] Speeding flagged: 0 (skipped — no valid duration column)
[2026-02-15 19:18:25] [INFO] Low IRV flagged: 32 (threshold: 0.000)
[2026-02-15 19:18:25] [INFO] Total flagged for removal: 32 (7.4%)
[2026-02-15 19:18:25] [INFO] Duplicate triage: 31 flagged, 31 removed by QC, 0 remain in dataset
[2026-02-15 19:18:25] [INFO] Screening funnel plot saved
[2026-02-15 19:18:25] [INFO] After QC screening: 400 rows (removed 32)
[2026-02-15 19:18:25] [GATE] ✅ GATE [ Behavioral QC ]: PASS
[2026-02-15 19:18:25] [GATE]   Details: N=400, minimum required=90
[2026-02-15 19:18:25] [INFO] 
[2026-02-15 19:18:25] [INFO] >>> Step 3: Missing Data Handling
[2026-02-15 19:18:25] [INFO] --------------------------------------------------
[2026-02-15 19:18:25] [INFO] Variable-level missing: min=0.0%, max=0.0%, median=0.0%
[2026-02-15 19:18:25] [INFO] No observations exceed missing threshold
[2026-02-15 19:18:25] [INFO] Imputed 0 values using 'mean' method
[2026-02-15 19:18:25] [INFO] Assumption: MCAR
[2026-02-15 19:18:25] [INFO] Final dataset: 400 rows x 60 indicator columns
[2026-02-15 19:18:25] [GATE] ✅ GATE [ Missing Data ]: PASS
[2026-02-15 19:18:25] [GATE]   Details: Remaining NA: 0, method: mean
[2026-02-15 19:18:25] [INFO] 
[2026-02-15 19:18:25] [INFO] >>> Step 4: Descriptive Statistics & Plausibility Checks
[2026-02-15 19:18:25] [INFO] --------------------------------------------------
[2026-02-15 19:18:25] [INFO] Descriptive stats: 60 variables computed
[2026-02-15 19:18:25] [WARN] Extreme skewness (|>2|): COM1, COM9, PS2, PS3, PS4, PS5, ETH1, ETH2, ETH4
[2026-02-15 19:18:25] [WARN] Extreme kurtosis (|>7|): COM1, PS3, ETH1, ETH2
[2026-02-15 19:18:25] [INFO] --- 4b.1. Demographic Profile (Table 1) ---
[2026-02-15 19:18:25] [INFO]   Giới tính: 2 categories, N=400
[2026-02-15 19:18:25] [INFO]   Bằng cấp: 2 categories, N=400
[2026-02-15 19:18:25] [INFO]   Chứng chỉ hành nghề: 2 categories, N=400
[2026-02-15 19:18:25] [INFO]   Kinh nghiệm: 5 categories, N=400
[2026-02-15 19:18:25] [INFO]   Vị trí: 4 categories, N=400
[2026-02-15 19:18:25] [INFO]   Saved: 04_descriptives/demographic_profile.csv (15 rows)
[2026-02-15 19:18:25] [INFO] Sample demographics: 5 variables summarized
[2026-02-15 19:18:28] [INFO] Distribution plots saved: 04_descriptives/distribution_plots.pdf
[2026-02-15 19:18:28] [GATE] ✅ GATE [ Descriptives ]: PASS
[2026-02-15 19:18:28] [GATE]   Details: PASS with warnings — skew/kurtosis anomalies
[2026-02-15 19:18:28] [INFO] Descriptives complete — data cleared for modeling (warnings noted)
[2026-02-15 19:18:28] [INFO] --- 4b.2. Dummy / Ordinal Coding ---
[2026-02-15 19:18:28] [INFO]   [DUMMY] Gen -> Gen_Dummy: 400 mapped, 0 unmapped
[2026-02-15 19:18:28] [INFO]   [ORDINAL] Exp -> Exp_Ord: 400 mapped (1..5), 0 unmapped
[2026-02-15 19:18:28] [INFO]   [ORDINAL] Pos -> Pos_Ord: 400 mapped (1..4), 0 unmapped
[2026-02-15 19:18:28] [INFO]   [REGEX_DUMMY] Cert -> Edu_PostGrad: pattern='Sau đại học', match=55, no_match=345
[2026-02-15 19:18:28] [INFO]   [REGEX_DUMMY] Cert -> CPA_Dummy: pattern='Chứng chỉ Kiểm toán viên|CPA', match=169, no_match=231
[2026-02-15 19:18:28] [INFO] 
Control variable coding complete: 5 variable(s) coded
[2026-02-15 19:18:28] [INFO] 
--- New Coded Columns Summary ---
[2026-02-15 19:18:28] [INFO]   Gen_Dummy: N=400, range=[0, 1], M=0.49, SD=0.50
[2026-02-15 19:18:28] [INFO]   Exp_Ord: N=400, range=[1, 5], M=2.34, SD=1.35
[2026-02-15 19:18:28] [INFO]   Pos_Ord: N=400, range=[1, 4], M=2.11, SD=1.11
[2026-02-15 19:18:28] [INFO]   Edu_PostGrad: N=400, range=[0, 1], M=0.14, SD=0.34
[2026-02-15 19:18:28] [INFO]   CPA_Dummy: N=400, range=[0, 1], M=0.42, SD=0.49
[2026-02-15 19:18:28] [INFO] 
Phase 1 complete — Analysis-ready dataset: 400 rows, 73 cols
[2026-02-15 19:18:28] [INFO] 
Control variables available for Model B (robustness): Gen_Dummy, Exp_Ord, Pos_Ord, Edu_PostGrad, CPA_Dummy
[2026-02-15 19:18:28] [INFO] 
--- Pre-PLS Feasibility Check ---
[2026-02-15 19:18:28] [INFO] Pre-PLS feasibility: PASS — no data singularity issues detected
[2026-02-15 19:18:28] [INFO] 
===== PHASE 2: CMV & MEASUREMENT MODEL =====
[2026-02-15 19:18:28] [INFO] 
[2026-02-15 19:18:28] [INFO] >>> Step 5: CMV/CMB Assessment
[2026-02-15 19:18:28] [INFO] --------------------------------------------------
[2026-02-15 19:18:28] [INFO] Procedural remedies applied during survey design:
  - Anonymity emphasized in instructions
  - Academic purpose clearly stated
  - Standardized, clear question wording
  - Varied item ordering to reduce cognitive load
  - Pilot-tested for clarity and completion time
  - Consistent Likert scale format
[2026-02-15 19:18:28] [INFO] Running Full Collinearity VIF Assessment...
[2026-02-15 19:18:28] [INFO] Full Collinearity VIF range: [1.549, 4.895]
[2026-02-15 19:18:28] [INFO]   Thresholds: WARN >= 3.3, FAIL >= 5.0
[2026-02-15 19:18:28] [INFO]   COM: VIF = 4.761 [WARN]
[2026-02-15 19:18:28] [INFO]   PS: VIF = 4.179 [WARN]
[2026-02-15 19:18:28] [INFO]   MO: VIF = 2.123 [OK]
[2026-02-15 19:18:28] [INFO]   TP: VIF = 1.549 [OK]
[2026-02-15 19:18:28] [INFO]   IT: VIF = 2.144 [OK]
[2026-02-15 19:18:28] [INFO]   CEV: VIF = 3.244 [OK]
[2026-02-15 19:18:28] [INFO]   CG: VIF = 2.521 [OK]
[2026-02-15 19:18:28] [INFO]   ETH: VIF = 4.578 [WARN]
[2026-02-15 19:18:28] [INFO]   TC: VIF = 1.652 [OK]
[2026-02-15 19:18:28] [INFO]   AJ: VIF = 3.703 [WARN]
[2026-02-15 19:18:28] [INFO]   AQ: VIF = 4.895 [WARN]
[2026-02-15 19:18:28] [INFO] Running Harman's single-factor test (reference only)...
[2026-02-15 19:18:28] [INFO] Harman's single-factor test (REFERENCE ONLY):
  First component explains: 45.0% of variance
  Conclusion: OK — <50%
  NOTE: This is a supplementary reference, NOT a primary CMV test.
[2026-02-15 19:18:28] [INFO] Marker variable: NOT available in survey design (limitation noted)
[2026-02-15 19:18:28] [GATE] ✅ GATE [ CMV/CMB ]: PASS
[2026-02-15 19:18:28] [GATE]   Details: WARN — Max full collinearity VIF: 4.895 (>= 3.3 warn, < 5.0 fail). Potential CMV; interpret with caution
[2026-02-15 19:18:28] [INFO] Using instrument-locked indicators from pilot as starting point
[2026-02-15 19:18:28] [INFO] 
--- Measurement Model Optimizer ---
[2026-02-15 19:18:28] [INFO] Strategy: auto-remove reflective indicators with loading < 0.40
[2026-02-15 19:18:28] [INFO] Max iterations: 3
[2026-02-15 19:18:28] [INFO] 
--- Optimizer Iteration 1/3 ---
[2026-02-15 19:18:28] [INFO] PLS model estimated successfully
[2026-02-15 19:18:29] [INFO]   [AUTO-FIX] Removing indicator TP3 (Loading = 0.379 < 0.40). Re-estimating...
[2026-02-15 19:18:29] [INFO] 
--- Optimizer Iteration 2/3 ---
[2026-02-15 19:18:29] [INFO] PLS model estimated successfully
[2026-02-15 19:18:29] [INFO] All reflective loadings >= 0.40 — optimizer converged
[2026-02-15 19:18:29] [INFO] 
--- Auto-removed 1 indicator(s) across 1 iteration(s) ---
[2026-02-15 19:18:29] [INFO]   Iter 1: TP.TP3 (Loading=0.379)
[2026-02-15 19:18:29] [INFO] 
--- Final Indicator Counts ---
[2026-02-15 19:18:29] [INFO]   COM [formative]: 9/9
[2026-02-15 19:18:29] [INFO]   PS [reflective]: 5/5
[2026-02-15 19:18:29] [INFO]   MO [formative]: 5/5
[2026-02-15 19:18:29] [INFO]   TP [reflective]: 3/4 (removed 1)
[2026-02-15 19:18:29] [INFO]   IT [reflective]: 4/4
[2026-02-15 19:18:29] [INFO]   CEV [reflective]: 5/5
[2026-02-15 19:18:29] [INFO]   CG [formative]: 9/9
[2026-02-15 19:18:29] [INFO]   ETH [formative]: 4/4
[2026-02-15 19:18:29] [INFO]   TC [formative]: 6/6
[2026-02-15 19:18:29] [INFO]   AJ [reflective]: 3/3
[2026-02-15 19:18:29] [INFO]   AQ [formative]: 6/6
[2026-02-15 19:18:29] [INFO] 
--- Re-exporting descriptive stats (final-model indicators only) ---
[2026-02-15 19:18:29] [INFO]   Descriptive stats updated: 59 indicators (removed: TP3)
[2026-02-15 19:18:29] [INFO]   Correlation matrix updated: 59x59
[2026-02-15 19:18:29] [INFO] 
Bootstrapping (5000 samples)...
[2026-02-15 19:19:33] [INFO] Bootstrap complete
[2026-02-15 19:19:34] [INFO] 
[2026-02-15 19:19:34] [INFO] >>> Step 6: Reflective Measurement Model Assessment (CCA Mode A)
[2026-02-15 19:19:34] [INFO] --------------------------------------------------
[2026-02-15 19:19:35] [INFO] --- 6.1. Outer Loadings (Indicator Reliability) ---
[2026-02-15 19:19:35] [INFO] INDICATOR [ PS1 ]: KEEP — Loading 0.857 >= 0.708
[2026-02-15 19:19:35] [INFO] INDICATOR [ PS2 ]: KEEP — Loading 0.848 >= 0.708
[2026-02-15 19:19:35] [INFO] INDICATOR [ PS3 ]: KEEP — Loading 0.917 >= 0.708
[2026-02-15 19:19:35] [INFO] INDICATOR [ PS4 ]: KEEP — Loading 0.850 >= 0.708
[2026-02-15 19:19:35] [INFO] INDICATOR [ PS5 ]: KEEP — Loading 0.889 >= 0.708
[2026-02-15 19:19:35] [INFO] INDICATOR [ TP1 ]: KEEP — Loading 0.784 >= 0.708
[2026-02-15 19:19:35] [INFO] INDICATOR [ TP2 ]: REVIEW — Loading 0.561 in [0.40, 0.708] — review if removing improves CR/AVE
[2026-02-15 19:19:35] [INFO] INDICATOR [ TP4 ]: KEEP — Loading 0.933 >= 0.708
[2026-02-15 19:19:35] [INFO] INDICATOR [ IT1 ]: KEEP — Loading 0.920 >= 0.708
[2026-02-15 19:19:35] [INFO] INDICATOR [ IT2 ]: KEEP — Loading 0.916 >= 0.708
[2026-02-15 19:19:35] [INFO] INDICATOR [ IT3 ]: KEEP — Loading 0.869 >= 0.708
[2026-02-15 19:19:35] [INFO] INDICATOR [ IT4 ]: KEEP — Loading 0.733 >= 0.708
[2026-02-15 19:19:35] [INFO] INDICATOR [ CEV1 ]: KEEP — Loading 0.807 >= 0.708
[2026-02-15 19:19:35] [INFO] INDICATOR [ CEV2 ]: KEEP — Loading 0.916 >= 0.708
[2026-02-15 19:19:35] [INFO] INDICATOR [ CEV3 ]: KEEP — Loading 0.859 >= 0.708
[2026-02-15 19:19:35] [INFO] INDICATOR [ CEV4 ]: KEEP — Loading 0.868 >= 0.708
[2026-02-15 19:19:35] [INFO] INDICATOR [ CEV5 ]: KEEP — Loading 0.801 >= 0.708
[2026-02-15 19:19:35] [INFO] INDICATOR [ AJ1 ]: KEEP — Loading 0.845 >= 0.708
[2026-02-15 19:19:35] [INFO] INDICATOR [ AJ2 ]: KEEP — Loading 0.887 >= 0.708
[2026-02-15 19:19:35] [INFO] INDICATOR [ AJ3 ]: KEEP — Loading 0.911 >= 0.708
[2026-02-15 19:19:35] [INFO] --- 6.2. Internal Consistency Reliability ---
[2026-02-15 19:19:35] [INFO]   PS: Alpha=0.941, rho_A=0.942, CR=0.941, AVE=0.762
[2026-02-15 19:19:35] [INFO]   TP: Alpha=0.807, rho_A=0.851, CR=0.812, AVE=0.600
[2026-02-15 19:19:35] [INFO]   IT: Alpha=0.919, rho_A=0.927, CR=0.920, AVE=0.745
[2026-02-15 19:19:35] [INFO]   CEV: Alpha=0.929, rho_A=0.931, CR=0.929, AVE=0.725
[2026-02-15 19:19:35] [INFO]   AJ: Alpha=0.912, rho_A=0.913, CR=0.912, AVE=0.777
[2026-02-15 19:19:35] [INFO] --- 6.3. Discriminant Validity (HTMT) ---
[2026-02-15 19:19:35] [INFO] HTMT reflective-only matrix saved (5 constructs: PS, TP, IT, CEV, AJ)
[2026-02-15 19:19:35] [INFO] HTMT full matrix (11x11) saved as htmt_matrix_full.csv (info only for formative pairs)
[2026-02-15 19:19:35] [INFO]   HTMT(PS, COM) = 0.893 (formative pair — info only)
[2026-02-15 19:19:35] [INFO]   HTMT(AQ, AJ) = 0.868 (formative pair — info only)
[2026-02-15 19:19:35] [INFO]   HTMT(AQ, ETH) = 0.862 (formative pair — info only)
[2026-02-15 19:19:35] [INFO] HTMT max (reflective pairs): 0.753
[2026-02-15 19:19:35] [INFO] HTMT max (all pairs): 0.893
[2026-02-15 19:19:35] [INFO] HTMT bootstrap CI saved
[2026-02-15 19:19:35] [GATE] ✅ GATE [ Reflective Measurement ]: PASS
[2026-02-15 19:19:35] [GATE]   Details: Reliability OK: TRUE, HTMT OK: TRUE
[2026-02-15 19:19:35] [INFO] 
[2026-02-15 19:19:35] [INFO] >>> Step 7: Formative/Composite Measurement Assessment (CCA Mode B)
[2026-02-15 19:19:35] [INFO] --------------------------------------------------
[2026-02-15 19:19:36] [INFO] --- 7.1. Outer VIF (Indicator Collinearity) ---
[2026-02-15 19:19:36] [INFO]   COM → COM1: VIF = 3.363 [CAUTION]
[2026-02-15 19:19:36] [INFO]   COM → COM2: VIF = 3.381 [CAUTION]
[2026-02-15 19:19:36] [INFO]   COM → COM3: VIF = 3.080 [CAUTION]
[2026-02-15 19:19:36] [INFO]   COM → COM4: VIF = 1.930 [OK]
[2026-02-15 19:19:36] [INFO]   COM → COM5: VIF = 2.484 [OK]
[2026-02-15 19:19:36] [INFO]   COM → COM6: VIF = 2.152 [OK]
[2026-02-15 19:19:36] [INFO]   COM → COM7: VIF = 2.368 [OK]
[2026-02-15 19:19:36] [INFO]   COM → COM8: VIF = 2.621 [OK]
[2026-02-15 19:19:36] [INFO]   COM → COM9: VIF = 2.395 [OK]
[2026-02-15 19:19:36] [INFO]   MO → MO1: VIF = 2.522 [OK]
[2026-02-15 19:19:36] [INFO]   MO → MO2: VIF = 2.487 [OK]
[2026-02-15 19:19:36] [INFO]   MO → MO3: VIF = 1.669 [OK]
[2026-02-15 19:19:36] [INFO]   MO → MO4: VIF = 1.908 [OK]
[2026-02-15 19:19:36] [INFO]   MO → MO5: VIF = 1.536 [OK]
[2026-02-15 19:19:36] [INFO]   CG → CG1: VIF = 2.483 [OK]
[2026-02-15 19:19:36] [INFO]   CG → CG2: VIF = 2.421 [OK]
[2026-02-15 19:19:36] [INFO]   CG → CG3: VIF = 2.520 [OK]
[2026-02-15 19:19:36] [INFO]   CG → CG4: VIF = 2.764 [OK]
[2026-02-15 19:19:36] [INFO]   CG → CG5: VIF = 2.882 [OK]
[2026-02-15 19:19:36] [INFO]   CG → CG6: VIF = 1.737 [OK]
[2026-02-15 19:19:36] [INFO]   CG → CG7: VIF = 2.898 [OK]
[2026-02-15 19:19:36] [INFO]   CG → CG8: VIF = 3.333 [CAUTION]
[2026-02-15 19:19:36] [INFO]   CG → CG9: VIF = 3.250 [CAUTION]
[2026-02-15 19:19:36] [INFO]   ETH → ETH1: VIF = 3.594 [CAUTION]
[2026-02-15 19:19:36] [INFO]   ETH → ETH2: VIF = 4.107 [CAUTION]
[2026-02-15 19:19:36] [INFO]   ETH → ETH3: VIF = 4.872 [CAUTION]
[2026-02-15 19:19:36] [INFO]   ETH → ETH4: VIF = 3.838 [CAUTION]
[2026-02-15 19:19:36] [INFO]   TC → TC1: VIF = 1.898 [OK]
[2026-02-15 19:19:36] [INFO]   TC → TC2: VIF = 2.451 [OK]
[2026-02-15 19:19:36] [INFO]   TC → TC3: VIF = 2.621 [OK]
[2026-02-15 19:19:36] [INFO]   TC → TC4: VIF = 4.053 [CAUTION]
[2026-02-15 19:19:36] [INFO]   TC → TC5: VIF = 4.789 [CAUTION]
[2026-02-15 19:19:36] [INFO]   TC → TC6: VIF = 3.991 [CAUTION]
[2026-02-15 19:19:36] [INFO]   AQ → AQ1: VIF = 2.803 [OK]
[2026-02-15 19:19:36] [INFO]   AQ → AQ2: VIF = 2.532 [OK]
[2026-02-15 19:19:36] [INFO]   AQ → AQ3: VIF = 3.020 [CAUTION]
[2026-02-15 19:19:36] [INFO]   AQ → AQ4: VIF = 3.317 [CAUTION]
[2026-02-15 19:19:36] [INFO]   AQ → AQ5: VIF = 2.809 [OK]
[2026-02-15 19:19:36] [INFO]   AQ → AQ6: VIF = 2.294 [OK]
[2026-02-15 19:19:36] [INFO] --- 7.2. Outer Weights (Bootstrap) ---
[2026-02-15 19:19:36] [INFO] INDICATOR [ COM1 ]: KEEP — Weight significant (CI[0.041,0.413] excl. 0, t=2.563, p=0.0168)
[2026-02-15 19:19:36] [INFO] INDICATOR [ COM2 ]: KEEP (content) — Weight ns (CI includes 0, t=-0.047, p=0.9636) but loading=0.794 >= 0.50; content important
[2026-02-15 19:19:36] [INFO] INDICATOR [ COM3 ]: KEEP — Weight significant (CI[0.015,0.390] excl. 0, t=2.332, p=0.0352)
[2026-02-15 19:19:36] [INFO] INDICATOR [ COM4 ]: KEEP (content) — Weight ns (CI includes 0, t=1.908, p=0.0608) but loading=0.724 >= 0.50; content important
[2026-02-15 19:19:36] [INFO] INDICATOR [ COM5 ]: KEEP (content) — Weight ns (CI includes 0, t=0.454, p=0.6260) but loading=0.762 >= 0.50; content important
[2026-02-15 19:19:36] [INFO] INDICATOR [ COM6 ]: REVIEW — Weight ns (t=-1.327), loading=0.498 < 0.50 — check content validity
[2026-02-15 19:19:37] [INFO] INDICATOR [ COM7 ]: KEEP — Weight significant (CI[0.022,0.354] excl. 0, t=2.230, p=0.0264)
[2026-02-15 19:19:37] [INFO] INDICATOR [ COM8 ]: KEEP — Weight significant (CI[0.038,0.412] excl. 0, t=2.283, p=0.0172)
[2026-02-15 19:19:37] [INFO] INDICATOR [ COM9 ]: KEEP — Weight significant (CI[0.096,0.424] excl. 0, t=3.113, p=0.0016)
[2026-02-15 19:19:37] [INFO] INDICATOR [ MO1 ]: KEEP (content) — Weight ns (CI includes 0, t=1.345, p=0.1748) but loading=0.785 >= 0.50; content important
[2026-02-15 19:19:37] [INFO] INDICATOR [ MO2 ]: KEEP — Weight significant (CI[0.117,0.546] excl. 0, t=3.167, p=0.0044)
[2026-02-15 19:19:37] [INFO] INDICATOR [ MO3 ]: KEEP — Weight significant (CI[0.100,0.523] excl. 0, t=2.862, p=0.0060)
[2026-02-15 19:19:37] [INFO] INDICATOR [ MO4 ]: KEEP (content) — Weight ns (CI includes 0, t=1.593, p=0.1060) but loading=0.770 >= 0.50; content important
[2026-02-15 19:19:37] [INFO] INDICATOR [ MO5 ]: KEEP — Weight significant (CI[0.109,0.472] excl. 0, t=3.194, p=0.0016)
[2026-02-15 19:19:37] [INFO] INDICATOR [ CG1 ]: KEEP (content) — Weight ns (CI includes 0, t=-0.485, p=0.6316) but loading=0.647 >= 0.50; content important
[2026-02-15 19:19:37] [INFO] INDICATOR [ CG2 ]: KEEP (content) — Weight ns (CI includes 0, t=-0.379, p=0.7336) but loading=0.642 >= 0.50; content important
[2026-02-15 19:19:37] [INFO] INDICATOR [ CG3 ]: KEEP — Weight significant (CI[0.133,0.516] excl. 0, t=3.401, p=0.0048)
[2026-02-15 19:19:37] [INFO] INDICATOR [ CG4 ]: KEEP (content) — Weight ns (CI includes 0, t=1.148, p=0.2456) but loading=0.732 >= 0.50; content important
[2026-02-15 19:19:37] [INFO] INDICATOR [ CG5 ]: KEEP (content) — Weight ns (CI includes 0, t=0.026, p=0.9740) but loading=0.725 >= 0.50; content important
[2026-02-15 19:19:37] [INFO] INDICATOR [ CG6 ]: KEEP (content) — Weight ns (CI includes 0, t=0.558, p=0.5556) but loading=0.596 >= 0.50; content important
[2026-02-15 19:19:37] [INFO] INDICATOR [ CG7 ]: KEEP — Weight significant (CI[0.096,0.593] excl. 0, t=2.734, p=0.0060)
[2026-02-15 19:19:37] [INFO] INDICATOR [ CG8 ]: KEEP (content) — Weight ns (CI includes 0, t=0.166, p=0.8392) but loading=0.828 >= 0.50; content important
[2026-02-15 19:19:37] [INFO] INDICATOR [ CG9 ]: KEEP — Weight significant (CI[0.096,0.621] excl. 0, t=2.750, p=0.0092)
[2026-02-15 19:19:37] [INFO] INDICATOR [ ETH1 ]: KEEP — Weight significant (CI[0.081,0.327] excl. 0, t=3.227, p=<0.001)
[2026-02-15 19:19:37] [INFO] INDICATOR [ ETH2 ]: KEEP — Weight significant (CI[0.153,0.428] excl. 0, t=4.287, p=<0.001)
[2026-02-15 19:19:37] [INFO] INDICATOR [ ETH3 ]: KEEP — Weight significant (CI[0.085,0.399] excl. 0, t=2.946, p=0.0032)
[2026-02-15 19:19:37] [INFO] INDICATOR [ ETH4 ]: KEEP — Weight significant (CI[0.213,0.465] excl. 0, t=5.360, p=<0.001)
[2026-02-15 19:19:37] [INFO] INDICATOR [ TC1 ]: KEEP — Weight significant (CI[0.408,0.844] excl. 0, t=5.795, p=<0.001)
[2026-02-15 19:19:37] [INFO] INDICATOR [ TC2 ]: KEEP (content) — Weight ns (CI includes 0, t=-1.241, p=0.2332) but loading=0.662 >= 0.50; content important
[2026-02-15 19:19:37] [INFO] INDICATOR [ TC3 ]: KEEP — Weight significant (CI[0.252,0.787] excl. 0, t=3.976, p=0.0012)
[2026-02-15 19:19:37] [INFO] INDICATOR [ TC4 ]: KEEP (content) — Weight ns (CI includes 0, t=-0.470, p=0.5800) but loading=0.668 >= 0.50; content important
[2026-02-15 19:19:37] [INFO] INDICATOR [ TC5 ]: KEEP (content) — Weight ns (CI includes 0, t=0.762, p=0.4136) but loading=0.718 >= 0.50; content important
[2026-02-15 19:19:37] [INFO] INDICATOR [ TC6 ]: KEEP (content) — Weight ns (CI includes 0, t=0.151, p=0.8616) but loading=0.640 >= 0.50; content important
[2026-02-15 19:19:37] [INFO] INDICATOR [ AQ1 ]: KEEP — Weight significant (CI[0.156,0.379] excl. 0, t=4.673, p=<0.001)
[2026-02-15 19:19:37] [INFO] INDICATOR [ AQ2 ]: KEEP (content) — Weight ns (CI includes 0, t=0.537, p=0.5676) but loading=0.760 >= 0.50; content important
[2026-02-15 19:19:37] [INFO] INDICATOR [ AQ3 ]: KEEP (content) — Weight ns (CI includes 0, t=1.218, p=0.1856) but loading=0.826 >= 0.50; content important
[2026-02-15 19:19:37] [INFO] INDICATOR [ AQ4 ]: KEEP — Weight significant (CI[0.271,0.544] excl. 0, t=6.013, p=<0.001)
[2026-02-15 19:19:37] [INFO] INDICATOR [ AQ5 ]: KEEP — Weight significant (CI[0.163,0.411] excl. 0, t=4.542, p=<0.001)
[2026-02-15 19:19:37] [INFO] INDICATOR [ AQ6 ]: KEEP (content) — Weight ns (CI includes 0, t=0.991, p=0.3020) but loading=0.745 >= 0.50; content important
[2026-02-15 19:19:37] [INFO] 
--- 1 Formative Indicator(s) Flagged for Thesis Discussion ---
[2026-02-15 19:19:37] [INFO]   COM.COM6: weight ns, loading=0.498 < 0.50
[2026-02-15 19:19:37] [INFO]     Retain ONLY with strong content/face validity argument
[2026-02-15 19:19:37] [INFO]     Check: item wording, reverse-coded?, low variance?, content overlap?
[2026-02-15 19:19:37] [INFO]   Hair et al. (2022): weight ns + loading >= 0.50 -> keep (content);
[2026-02-15 19:19:37] [INFO]   loading < 0.50 -> requires explicit justification in dissertation.
[2026-02-15 19:19:37] [INFO] --- 7.3. Nomological Validity ---
[2026-02-15 19:19:37] [INFO] No global single items available — redundancy analysis not feasible
[2026-02-15 19:19:37] [INFO] Assessing nomological validity via path relationships...
[2026-02-15 19:19:37] [INFO]   COM relates to: AJ
[2026-02-15 19:19:37] [INFO]   MO relates to: AJ
[2026-02-15 19:19:37] [INFO]   CG relates to: AJ
[2026-02-15 19:19:37] [INFO]   ETH relates to: AQ
[2026-02-15 19:19:37] [INFO]   TC relates to: AQ
[2026-02-15 19:19:37] [INFO]   AQ relates to: AJ, TC, ETH
[2026-02-15 19:19:37] [GATE] ✅ GATE [ Formative Measurement ]: PASS
[2026-02-15 19:19:37] [GATE]   Details: VIF OK: TRUE, max VIF: 4.872
[2026-02-15 19:19:37] [INFO] 
[2026-02-15 19:19:37] [INFO] >>> Step 8: Higher-Order Construct Assessment
[2026-02-15 19:19:37] [INFO] --------------------------------------------------
[2026-02-15 19:19:37] [INFO] No higher-order constructs specified — skipping Step 8
[2026-02-15 19:19:37] [GATE] ✅ GATE [ HOC Assessment ]: PASS
[2026-02-15 19:19:37] [GATE]   Details: N/A — no HOC in model
[2026-02-15 19:19:37] [INFO] 
[2026-02-15 19:19:37] [INFO] === MEASUREMENT MODEL GATE: PASS ✅ ===
[2026-02-15 19:19:37] [INFO] 
===== PHASE 3: STRUCTURAL MODEL & HYPOTHESES =====
[2026-02-15 19:19:37] [INFO] 
[2026-02-15 19:19:37] [INFO] >>> Step 9: Structural Model — In-sample Explanatory Power
[2026-02-15 19:19:37] [INFO] --------------------------------------------------
[2026-02-15 19:19:38] [INFO] --- 9.1. Inner VIF ---
[2026-02-15 19:19:38] [INFO]   Inner VIF range: [1.422, 4.315]
[2026-02-15 19:19:38] [INFO]     AJ: COM=4.32, PS=3.99, MO=2.04, TP=1.42, IT=2.08, CEV=2.73, CG=2.31
[2026-02-15 19:19:38] [INFO]     AQ: AJ=2.80, TC=1.42, ETH=2.32
[2026-02-15 19:19:38] [INFO] --- 9.2. Path Coefficients ---
[2026-02-15 19:19:38] [INFO]   COM  ->  AJ: beta=0.159, 95% CI[0.027, 0.355]* (p_boot=0.0228) [MISMATCH]
[2026-02-15 19:19:38] [INFO]   PS  ->  AJ: beta=0.249, 95% CI[0.060, 0.410]* (p_boot=0.0048)
[2026-02-15 19:19:38] [INFO]   MO  ->  AJ: beta=0.020, 95% CI[-0.064, 0.119] (p_boot=0.5852)
[2026-02-15 19:19:38] [INFO]   TP  ->  AJ: beta=0.146, 95% CI[0.046, 0.247]* (p_boot=0.0056)
[2026-02-15 19:19:38] [INFO]   IT  ->  AJ: beta=0.124, 95% CI[-0.015, 0.245] (p_boot=0.0772)
[2026-02-15 19:19:38] [INFO]   CEV  ->  AJ: beta=0.153, 95% CI[-0.015, 0.282] (p_boot=0.0744) [MISMATCH]
[2026-02-15 19:19:38] [INFO]   CG  ->  AJ: beta=0.160, 95% CI[0.073, 0.282]* (p_boot=<0.001)
[2026-02-15 19:19:38] [INFO]   AJ  ->  AQ: beta=0.486, 95% CI[0.358, 0.616]* (p_boot=<0.001)
[2026-02-15 19:19:38] [INFO]   TC  ->  AQ: beta=0.019, 95% CI[-0.039, 0.095] (p_boot=0.4016)
[2026-02-15 19:19:38] [INFO]   ETH  ->  AQ: beta=0.444, 95% CI[0.316, 0.561]* (p_boot=<0.001)
[2026-02-15 19:19:38] [INFO] --- 9.3. R-squared ---
[2026-02-15 19:19:38] [INFO]   R²(AJ) = 0.700, Adj.R² = 0.695
[2026-02-15 19:19:38] [INFO]   R²(AQ) = 0.790, Adj.R² = 0.788
[2026-02-15 19:19:38] [INFO] --- 9.4. Effect Size (f²) ---
[2026-02-15 19:19:38] [INFO]   f²(COM→AJ) = 0.017 [None]
[2026-02-15 19:19:38] [INFO]   f²(PS→AJ) = 0.041 [Small]
[2026-02-15 19:19:38] [INFO]   f²(MO→AJ) = 0.001 [None]
[2026-02-15 19:19:38] [INFO]   f²(TP→AJ) = 0.045 [Small]
[2026-02-15 19:19:38] [INFO]   f²(IT→AJ) = 0.022 [Small]
[2026-02-15 19:19:38] [INFO]   f²(CEV→AJ) = 0.024 [Small]
[2026-02-15 19:19:38] [INFO]   f²(CG→AJ) = 0.036 [Small]
[2026-02-15 19:19:38] [INFO]   f²(AJ→AQ) = 0.327 [Medium]
[2026-02-15 19:19:38] [INFO]   f²(TC→AQ) = 0.002 [None]
[2026-02-15 19:19:38] [INFO]   f²(ETH→AQ) = 0.323 [Medium]
[2026-02-15 19:19:38] [INFO] --- 9.5. SRMR (Reference) ---
[2026-02-15 19:19:38] [GATE] ✅ GATE [ Structural In-sample ]: PASS
[2026-02-15 19:19:38] [GATE]   Details: Inner VIF OK: TRUE
[2026-02-15 19:19:38] [INFO] 
[2026-02-15 19:19:38] [INFO] >>> Step 10: PLSpredict — Out-of-sample Predictive Power
[2026-02-15 19:19:38] [INFO] --------------------------------------------------
[2026-02-15 19:19:38] [INFO] PLSpredict: k=10 folds, 10 repetitions
[2026-02-15 19:19:53] [INFO]   AJ1: Q²=0.087, RMSE(PLS=0.526 vs LM=0.550) ✓, MAE(PLS=0.423 vs LM=0.434) ✓
[2026-02-15 19:19:53] [INFO]   AJ2: Q²=0.109, RMSE(PLS=0.519 vs LM=0.549) ✓, MAE(PLS=0.406 vs LM=0.424) ✓
[2026-02-15 19:19:53] [INFO]   AJ3: Q²=0.112, RMSE(PLS=0.471 vs LM=0.500) ✓, MAE(PLS=0.372 vs LM=0.386) ✓
[2026-02-15 19:19:53] [INFO]   AQ1: Q²=0.049, RMSE(PLS=0.470 vs LM=0.482) ✓, MAE(PLS=0.335 vs LM=0.346) ✓
[2026-02-15 19:19:53] [INFO]   AQ2: Q²=0.043, RMSE(PLS=0.609 vs LM=0.622) ✓, MAE(PLS=0.425 vs LM=0.434) ✓
[2026-02-15 19:19:53] [INFO]   AQ3: Q²=0.001, RMSE(PLS=0.509 vs LM=0.510) ✓, MAE(PLS=0.357 vs LM=0.353) ✗
[2026-02-15 19:19:53] [INFO]   AQ4: Q²=0.029, RMSE(PLS=0.425 vs LM=0.431) ✓, MAE(PLS=0.282 vs LM=0.299) ✓
[2026-02-15 19:19:53] [INFO]   AQ5: Q²=0.019, RMSE(PLS=0.488 vs LM=0.492) ✓, MAE(PLS=0.317 vs LM=0.326) ✓
[2026-02-15 19:19:53] [INFO]   AQ6: Q²=0.039, RMSE(PLS=0.610 vs LM=0.622) ✓, MAE(PLS=0.472 vs LM=0.483) ✓
[2026-02-15 19:19:53] [INFO] 
Predictive power classification: HIGH
[2026-02-15 19:19:53] [INFO]   PLS better RMSE: 9/9, MAE: 8/9
[2026-02-15 19:19:53] [GATE] ✅ GATE [ PLSpredict ]: PASS
[2026-02-15 19:19:53] [GATE]   Details: Q²_predict > 0 for 9/9 indicators, level: HIGH
[2026-02-15 19:19:53] [INFO] 
[2026-02-15 19:19:53] [INFO] >>> Step 11a: Mediation Analysis (Nitzl et al. 2016)
[2026-02-15 19:19:53] [INFO] --------------------------------------------------
[2026-02-15 19:19:53] [INFO] Mediator: AJ, Outcome: AQ
[2026-02-15 19:19:53] [INFO] Antecedents: COM, PS, MO, TP, IT, CEV, CG
[2026-02-15 19:19:53] [INFO] Decision rule: CI-based (95% percentile CI excludes 0)
[2026-02-15 19:19:53] [INFO] Bootstrap: 5000 resamples, seed=18
[2026-02-15 19:19:53] [INFO] --- 11a.1. Building saturated structural model ---
[2026-02-15 19:19:53] [INFO] Adding direct paths: COM -> AQ, PS -> AQ, MO -> AQ, TP -> AQ, IT -> AQ, CEV -> AQ, CG -> AQ
[2026-02-15 19:19:53] [INFO] --- 11a.2. Estimating saturated PLS + bootstrap ---
[2026-02-15 19:19:53] [INFO] Saturated PLS model estimated successfully
[2026-02-15 19:19:53] [INFO] Bootstrapping (5000 samples, seed=18)...
[2026-02-15 19:21:09] [INFO] Saturated bootstrap complete
[2026-02-15 19:21:09] [INFO] --- 11a.3. Validating saturated model paths ---
[2026-02-15 19:21:09] [INFO]   All a, b, c' paths validated in saturated model
[2026-02-15 19:21:09] [INFO] --- 11a.4. Mediation Classification ---
[2026-02-15 19:21:09] [INFO] Testing: COM -> AJ -> AQ
[2026-02-15 19:21:09] [INFO]   a (COM->AJ): 0.1490, CI[0.0032, 0.3424]
[2026-02-15 19:21:09] [INFO]   b (AJ->AQ): 0.4169, CI[0.2686, 0.5669]
[2026-02-15 19:21:09] [INFO]   c' (COM->AQ): 0.1184, CI[0.0089, 0.2438]* (p_boot=0.0368)
[2026-02-15 19:21:09] [INFO]   Indirect a*b: 0.0621, CI[0.0010, 0.1582]* (p_boot=0.0456)
[2026-02-15 19:21:09] [INFO]   Total: 0.1806, CI[0.0644, 0.3278]
[2026-02-15 19:21:09] [INFO]   VAF: 34.4% (descriptive only)
[2026-02-15 19:21:09] [INFO]   => Complementary partial mediation
[2026-02-15 19:21:09] [INFO]   Note: CI vs t/p mismatch for indirect; CI used for decision. 
[2026-02-15 19:21:09] [INFO] 
[2026-02-15 19:21:09] [INFO] Testing: PS -> AJ -> AQ
[2026-02-15 19:21:09] [INFO]   a (PS->AJ): 0.2577, CI[0.0733, 0.4282]
[2026-02-15 19:21:09] [INFO]   b (AJ->AQ): 0.4169, CI[0.2686, 0.5669]
[2026-02-15 19:21:09] [INFO]   c' (PS->AQ): -0.0061, CI[-0.1302, 0.1173] (p_boot=0.9304)
[2026-02-15 19:21:09] [INFO]   Indirect a*b: 0.1074, CI[0.0294, 0.1876]* (p_boot=0.0040)
[2026-02-15 19:21:09] [INFO]   Total: 0.1014, CI[-0.0383, 0.2305]
[2026-02-15 19:21:09] [INFO]   VAF: 106.0% (descriptive only)
[2026-02-15 19:21:09] [INFO]   => Indirect-only (full mediation)
[2026-02-15 19:21:09] [INFO] 
[2026-02-15 19:21:09] [INFO] Testing: MO -> AJ -> AQ
[2026-02-15 19:21:09] [INFO]   a (MO->AJ): 0.0249, CI[-0.0620, 0.1236]
[2026-02-15 19:21:09] [INFO]   b (AJ->AQ): 0.4169, CI[0.2686, 0.5669]
[2026-02-15 19:21:09] [INFO]   c' (MO->AQ): -0.0214, CI[-0.0854, 0.0473] (p_boot=0.5656)
[2026-02-15 19:21:09] [INFO]   Indirect a*b: 0.0104, CI[-0.0264, 0.0518] (p_boot=0.5416)
[2026-02-15 19:21:09] [INFO]   Total: -0.0110, CI[-0.0778, 0.0672]
[2026-02-15 19:21:09] [INFO]   => No-effect
[2026-02-15 19:21:09] [INFO] 
[2026-02-15 19:21:09] [INFO] Testing: TP -> AJ -> AQ
[2026-02-15 19:21:09] [INFO]   a (TP->AJ): 0.1480, CI[0.0485, 0.2501]
[2026-02-15 19:21:09] [INFO]   b (AJ->AQ): 0.4169, CI[0.2686, 0.5669]
[2026-02-15 19:21:09] [INFO]   c' (TP->AQ): -0.0385, CI[-0.1058, 0.0274] (p_boot=0.2488)
[2026-02-15 19:21:09] [INFO]   Indirect a*b: 0.0617, CI[0.0187, 0.1124]* (p_boot=0.0048)
[2026-02-15 19:21:09] [INFO]   Total: 0.0232, CI[-0.0502, 0.0973]
[2026-02-15 19:21:09] [INFO]   VAF: 265.6% (descriptive only)
[2026-02-15 19:21:09] [INFO]   => Indirect-only (full mediation)
[2026-02-15 19:21:09] [INFO] 
[2026-02-15 19:21:09] [INFO] Testing: IT -> AJ -> AQ
[2026-02-15 19:21:09] [INFO]   a (IT->AJ): 0.1280, CI[-0.0098, 0.2508]
[2026-02-15 19:21:09] [INFO]   b (AJ->AQ): 0.4169, CI[0.2686, 0.5669]
[2026-02-15 19:21:09] [INFO]   c' (IT->AQ): 0.0007, CI[-0.0898, 0.0911] (p_boot=0.9872)
[2026-02-15 19:21:09] [INFO]   Indirect a*b: 0.0534, CI[-0.0039, 0.1133] (p_boot=0.0672)
[2026-02-15 19:21:09] [INFO]   Total: 0.0541, CI[-0.0489, 0.1511]
[2026-02-15 19:21:09] [INFO]   VAF: 98.7% (descriptive only)
[2026-02-15 19:21:09] [INFO]   => No-effect
[2026-02-15 19:21:09] [INFO] 
[2026-02-15 19:21:09] [INFO] Testing: CEV -> AJ -> AQ
[2026-02-15 19:21:09] [INFO]   a (CEV->AJ): 0.1565, CI[-0.0132, 0.2891]
[2026-02-15 19:21:09] [INFO]   b (AJ->AQ): 0.4169, CI[0.2686, 0.5669]
[2026-02-15 19:21:09] [INFO]   c' (CEV->AQ): 0.1475, CI[0.0281, 0.2653]* (p_boot=0.0140)
[2026-02-15 19:21:09] [INFO]   Indirect a*b: 0.0652, CI[-0.0054, 0.1301] (p_boot=0.0740)
[2026-02-15 19:21:09] [INFO]   Total: 0.2128, CI[0.0791, 0.3303]
[2026-02-15 19:21:09] [INFO]   VAF: 30.7% (descriptive only)
[2026-02-15 19:21:09] [INFO]   => Direct-only (no mediation)
[2026-02-15 19:21:09] [INFO] 
[2026-02-15 19:21:09] [INFO] Testing: CG -> AJ -> AQ
[2026-02-15 19:21:09] [INFO]   a (CG->AJ): 0.1438, CI[0.0479, 0.2628]
[2026-02-15 19:21:09] [INFO]   b (AJ->AQ): 0.4169, CI[0.2686, 0.5669]
[2026-02-15 19:21:09] [INFO]   c' (CG->AQ): 0.0522, CI[-0.0265, 0.1415] (p_boot=0.1864)
[2026-02-15 19:21:09] [INFO]   Indirect a*b: 0.0599, CI[0.0192, 0.1188]* (p_boot=0.0024)
[2026-02-15 19:21:09] [INFO]   Total: 0.1122, CI[0.0328, 0.2106]
[2026-02-15 19:21:09] [INFO]   VAF: 53.4% (descriptive only)
[2026-02-15 19:21:09] [INFO]   => Indirect-only (full mediation)
[2026-02-15 19:21:09] [INFO] 
[2026-02-15 19:21:09] [INFO] Mediation results exported:
[2026-02-15 19:21:09] [INFO]   08_complex/mediation/specific_indirect_effects.csv (full)
[2026-02-15 19:21:09] [INFO]   08_complex/mediation/mediation_classification.csv (summary)
[2026-02-15 19:21:09] [INFO]   10_report/mediation_classification_saturated.csv (thesis-ready)
[2026-02-15 19:21:09] [INFO] 
[2026-02-15 19:21:09] [INFO] Methodology notes:
[2026-02-15 19:21:09] [INFO]   - Saturated model: 7 direct paths added to base model
[2026-02-15 19:21:09] [INFO]   - Indirect effect inference: bootstrap product a_boot[i]*b_boot[i]
[2026-02-15 19:21:09] [INFO]   - CI method: percentile (2.5%, 97.5%)
[2026-02-15 19:21:09] [INFO]   - Primary significance rule: CI excludes 0
[2026-02-15 19:21:09] [INFO]   - Classification: Nitzl et al. (2016) / Zhao et al. (2010)
[2026-02-15 19:21:09] [INFO]   - Reproducibility: seed=18, B=5000
[2026-02-15 19:21:09] [INFO] 
[2026-02-15 19:21:09] [INFO] >>> Step 11b: Moderation Analysis
[2026-02-15 19:21:09] [INFO] --------------------------------------------------
[2026-02-15 19:21:09] [INFO] Building moderation model with 2 interaction(s)...
[2026-02-15 19:21:09] [INFO]   Pre-flight checks PASSED
[2026-02-15 19:21:09] [INFO] --- Strategy A: SEMinR native interaction_term ---
[2026-02-15 19:21:09] [INFO]   [Native] Trying method: two_stage
[2026-02-15 19:21:09] [WARN]     Failed (two_stage): missing value where TRUE/FALSE needed
[2026-02-15 19:21:09] [INFO]   [Native] Trying method: orthogonal
[2026-02-15 19:21:09] [WARN]     Failed (orthogonal): missing value where TRUE/FALSE needed
[2026-02-15 19:21:09] [INFO]   [Native] Trying method: product_indicator
[2026-02-15 19:21:09] [WARN]     Failed (product_indicator): missing value where TRUE/FALSE needed
[2026-02-15 19:21:09] [INFO] --- Strategy B: Manual two-stage approach ---
[2026-02-15 19:21:09] [INFO]   SEMinR interaction_term fails with mixed reflective IV + formative moderator. Using manual two-stage: scores from base model -> interaction terms -> re-estimate.
[2026-02-15 19:21:09] [INFO]   [Manual two-stage] Stage 1: Estimating base model for construct scores...
[2026-02-15 19:21:09] [INFO]     Stage 1 complete: 11 construct scores extracted
[2026-02-15 19:21:09] [INFO]   [Manual two-stage] Stage 2: Creating interaction terms from scores...
[2026-02-15 19:21:09] [INFO]     Created: AJ*TC (N=400, M=0.542, SD=1.931)
[2026-02-15 19:21:09] [INFO]     Created: AJ*ETH (N=400, M=0.751, SD=3.021)
[2026-02-15 19:21:09] [INFO]     Stage 2 PLS model estimated successfully
[2026-02-15 19:21:09] [INFO]     Bootstrapping stage 2 (5000 samples)...
[2026-02-15 19:21:20] [INFO]     Bootstrap complete
[2026-02-15 19:21:20] [INFO] 
--- Extracting results (method: manual_two_stage) ---
[2026-02-15 19:21:20] [INFO] 
--- Result: AJ * TC → AQ ---
[2026-02-15 19:21:20] [INFO]   IV direct  (AJ→AQ): beta=0.393, t=7.949
[2026-02-15 19:21:20] [INFO]   Mod direct (TC→AQ): beta=0.046, t=1.515
[2026-02-15 19:21:20] [INFO]   Interaction (AJ*TC→AQ): beta=0.052, t=2.014, 95% CI[-0.009,0.098] (percentile bootstrap) not significant [MISMATCH]
