[2026-02-15 08:45:53] [INFO] ========================================
[2026-02-15 08:45:53] [INFO] CCA-SEM Pipeline — Log started
[2026-02-15 08:45:53] [INFO] Time: 2026-02-15 08:45:53.148361
[2026-02-15 08:45:53] [INFO] R version: R version 4.4.3 (2025-02-28 ucrt)
[2026-02-15 08:45:53] [INFO] ========================================
[2026-02-15 08:45:53] [INFO] Stage: MAIN
[2026-02-15 08:45:53] [INFO] Exclude pilot IDs from: 10_report/pilot/pilot_ids.csv
[2026-02-15 08:45:53] [INFO] Project: PLS-SEM Dissertation Analysis — Audit Quality (Khung CCA)
[2026-02-15 08:45:53] [INFO] Config: config/main.yml
[2026-02-15 08:45:53] [INFO] Seed: 18
[2026-02-15 08:45:53] [INFO] Bootstrap: 5000
[2026-02-15 08:45:53] [INFO] Constructs: 11
[2026-02-15 08:45:53] [INFO]   Reflective: 5
[2026-02-15 08:45:53] [INFO]   Formative: 6
[2026-02-15 08:45:53] [INFO] Structural paths: 10
[2026-02-15 08:45:53] [INFO] Output dir: 10_report/main
[2026-02-15 08:45:53] [INFO] Config snapshot saved: 10_report/main/config_snapshot_main.yml
[2026-02-15 08:45:53] [INFO] Session info saved: 10_report/main/session_info.txt
[2026-02-15 08:45:53] [INFO] Inference policy loaded: primary=ci_excludes_zero, alpha=0.05, CI=percentile 95% two-tailed
[2026-02-15 08:45:53] [INFO] Instrument lock loaded: 10_report/pilot/instrument_locked.json
[2026-02-15 08:45:53] [INFO]   Lock timestamp: 2026-02-14T23:20:42
[2026-02-15 08:45:53] [INFO]   COM [formative]: 9 indicators (locked)
[2026-02-15 08:45:53] [INFO]   PS [reflective]: 5 indicators (locked)
[2026-02-15 08:45:53] [INFO]   MO [formative]: 5 indicators (locked)
[2026-02-15 08:45:53] [INFO]   TP [reflective]: 4 indicators (locked)
[2026-02-15 08:45:53] [INFO]   IT [reflective]: 4 indicators (locked)
[2026-02-15 08:45:53] [INFO]   CEV [reflective]: 5 indicators (locked)
[2026-02-15 08:45:53] [INFO]   CG [formative]: 9 indicators (locked)
[2026-02-15 08:45:53] [INFO]   ETH [formative]: 4 indicators (locked)
[2026-02-15 08:45:53] [INFO]   TC [formative]: 6 indicators (locked)
[2026-02-15 08:45:53] [INFO]   AJ [reflective]: 3 indicators (locked)
[2026-02-15 08:45:53] [INFO]   AQ [formative]: 6 indicators (locked)
[2026-02-15 08:45:53] [INFO] Instrument FROZEN — using locked indicators from pilot
[2026-02-15 08:45:53] [INFO] 
===== PHASE 1: DATA PREPARATION =====
[2026-02-15 08:45:53] [INFO] 
[2026-02-15 08:45:53] [INFO] >>> Step 1: Import & Technical Validation
[2026-02-15 08:45:53] [INFO] --------------------------------------------------
[2026-02-15 08:45:53] [INFO] Raw data: 466 rows x 68 cols
[2026-02-15 08:45:53] [INFO] Raw snapshot saved: 01_raw/raw_data.rds
[2026-02-15 08:45:53] [WARN] Flagged 33 potential duplicates (same response pattern)
[2026-02-15 08:45:53] [INFO] After tech validation: 466 rows x 69 cols
[2026-02-15 08:45:53] [GATE] ✅ GATE [ Tech Validation ]: PASS
[2026-02-15 08:45:53] [GATE]   Details: All expected columns present
[2026-02-15 08:45:53] [INFO] Pilot ID exclusion: 466 -> 432 rows (excluded 34 pilot respondents from 10_report/pilot/pilot_ids.csv)
[2026-02-15 08:45:53] [INFO] 
[2026-02-15 08:45:53] [INFO] >>> Step 2: Behavioral Quality Control
[2026-02-15 08:45:53] [INFO] --------------------------------------------------
[2026-02-15 08:45:53] [INFO] Straight-lining flagged (Global SD=0): 32 (7.4%)
[2026-02-15 08:45:53] [INFO] Longstring threshold (auto, P95): 60
[2026-02-15 08:45:53] [INFO] Long-string flagged: 32 (7.4%)
[2026-02-15 08:45:53] [WARN] Time values appear to be epoch timestamps (median=1763476708). Converting to durations from earliest response.
[2026-02-15 08:45:53] [WARN] Epoch-derived durations are not true completion times — speeding check SKIPPED
[2026-02-15 08:45:53] [INFO] Speeding flagged: 0 (skipped — no valid duration column)
[2026-02-15 08:45:53] [INFO] Low IRV flagged: 32 (threshold: 0.000)
[2026-02-15 08:45:53] [INFO] Total flagged for removal: 32 (7.4%)
[2026-02-15 08:45:53] [INFO] Screening funnel plot saved
[2026-02-15 08:45:53] [INFO] After QC screening: 400 rows (removed 32)
[2026-02-15 08:45:53] [GATE] ✅ GATE [ Behavioral QC ]: PASS
[2026-02-15 08:45:53] [GATE]   Details: N=400, minimum required=90
[2026-02-15 08:45:53] [INFO] 
[2026-02-15 08:45:53] [INFO] >>> Step 3: Missing Data Handling
[2026-02-15 08:45:53] [INFO] --------------------------------------------------
[2026-02-15 08:45:53] [INFO] Variable-level missing: min=0.0%, max=0.0%, median=0.0%
[2026-02-15 08:45:53] [INFO] No observations exceed missing threshold
[2026-02-15 08:45:53] [INFO] Imputed 0 values using 'mean' method
[2026-02-15 08:45:53] [INFO] Assumption: MCAR
[2026-02-15 08:45:53] [INFO] Final dataset: 400 rows x 60 indicator columns
[2026-02-15 08:45:53] [GATE] ✅ GATE [ Missing Data ]: PASS
[2026-02-15 08:45:53] [GATE]   Details: Remaining NA: 0, method: mean
[2026-02-15 08:45:53] [INFO] 
[2026-02-15 08:45:53] [INFO] >>> Step 4: Descriptive Statistics & Plausibility Checks
[2026-02-15 08:45:53] [INFO] --------------------------------------------------
[2026-02-15 08:45:54] [INFO] Descriptive stats: 60 variables computed
[2026-02-15 08:45:54] [WARN] Extreme skewness (|>2|): COM1, COM9, PS2, PS3, PS4, PS5, ETH1, ETH2, ETH4
[2026-02-15 08:45:54] [WARN] Extreme kurtosis (|>7|): COM1, PS3, ETH1, ETH2
[2026-02-15 08:45:54] [INFO] --- 4b.1. Demographic Profile (Table 1) ---
[2026-02-15 08:45:54] [INFO]   Giới tính: 2 categories, N=400
[2026-02-15 08:45:54] [INFO]   Bằng cấp: 2 categories, N=400
[2026-02-15 08:45:54] [INFO]   Chứng chỉ hành nghề: 2 categories, N=400
[2026-02-15 08:45:54] [INFO]   Kinh nghiệm: 5 categories, N=400
[2026-02-15 08:45:54] [INFO]   Vị trí: 4 categories, N=400
[2026-02-15 08:45:54] [INFO]   Saved: 04_descriptives/demographic_profile.csv (15 rows)
[2026-02-15 08:45:54] [INFO] Sample demographics: 5 variables summarized
[2026-02-15 08:45:56] [INFO] Distribution plots saved: 04_descriptives/distribution_plots.pdf
[2026-02-15 08:45:56] [GATE] ✅ GATE [ Descriptives ]: PASS
[2026-02-15 08:45:56] [GATE]   Details: PASS with warnings — skew/kurtosis anomalies
[2026-02-15 08:45:56] [INFO] Descriptives complete — data cleared for modeling (warnings noted)
[2026-02-15 08:45:56] [INFO] --- 4b.2. Dummy / Ordinal Coding ---
[2026-02-15 08:45:56] [INFO]   [DUMMY] Gen -> Gen_Dummy: 400 mapped, 0 unmapped
[2026-02-15 08:45:56] [INFO]   [ORDINAL] Exp -> Exp_Ord: 400 mapped (1..5), 0 unmapped
[2026-02-15 08:45:56] [INFO]   [ORDINAL] Pos -> Pos_Ord: 400 mapped (1..4), 0 unmapped
[2026-02-15 08:45:56] [INFO]   [REGEX_DUMMY] Cert -> Edu_PostGrad: pattern='Sau đại học', match=55, no_match=345
[2026-02-15 08:45:56] [INFO]   [REGEX_DUMMY] Cert -> CPA_Dummy: pattern='Chứng chỉ Kiểm toán viên|CPA', match=169, no_match=231
[2026-02-15 08:45:56] [INFO] 
Control variable coding complete: 5 variable(s) coded
[2026-02-15 08:45:56] [INFO] 
--- New Coded Columns Summary ---
[2026-02-15 08:45:56] [INFO]   Gen_Dummy: N=400, range=[0, 1], M=0.49, SD=0.50
[2026-02-15 08:45:56] [INFO]   Exp_Ord: N=400, range=[1, 5], M=2.34, SD=1.35
[2026-02-15 08:45:56] [INFO]   Pos_Ord: N=400, range=[1, 4], M=2.11, SD=1.11
[2026-02-15 08:45:56] [INFO]   Edu_PostGrad: N=400, range=[0, 1], M=0.14, SD=0.34
[2026-02-15 08:45:56] [INFO]   CPA_Dummy: N=400, range=[0, 1], M=0.42, SD=0.49
[2026-02-15 08:45:56] [INFO] 
Phase 1 complete — Analysis-ready dataset: 400 rows, 73 cols
[2026-02-15 08:45:56] [INFO] 
--- Injecting Control Variables into PLS-SEM Model ---
[2026-02-15 08:45:56] [INFO]   Control columns found in data: Gen_Dummy, Exp_Ord, Pos_Ord, Edu_PostGrad, CPA_Dummy
[2026-02-15 08:45:56] [INFO]   Endogenous DVs: AJ, AQ
[2026-02-15 08:45:56] [INFO]   + Construct: Gen_Dummy [single_item] -> AJ, AQ
[2026-02-15 08:45:56] [INFO]   + Construct: Exp_Ord [single_item] -> AJ, AQ
[2026-02-15 08:45:56] [INFO]   + Construct: Pos_Ord [single_item] -> AJ, AQ
[2026-02-15 08:45:56] [INFO]   + Construct: Edu_PostGrad [single_item] -> AJ, AQ
[2026-02-15 08:45:56] [INFO]   + Construct: CPA_Dummy [single_item] -> AJ, AQ
[2026-02-15 08:45:56] [INFO]   Injected: 5 control constructs, 10 control paths
[2026-02-15 08:45:56] [INFO] 
--- Pre-PLS Feasibility Check ---
[2026-02-15 08:45:56] [INFO] Pre-PLS feasibility: PASS — no data singularity issues detected
[2026-02-15 08:45:56] [INFO] 
===== PHASE 2: CMV & MEASUREMENT MODEL =====
[2026-02-15 08:45:56] [INFO] 
[2026-02-15 08:45:56] [INFO] >>> Step 5: CMV/CMB Assessment
[2026-02-15 08:45:56] [INFO] --------------------------------------------------
[2026-02-15 08:45:56] [INFO] Procedural remedies applied during survey design:
  - Anonymity emphasized in instructions
  - Academic purpose clearly stated
  - Standardized, clear question wording
  - Varied item ordering to reduce cognitive load
  - Pilot-tested for clarity and completion time
  - Consistent Likert scale format
[2026-02-15 08:45:56] [INFO] Running Full Collinearity VIF Assessment...
[2026-02-15 08:45:56] [WARN] Full collinearity VIF failed: You cannot define a single item construct as mode B
[2026-02-15 08:45:56] [INFO] Running Harman's single-factor test (reference only)...
[2026-02-15 08:45:56] [INFO] Harman's single-factor test (REFERENCE ONLY):
  First component explains: 41.5% of variance
  Conclusion: OK — <50%
  NOTE: This is a supplementary reference, NOT a primary CMV test.
[2026-02-15 08:45:56] [INFO] Marker variable: NOT available in survey design (limitation noted)
[2026-02-15 08:45:56] [GATE] ❌ GATE [ CMV/CMB ]: FAIL
[2026-02-15 08:45:56] [GATE]   Details: Full collinearity test could not be computed
[2026-02-15 08:45:56] [INFO] Using instrument-locked indicators from pilot as starting point
[2026-02-15 08:45:56] [INFO] 
--- Measurement Model Optimizer ---
[2026-02-15 08:45:56] [INFO] Strategy: auto-remove reflective indicators with loading < 0.40
[2026-02-15 08:45:56] [INFO] Max iterations: 3
[2026-02-15 08:45:56] [INFO] 
--- Optimizer Iteration 1/3 ---
[2026-02-15 08:45:56] [INFO] PLS model estimated successfully
[2026-02-15 08:45:58] [INFO]   [AUTO-FIX] Removing indicator TP3 (Loading = 0.379 < 0.40). Re-estimating...
[2026-02-15 08:45:58] [INFO] 
--- Optimizer Iteration 2/3 ---
[2026-02-15 08:45:58] [INFO] PLS model estimated successfully
[2026-02-15 08:45:59] [INFO] All reflective loadings >= 0.40 — optimizer converged
[2026-02-15 08:45:59] [INFO] 
--- Auto-removed 1 indicator(s) across 1 iteration(s) ---
[2026-02-15 08:45:59] [INFO]   Iter 1: TP.TP3 (Loading=0.379)
[2026-02-15 08:45:59] [INFO] 
--- Final Indicator Counts ---
[2026-02-15 08:45:59] [INFO]   COM [formative]: 9/9
[2026-02-15 08:45:59] [INFO]   PS [reflective]: 5/5
[2026-02-15 08:45:59] [INFO]   MO [formative]: 5/5
[2026-02-15 08:45:59] [INFO]   TP [reflective]: 3/4 (removed 1)
[2026-02-15 08:45:59] [INFO]   IT [reflective]: 4/4
[2026-02-15 08:45:59] [INFO]   CEV [reflective]: 5/5
[2026-02-15 08:45:59] [INFO]   CG [formative]: 9/9
[2026-02-15 08:45:59] [INFO]   ETH [formative]: 4/4
[2026-02-15 08:45:59] [INFO]   TC [formative]: 6/6
[2026-02-15 08:45:59] [INFO]   AJ [reflective]: 3/3
[2026-02-15 08:45:59] [INFO]   AQ [formative]: 6/6
[2026-02-15 08:45:59] [INFO]   Gen_Dummy [single_item]: 1/1
[2026-02-15 08:45:59] [INFO]   Exp_Ord [single_item]: 1/1
[2026-02-15 08:45:59] [INFO]   Pos_Ord [single_item]: 1/1
[2026-02-15 08:45:59] [INFO]   Edu_PostGrad [single_item]: 1/1
[2026-02-15 08:45:59] [INFO]   CPA_Dummy [single_item]: 1/1
[2026-02-15 08:45:59] [INFO] 
--- Re-exporting descriptive stats (final-model indicators only) ---
[2026-02-15 08:45:59] [INFO]   Descriptive stats updated: 64 indicators (removed: TP3)
[2026-02-15 08:45:59] [INFO]   Correlation matrix updated: 64x64
[2026-02-15 08:45:59] [INFO] 
Bootstrapping (5000 samples)...
[2026-02-15 08:47:40] [INFO] Bootstrap complete
[2026-02-15 08:47:41] [INFO] 
--- Control Paths Check ---
[2026-02-15 08:47:41] [INFO]   Controls in model: Gen_Dummy, Exp_Ord, Pos_Ord, Edu_PostGrad, CPA_Dummy
[2026-02-15 08:47:41] [INFO]     Gen_Dummy -> AJ: OK (beta=-0.0130)
[2026-02-15 08:47:41] [INFO]     Gen_Dummy -> AQ: OK (beta=-0.0306)
[2026-02-15 08:47:41] [INFO]     Exp_Ord -> AJ: OK (beta=0.0670)
[2026-02-15 08:47:41] [INFO]     Exp_Ord -> AQ: OK (beta=0.0328)
[2026-02-15 08:47:41] [INFO]     Pos_Ord -> AJ: OK (beta=-0.0041)
[2026-02-15 08:47:41] [INFO]     Pos_Ord -> AQ: OK (beta=-0.0430)
[2026-02-15 08:47:41] [INFO]     Edu_PostGrad -> AJ: OK (beta=-0.0017)
[2026-02-15 08:47:41] [INFO]     Edu_PostGrad -> AQ: OK (beta=-0.0317)
[2026-02-15 08:47:41] [INFO]     CPA_Dummy -> AJ: OK (beta=-0.0567)
[2026-02-15 08:47:41] [INFO]     CPA_Dummy -> AQ: OK (beta=-0.0153)
[2026-02-15 08:47:42] [INFO]   Bootstrap: 5/5 controls have bootstrapped paths
[2026-02-15 08:47:42] [INFO]   Control Paths Check: COMPLETE
[2026-02-15 08:47:42] [INFO] 
[2026-02-15 08:47:42] [INFO] >>> Step 6: Reflective Measurement Model Assessment (CCA Mode A)
[2026-02-15 08:47:42] [INFO] --------------------------------------------------
[2026-02-15 08:47:44] [INFO] --- 6.1. Outer Loadings (Indicator Reliability) ---
[2026-02-15 08:47:44] [INFO] INDICATOR [ PS1 ]: KEEP — Loading 0.857 >= 0.708
[2026-02-15 08:47:44] [INFO] INDICATOR [ PS2 ]: KEEP — Loading 0.848 >= 0.708
[2026-02-15 08:47:44] [INFO] INDICATOR [ PS3 ]: KEEP — Loading 0.917 >= 0.708
[2026-02-15 08:47:44] [INFO] INDICATOR [ PS4 ]: KEEP — Loading 0.850 >= 0.708
[2026-02-15 08:47:44] [INFO] INDICATOR [ PS5 ]: KEEP — Loading 0.889 >= 0.708
[2026-02-15 08:47:44] [INFO] INDICATOR [ TP1 ]: KEEP — Loading 0.784 >= 0.708
[2026-02-15 08:47:44] [INFO] INDICATOR [ TP2 ]: REVIEW — Loading 0.561 in [0.40, 0.708] — review if removing improves CR/AVE
[2026-02-15 08:47:44] [INFO] INDICATOR [ TP4 ]: KEEP — Loading 0.933 >= 0.708
[2026-02-15 08:47:44] [INFO] INDICATOR [ IT1 ]: KEEP — Loading 0.920 >= 0.708
[2026-02-15 08:47:44] [INFO] INDICATOR [ IT2 ]: KEEP — Loading 0.916 >= 0.708
[2026-02-15 08:47:44] [INFO] INDICATOR [ IT3 ]: KEEP — Loading 0.869 >= 0.708
[2026-02-15 08:47:44] [INFO] INDICATOR [ IT4 ]: KEEP — Loading 0.733 >= 0.708
[2026-02-15 08:47:44] [INFO] INDICATOR [ CEV1 ]: KEEP — Loading 0.807 >= 0.708
[2026-02-15 08:47:44] [INFO] INDICATOR [ CEV2 ]: KEEP — Loading 0.916 >= 0.708
[2026-02-15 08:47:44] [INFO] INDICATOR [ CEV3 ]: KEEP — Loading 0.859 >= 0.708
[2026-02-15 08:47:44] [INFO] INDICATOR [ CEV4 ]: KEEP — Loading 0.868 >= 0.708
[2026-02-15 08:47:44] [INFO] INDICATOR [ CEV5 ]: KEEP — Loading 0.801 >= 0.708
[2026-02-15 08:47:44] [INFO] INDICATOR [ AJ1 ]: KEEP — Loading 0.845 >= 0.708
[2026-02-15 08:47:44] [INFO] INDICATOR [ AJ2 ]: KEEP — Loading 0.887 >= 0.708
[2026-02-15 08:47:44] [INFO] INDICATOR [ AJ3 ]: KEEP — Loading 0.911 >= 0.708
[2026-02-15 08:47:44] [INFO] --- 6.2. Internal Consistency Reliability ---
[2026-02-15 08:47:44] [INFO]   PS: Alpha=0.941, rho_A=0.942, CR=0.941, AVE=0.762
[2026-02-15 08:47:44] [INFO]   TP: Alpha=0.807, rho_A=0.851, CR=0.812, AVE=0.600
[2026-02-15 08:47:44] [INFO]   IT: Alpha=0.919, rho_A=0.927, CR=0.920, AVE=0.745
[2026-02-15 08:47:44] [INFO]   CEV: Alpha=0.929, rho_A=0.931, CR=0.929, AVE=0.725
[2026-02-15 08:47:44] [INFO]   AJ: Alpha=0.912, rho_A=0.914, CR=0.912, AVE=0.777
[2026-02-15 08:47:44] [INFO] --- 6.3. Discriminant Validity (HTMT) ---
[2026-02-15 08:47:44] [INFO] HTMT reflective-only matrix saved (5 constructs: PS, TP, IT, CEV, AJ)
[2026-02-15 08:47:44] [INFO] HTMT full matrix (11x11) saved as htmt_matrix_full.csv (info only for formative pairs)
[2026-02-15 08:47:44] [INFO]   HTMT(PS, COM) = 0.893 (formative pair — info only)
[2026-02-15 08:47:44] [INFO]   HTMT(AQ, AJ) = 0.868 (formative pair — info only)
[2026-02-15 08:47:44] [INFO]   HTMT(AQ, ETH) = 0.862 (formative pair — info only)
[2026-02-15 08:47:44] [INFO] HTMT max (reflective pairs): 0.753
[2026-02-15 08:47:44] [INFO] HTMT max (all pairs): 0.893
[2026-02-15 08:47:44] [INFO] HTMT bootstrap CI saved
[2026-02-15 08:47:44] [GATE] ✅ GATE [ Reflective Measurement ]: PASS
[2026-02-15 08:47:44] [GATE]   Details: Reliability OK: TRUE, HTMT OK: TRUE
[2026-02-15 08:47:45] [INFO] 
[2026-02-15 08:47:45] [INFO] >>> Step 7: Formative/Composite Measurement Assessment (CCA Mode B)
[2026-02-15 08:47:45] [INFO] --------------------------------------------------
[2026-02-15 08:47:47] [INFO] --- 7.1. Outer VIF (Indicator Collinearity) ---
[2026-02-15 08:47:47] [INFO]   COM → COM1: VIF = 3.363 [CAUTION]
[2026-02-15 08:47:47] [INFO]   COM → COM2: VIF = 3.381 [CAUTION]
[2026-02-15 08:47:47] [INFO]   COM → COM3: VIF = 3.080 [CAUTION]
[2026-02-15 08:47:47] [INFO]   COM → COM4: VIF = 1.930 [OK]
[2026-02-15 08:47:47] [INFO]   COM → COM5: VIF = 2.484 [OK]
[2026-02-15 08:47:47] [INFO]   COM → COM6: VIF = 2.152 [OK]
[2026-02-15 08:47:47] [INFO]   COM → COM7: VIF = 2.368 [OK]
[2026-02-15 08:47:47] [INFO]   COM → COM8: VIF = 2.621 [OK]
[2026-02-15 08:47:47] [INFO]   COM → COM9: VIF = 2.395 [OK]
[2026-02-15 08:47:47] [INFO]   MO → MO1: VIF = 2.522 [OK]
[2026-02-15 08:47:47] [INFO]   MO → MO2: VIF = 2.487 [OK]
[2026-02-15 08:47:47] [INFO]   MO → MO3: VIF = 1.669 [OK]
[2026-02-15 08:47:47] [INFO]   MO → MO4: VIF = 1.908 [OK]
[2026-02-15 08:47:47] [INFO]   MO → MO5: VIF = 1.536 [OK]
[2026-02-15 08:47:47] [INFO]   CG → CG1: VIF = 2.483 [OK]
[2026-02-15 08:47:47] [INFO]   CG → CG2: VIF = 2.421 [OK]
[2026-02-15 08:47:47] [INFO]   CG → CG3: VIF = 2.520 [OK]
[2026-02-15 08:47:47] [INFO]   CG → CG4: VIF = 2.764 [OK]
[2026-02-15 08:47:47] [INFO]   CG → CG5: VIF = 2.882 [OK]
[2026-02-15 08:47:47] [INFO]   CG → CG6: VIF = 1.737 [OK]
[2026-02-15 08:47:47] [INFO]   CG → CG7: VIF = 2.898 [OK]
[2026-02-15 08:47:47] [INFO]   CG → CG8: VIF = 3.333 [CAUTION]
[2026-02-15 08:47:47] [INFO]   CG → CG9: VIF = 3.250 [CAUTION]
[2026-02-15 08:47:47] [INFO]   ETH → ETH1: VIF = 3.594 [CAUTION]
[2026-02-15 08:47:47] [INFO]   ETH → ETH2: VIF = 4.107 [CAUTION]
[2026-02-15 08:47:47] [INFO]   ETH → ETH3: VIF = 4.872 [CAUTION]
[2026-02-15 08:47:47] [INFO]   ETH → ETH4: VIF = 3.838 [CAUTION]
[2026-02-15 08:47:47] [INFO]   TC → TC1: VIF = 1.898 [OK]
[2026-02-15 08:47:47] [INFO]   TC → TC2: VIF = 2.451 [OK]
[2026-02-15 08:47:47] [INFO]   TC → TC3: VIF = 2.621 [OK]
[2026-02-15 08:47:47] [INFO]   TC → TC4: VIF = 4.053 [CAUTION]
[2026-02-15 08:47:47] [INFO]   TC → TC5: VIF = 4.789 [CAUTION]
[2026-02-15 08:47:47] [INFO]   TC → TC6: VIF = 3.991 [CAUTION]
[2026-02-15 08:47:47] [INFO]   AQ → AQ1: VIF = 2.803 [OK]
[2026-02-15 08:47:47] [INFO]   AQ → AQ2: VIF = 2.532 [OK]
[2026-02-15 08:47:47] [INFO]   AQ → AQ3: VIF = 3.020 [CAUTION]
[2026-02-15 08:47:47] [INFO]   AQ → AQ4: VIF = 3.317 [CAUTION]
[2026-02-15 08:47:47] [INFO]   AQ → AQ5: VIF = 2.809 [OK]
[2026-02-15 08:47:47] [INFO]   AQ → AQ6: VIF = 2.294 [OK]
[2026-02-15 08:47:47] [INFO] --- 7.2. Outer Weights (Bootstrap) ---
[2026-02-15 08:47:47] [INFO] INDICATOR [ COM1 ]: KEEP — Weight significant (CI[0.041,0.413] excl. 0, t=2.563, p=0.0168)
[2026-02-15 08:47:47] [INFO] INDICATOR [ COM2 ]: KEEP (content) — Weight ns (CI includes 0, t=-0.047, p=0.9636) but loading=0.794 >= 0.50; content important
[2026-02-15 08:47:47] [INFO] INDICATOR [ COM3 ]: KEEP — Weight significant (CI[0.015,0.390] excl. 0, t=2.332, p=0.0352)
[2026-02-15 08:47:47] [INFO] INDICATOR [ COM4 ]: KEEP (content) — Weight ns (CI includes 0, t=1.908, p=0.0608) but loading=0.724 >= 0.50; content important
[2026-02-15 08:47:47] [INFO] INDICATOR [ COM5 ]: KEEP (content) — Weight ns (CI includes 0, t=0.454, p=0.6260) but loading=0.762 >= 0.50; content important
[2026-02-15 08:47:47] [INFO] INDICATOR [ COM6 ]: REVIEW — Weight ns (t=-1.327), loading=0.498 < 0.50 — check content validity
[2026-02-15 08:47:47] [INFO] INDICATOR [ COM7 ]: KEEP — Weight significant (CI[0.021,0.354] excl. 0, t=2.229, p=0.0264)
[2026-02-15 08:47:47] [INFO] INDICATOR [ COM8 ]: KEEP — Weight significant (CI[0.038,0.412] excl. 0, t=2.283, p=0.0172)
[2026-02-15 08:47:47] [INFO] INDICATOR [ COM9 ]: KEEP — Weight significant (CI[0.096,0.424] excl. 0, t=3.113, p=0.0016)
[2026-02-15 08:47:47] [INFO] INDICATOR [ MO1 ]: KEEP (content) — Weight ns (CI includes 0, t=1.345, p=0.1748) but loading=0.785 >= 0.50; content important
[2026-02-15 08:47:47] [INFO] INDICATOR [ MO2 ]: KEEP — Weight significant (CI[0.117,0.546] excl. 0, t=3.167, p=0.0044)
[2026-02-15 08:47:47] [INFO] INDICATOR [ MO3 ]: KEEP — Weight significant (CI[0.100,0.523] excl. 0, t=2.862, p=0.0060)
[2026-02-15 08:47:47] [INFO] INDICATOR [ MO4 ]: KEEP (content) — Weight ns (CI includes 0, t=1.593, p=0.1060) but loading=0.770 >= 0.50; content important
[2026-02-15 08:47:47] [INFO] INDICATOR [ MO5 ]: KEEP — Weight significant (CI[0.110,0.472] excl. 0, t=3.194, p=0.0016)
[2026-02-15 08:47:47] [INFO] INDICATOR [ CG1 ]: KEEP (content) — Weight ns (CI includes 0, t=-0.485, p=0.6320) but loading=0.647 >= 0.50; content important
[2026-02-15 08:47:47] [INFO] INDICATOR [ CG2 ]: KEEP (content) — Weight ns (CI includes 0, t=-0.379, p=0.7332) but loading=0.642 >= 0.50; content important
[2026-02-15 08:47:47] [INFO] INDICATOR [ CG3 ]: KEEP — Weight significant (CI[0.133,0.516] excl. 0, t=3.401, p=0.0048)
[2026-02-15 08:47:47] [INFO] INDICATOR [ CG4 ]: KEEP (content) — Weight ns (CI includes 0, t=1.148, p=0.2460) but loading=0.732 >= 0.50; content important
[2026-02-15 08:47:47] [INFO] INDICATOR [ CG5 ]: KEEP (content) — Weight ns (CI includes 0, t=0.026, p=0.9740) but loading=0.725 >= 0.50; content important
[2026-02-15 08:47:47] [INFO] INDICATOR [ CG6 ]: KEEP (content) — Weight ns (CI includes 0, t=0.558, p=0.5560) but loading=0.596 >= 0.50; content important
[2026-02-15 08:47:47] [INFO] INDICATOR [ CG7 ]: KEEP — Weight significant (CI[0.096,0.593] excl. 0, t=2.734, p=0.0060)
[2026-02-15 08:47:47] [INFO] INDICATOR [ CG8 ]: KEEP (content) — Weight ns (CI includes 0, t=0.166, p=0.8400) but loading=0.828 >= 0.50; content important
[2026-02-15 08:47:47] [INFO] INDICATOR [ CG9 ]: KEEP — Weight significant (CI[0.096,0.621] excl. 0, t=2.750, p=0.0092)
[2026-02-15 08:47:47] [INFO] INDICATOR [ ETH1 ]: KEEP — Weight significant (CI[0.079,0.325] excl. 0, t=3.205, p=<0.001)
[2026-02-15 08:47:47] [INFO] INDICATOR [ ETH2 ]: KEEP — Weight significant (CI[0.154,0.431] excl. 0, t=4.277, p=<0.001)
[2026-02-15 08:47:47] [INFO] INDICATOR [ ETH3 ]: KEEP — Weight significant (CI[0.083,0.398] excl. 0, t=2.931, p=0.0040)
[2026-02-15 08:47:47] [INFO] INDICATOR [ ETH4 ]: KEEP — Weight significant (CI[0.212,0.466] excl. 0, t=5.361, p=<0.001)
[2026-02-15 08:47:47] [INFO] INDICATOR [ TC1 ]: KEEP — Weight significant (CI[0.410,0.846] excl. 0, t=5.804, p=<0.001)
[2026-02-15 08:47:47] [INFO] INDICATOR [ TC2 ]: KEEP (content) — Weight ns (CI includes 0, t=-1.256, p=0.2248) but loading=0.661 >= 0.50; content important
[2026-02-15 08:47:47] [INFO] INDICATOR [ TC3 ]: KEEP — Weight significant (CI[0.252,0.786] excl. 0, t=3.987, p=0.0012)
[2026-02-15 08:47:47] [INFO] INDICATOR [ TC4 ]: KEEP (content) — Weight ns (CI includes 0, t=-0.472, p=0.5884) but loading=0.667 >= 0.50; content important
[2026-02-15 08:47:47] [INFO] INDICATOR [ TC5 ]: KEEP (content) — Weight ns (CI includes 0, t=0.756, p=0.4192) but loading=0.718 >= 0.50; content important
[2026-02-15 08:47:47] [INFO] INDICATOR [ TC6 ]: KEEP (content) — Weight ns (CI includes 0, t=0.158, p=0.8548) but loading=0.640 >= 0.50; content important
[2026-02-15 08:47:47] [INFO] INDICATOR [ AQ1 ]: KEEP — Weight significant (CI[0.152,0.375] excl. 0, t=4.594, p=<0.001)
[2026-02-15 08:47:47] [INFO] INDICATOR [ AQ2 ]: KEEP (content) — Weight ns (CI includes 0, t=0.491, p=0.6024) but loading=0.760 >= 0.50; content important
[2026-02-15 08:47:47] [INFO] INDICATOR [ AQ3 ]: KEEP (content) — Weight ns (CI includes 0, t=1.333, p=0.1508) but loading=0.829 >= 0.50; content important
[2026-02-15 08:47:47] [INFO] INDICATOR [ AQ4 ]: KEEP — Weight significant (CI[0.272,0.544] excl. 0, t=6.002, p=<0.001)
[2026-02-15 08:47:47] [INFO] INDICATOR [ AQ5 ]: KEEP — Weight significant (CI[0.162,0.406] excl. 0, t=4.535, p=<0.001)
[2026-02-15 08:47:47] [INFO] INDICATOR [ AQ6 ]: KEEP (content) — Weight ns (CI includes 0, t=0.987, p=0.3072) but loading=0.746 >= 0.50; content important
[2026-02-15 08:47:47] [INFO] --- 7.3. Nomological Validity ---
[2026-02-15 08:47:47] [INFO] No global single items available — redundancy analysis not feasible
[2026-02-15 08:47:47] [INFO] Assessing nomological validity via path relationships...
[2026-02-15 08:47:47] [INFO]   COM relates to: AJ
[2026-02-15 08:47:47] [INFO]   MO relates to: AJ
[2026-02-15 08:47:47] [INFO]   CG relates to: AJ
[2026-02-15 08:47:47] [INFO]   ETH relates to: AQ
[2026-02-15 08:47:47] [INFO]   TC relates to: AQ
[2026-02-15 08:47:47] [INFO]   AQ relates to: AJ, TC, ETH, Gen_Dummy, Exp_Ord, Pos_Ord, Edu_PostGrad, CPA_Dummy
[2026-02-15 08:47:47] [GATE] ✅ GATE [ Formative Measurement ]: PASS
[2026-02-15 08:47:47] [GATE]   Details: VIF OK: TRUE, max VIF: 4.872
[2026-02-15 08:47:47] [INFO] 
[2026-02-15 08:47:47] [INFO] >>> Step 8: Higher-Order Construct Assessment
[2026-02-15 08:47:47] [INFO] --------------------------------------------------
[2026-02-15 08:47:47] [INFO] No higher-order constructs specified — skipping Step 8
[2026-02-15 08:47:47] [GATE] ✅ GATE [ HOC Assessment ]: PASS
[2026-02-15 08:47:47] [GATE]   Details: N/A — no HOC in model
[2026-02-15 08:47:47] [INFO] 
[2026-02-15 08:47:47] [INFO] === MEASUREMENT MODEL GATE: PASS ✅ ===
[2026-02-15 08:47:47] [INFO] 
===== PHASE 3: STRUCTURAL MODEL & HYPOTHESES =====
[2026-02-15 08:47:47] [INFO] 
[2026-02-15 08:47:47] [INFO] >>> Step 9: Structural Model — In-sample Explanatory Power
[2026-02-15 08:47:47] [INFO] --------------------------------------------------
[2026-02-15 08:47:49] [INFO] --- 9.1. Inner VIF ---
[2026-02-15 08:47:49] [INFO]   Inner VIF range: [1.090, 4.406]
[2026-02-15 08:47:49] [INFO]     AJ: COM=4.41, PS=4.11, MO=2.12, TP=1.47, IT=2.12, CEV=2.80, CG=2.34, Gen_Dummy=1.16, Exp_Ord=3.75, Pos_Ord=4.00, Edu_PostGrad=1.09, CPA_Dummy=1.87
[2026-02-15 08:47:49] [INFO]     AQ: AJ=2.81, TC=1.46, ETH=2.36, Gen_Dummy=1.13, Exp_Ord=3.65, Pos_Ord=3.90, Edu_PostGrad=1.09, CPA_Dummy=1.81
[2026-02-15 08:47:49] [INFO] --- 9.2. Path Coefficients ---
[2026-02-15 08:47:49] [INFO]   COM  ->  AJ: beta=0.166, t=1.956, CI[0.033, 0.360] * [MISMATCH]
[2026-02-15 08:47:49] [INFO]   PS  ->  AJ: beta=0.252, t=2.786, CI[0.064, 0.419] *
[2026-02-15 08:47:49] [INFO]   MO  ->  AJ: beta=0.030, t=0.622, CI[-0.054, 0.131] ns
[2026-02-15 08:47:49] [INFO]   TP  ->  AJ: beta=0.148, t=2.764, CI[0.043, 0.253] *
[2026-02-15 08:47:49] [INFO]   IT  ->  AJ: beta=0.117, t=1.788, CI[-0.023, 0.236] ns
[2026-02-15 08:47:49] [INFO]   CEV  ->  AJ: beta=0.142, t=1.897, CI[-0.021, 0.272] ns
[2026-02-15 08:47:49] [INFO]   CG  ->  AJ: beta=0.159, t=3.002, CI[0.072, 0.279] *
[2026-02-15 08:47:49] [INFO]   AJ  ->  AQ: beta=0.487, t=7.320, CI[0.360, 0.620] *
[2026-02-15 08:47:49] [INFO]   TC  ->  AQ: beta=0.024, t=0.695, CI[-0.036, 0.101] ns
[2026-02-15 08:47:49] [INFO]   ETH  ->  AQ: beta=0.437, t=6.943, CI[0.307, 0.555] *
[2026-02-15 08:47:49] [INFO]   --- Control paths ---
[2026-02-15 08:47:49] [INFO]   Gen_Dummy  ->  AJ: beta=-0.013, t=-0.393, CI[-0.082, 0.048] ns
[2026-02-15 08:47:49] [INFO]   Gen_Dummy  ->  AQ: beta=-0.031, t=-1.122, CI[-0.084, 0.023] ns
[2026-02-15 08:47:49] [INFO]   Exp_Ord  ->  AJ: beta=0.067, t=1.048, CI[-0.051, 0.203] ns
[2026-02-15 08:47:49] [INFO]   Exp_Ord  ->  AQ: beta=0.033, t=0.650, CI[-0.068, 0.129] ns
[2026-02-15 08:47:49] [INFO]   Pos_Ord  ->  AJ: beta=-0.004, t=-0.064, CI[-0.138, 0.109] ns
[2026-02-15 08:47:49] [INFO]   Pos_Ord  ->  AQ: beta=-0.043, t=-0.804, CI[-0.149, 0.063] ns
[2026-02-15 08:47:49] [INFO]   Edu_PostGrad  ->  AJ: beta=-0.002, t=-0.049, CI[-0.069, 0.068] ns
[2026-02-15 08:47:49] [INFO]   Edu_PostGrad  ->  AQ: beta=-0.032, t=-1.221, CI[-0.083, 0.018] ns
[2026-02-15 08:47:49] [INFO]   CPA_Dummy  ->  AJ: beta=-0.057, t=-1.337, CI[-0.137, 0.029] ns
[2026-02-15 08:47:49] [INFO]   CPA_Dummy  ->  AQ: beta=-0.015, t=-0.478, CI[-0.077, 0.048] ns
[2026-02-15 08:47:49] [INFO] --- 9.3. R-squared ---
[2026-02-15 08:47:49] [INFO]   R²(AJ) = 0.703, Adj.R² = 0.693
[2026-02-15 08:47:49] [INFO]   R²(AQ) = 0.794, Adj.R² = 0.790
[2026-02-15 08:47:49] [INFO] --- 9.4. Effect Size (f²) ---
[2026-02-15 08:47:49] [INFO]   f²(COM→AJ) = 0.018 [None]
[2026-02-15 08:47:49] [INFO]   f²(PS→AJ) = 0.041 [Small]
[2026-02-15 08:47:49] [INFO]   f²(MO→AJ) = 0.001 [None]
[2026-02-15 08:47:49] [INFO]   f²(TP→AJ) = 0.045 [Small]
[2026-02-15 08:47:49] [INFO]   f²(IT→AJ) = 0.020 [None]
[2026-02-15 08:47:49] [INFO]   f²(CEV→AJ) = 0.020 [Small]
[2026-02-15 08:47:49] [INFO]   f²(CG→AJ) = 0.035 [Small]
[2026-02-15 08:47:49] [INFO]   f²(AJ→AQ) = 0.334 [Medium]
[2026-02-15 08:47:49] [INFO]   f²(TC→AQ) = 0.003 [None]
[2026-02-15 08:47:49] [INFO]   f²(ETH→AQ) = 0.312 [Medium]
[2026-02-15 08:47:49] [INFO]   f²(Gen_Dummy→AJ) = 0.001 [None] [ctrl]
[2026-02-15 08:47:49] [INFO]   f²(Gen_Dummy→AQ) = 0.004 [None] [ctrl]
[2026-02-15 08:47:49] [INFO]   f²(Exp_Ord→AJ) = 0.004 [None] [ctrl]
[2026-02-15 08:47:49] [INFO]   f²(Exp_Ord→AQ) = 0.001 [None] [ctrl]
[2026-02-15 08:47:49] [INFO]   f²(Pos_Ord→AJ) = 0.000 [None] [ctrl]
[2026-02-15 08:47:49] [INFO]   f²(Pos_Ord→AQ) = 0.002 [None] [ctrl]
[2026-02-15 08:47:49] [INFO]   f²(Edu_PostGrad→AJ) = 0.000 [None] [ctrl]
[2026-02-15 08:47:49] [INFO]   f²(Edu_PostGrad→AQ) = 0.004 [None] [ctrl]
[2026-02-15 08:47:49] [INFO]   f²(CPA_Dummy→AJ) = 0.006 [None] [ctrl]
[2026-02-15 08:47:49] [INFO]   f²(CPA_Dummy→AQ) = 0.001 [None] [ctrl]
[2026-02-15 08:47:49] [INFO] --- 9.5. SRMR (Reference) ---
[2026-02-15 08:47:49] [GATE] ✅ GATE [ Structural In-sample ]: PASS
[2026-02-15 08:47:49] [GATE]   Details: Inner VIF OK: TRUE
[2026-02-15 08:47:49] [INFO] 
[2026-02-15 08:47:49] [INFO] >>> Step 10: PLSpredict — Out-of-sample Predictive Power
[2026-02-15 08:47:49] [INFO] --------------------------------------------------
[2026-02-15 08:47:49] [INFO] PLSpredict: k=10 folds, 10 repetitions
[2026-02-15 08:48:07] [INFO]   AJ1: Q²=0.102, RMSE(PLS=0.532 vs LM=0.562) ✓, MAE(PLS=0.429 vs LM=0.437) ✓
[2026-02-15 08:48:07] [INFO]   AJ2: Q²=0.114, RMSE(PLS=0.523 vs LM=0.556) ✓, MAE(PLS=0.411 vs LM=0.431) ✓
[2026-02-15 08:48:07] [INFO]   AJ3: Q²=0.118, RMSE(PLS=0.476 vs LM=0.507) ✓, MAE(PLS=0.378 vs LM=0.392) ✓
[2026-02-15 08:48:07] [INFO]   AQ1: Q²=0.061, RMSE(PLS=0.473 vs LM=0.488) ✓, MAE(PLS=0.339 vs LM=0.353) ✓
[2026-02-15 08:48:07] [INFO]   AQ2: Q²=0.051, RMSE(PLS=0.610 vs LM=0.626) ✓, MAE(PLS=0.425 vs LM=0.437) ✓
[2026-02-15 08:48:07] [INFO]   AQ3: Q²=-0.005, RMSE(PLS=0.509 vs LM=0.507) ✗, MAE(PLS=0.358 vs LM=0.361) ✓
[2026-02-15 08:48:07] [INFO]   AQ4: Q²=0.032, RMSE(PLS=0.426 vs LM=0.433) ✓, MAE(PLS=0.292 vs LM=0.305) ✓
[2026-02-15 08:48:07] [INFO]   AQ5: Q²=0.029, RMSE(PLS=0.490 vs LM=0.497) ✓, MAE(PLS=0.322 vs LM=0.336) ✓
[2026-02-15 08:48:07] [INFO]   AQ6: Q²=0.049, RMSE(PLS=0.611 vs LM=0.626) ✓, MAE(PLS=0.473 vs LM=0.485) ✓
[2026-02-15 08:48:07] [INFO] 
Predictive power classification: HIGH
[2026-02-15 08:48:07] [INFO]   PLS better RMSE: 8/9, MAE: 9/9
[2026-02-15 08:48:07] [GATE] ✅ GATE [ PLSpredict ]: PASS
[2026-02-15 08:48:07] [GATE]   Details: Q²_predict > 0 for 8/9 indicators, level: HIGH
[2026-02-15 08:48:07] [INFO] 
[2026-02-15 08:48:07] [INFO] >>> Step 11a: Mediation Analysis (Nitzl et al. 2016)
[2026-02-15 08:48:07] [INFO] --------------------------------------------------
[2026-02-15 08:48:07] [INFO] Mediator: AJ, Outcome: AQ
[2026-02-15 08:48:07] [INFO] Antecedents: COM, PS, MO, TP, IT, CEV, CG
[2026-02-15 08:48:07] [INFO] Decision rule: CI-based (95% percentile CI excludes 0)
[2026-02-15 08:48:07] [INFO] Bootstrap: 5000 resamples, seed=18
[2026-02-15 08:48:07] [INFO] --- 11a.1. Building saturated structural model ---
[2026-02-15 08:48:07] [INFO] Adding direct paths: COM -> AQ, PS -> AQ, MO -> AQ, TP -> AQ, IT -> AQ, CEV -> AQ, CG -> AQ
[2026-02-15 08:48:07] [INFO] --- 11a.2. Estimating saturated PLS + bootstrap ---
[2026-02-15 08:48:08] [INFO] Saturated PLS model estimated successfully
[2026-02-15 08:48:08] [INFO] Bootstrapping (5000 samples, seed=18)...
[2026-02-15 08:50:14] [INFO] Saturated bootstrap complete
[2026-02-15 08:50:14] [INFO] --- 11a.3. Validating saturated model paths ---
[2026-02-15 08:50:14] [INFO]   All a, b, c' paths validated in saturated model
[2026-02-15 08:50:14] [INFO] --- 11a.4. Mediation Classification ---
[2026-02-15 08:50:14] [INFO] Testing: COM -> AJ -> AQ
[2026-02-15 08:50:14] [INFO]   a (COM->AJ): 0.1555, CI[0.0074, 0.3479]
[2026-02-15 08:50:14] [INFO]   b (AJ->AQ): 0.4117, CI[0.2640, 0.5649]
[2026-02-15 08:50:14] [INFO]   c' (COM->AQ): 0.1177, t=1.976, p=0.0464, CI[0.0014, 0.2462], SIG
[2026-02-15 08:50:14] [INFO]   Indirect a*b: 0.0640, t=1.798, p=0.0432, CI[0.0021, 0.1623], SIG
[2026-02-15 08:50:14] [INFO]   Total: 0.1818, CI[0.0588, 0.3323]
[2026-02-15 08:50:14] [INFO]   VAF: 35.2% (descriptive only)
[2026-02-15 08:50:14] [INFO]   => Complementary partial mediation
[2026-02-15 08:50:14] [INFO]   Note: CI vs t/p mismatch for indirect; CI used for decision. 
[2026-02-15 08:50:14] [INFO] 
[2026-02-15 08:50:14] [INFO] Testing: PS -> AJ -> AQ
[2026-02-15 08:50:14] [INFO]   a (PS->AJ): 0.2613, CI[0.0774, 0.4335]
[2026-02-15 08:50:14] [INFO]   b (AJ->AQ): 0.4117, CI[0.2640, 0.5649]
[2026-02-15 08:50:14] [INFO]   c' (PS->AQ): 0.0069, t=0.097, p=0.9188, CI[-0.1213, 0.1360], ns
[2026-02-15 08:50:14] [INFO]   Indirect a*b: 0.1076, t=2.465, p=0.0032, CI[0.0299, 0.1898], SIG
[2026-02-15 08:50:14] [INFO]   Total: 0.1145, CI[-0.0344, 0.2521]
[2026-02-15 08:50:14] [INFO]   VAF: 94.0% (descriptive only)
[2026-02-15 08:50:14] [INFO]   => Indirect-only (full mediation)
[2026-02-15 08:50:14] [INFO] 
[2026-02-15 08:50:14] [INFO] Testing: MO -> AJ -> AQ
[2026-02-15 08:50:14] [INFO]   a (MO->AJ): 0.0347, CI[-0.0548, 0.1358]
[2026-02-15 08:50:14] [INFO]   b (AJ->AQ): 0.4117, CI[0.2640, 0.5649]
[2026-02-15 08:50:14] [INFO]   c' (MO->AQ): -0.0081, t=-0.183, p=0.8564, CI[-0.0753, 0.0629], ns
[2026-02-15 08:50:14] [INFO]   Indirect a*b: 0.0143, t=0.766, p=0.4224, CI[-0.0227, 0.0564], ns
[2026-02-15 08:50:14] [INFO]   Total: 0.0062, CI[-0.0632, 0.0837]
[2026-02-15 08:50:14] [INFO]   => No-effect
[2026-02-15 08:50:14] [INFO] 
[2026-02-15 08:50:14] [INFO] Testing: TP -> AJ -> AQ
[2026-02-15 08:50:14] [INFO]   a (TP->AJ): 0.1488, CI[0.0420, 0.2567]
[2026-02-15 08:50:14] [INFO]   b (AJ->AQ): 0.4117, CI[0.2640, 0.5649]
[2026-02-15 08:50:14] [INFO]   c' (TP->AQ): -0.0387, t=-1.122, p=0.2612, CI[-0.1072, 0.0287], ns
[2026-02-15 08:50:14] [INFO]   Indirect a*b: 0.0613, t=2.468, p=0.0056, CI[0.0167, 0.1137], SIG
[2026-02-15 08:50:14] [INFO]   Total: 0.0226, CI[-0.0505, 0.0996]
[2026-02-15 08:50:14] [INFO]   VAF: 271.1% (descriptive only)
[2026-02-15 08:50:14] [INFO]   => Indirect-only (full mediation)
[2026-02-15 08:50:14] [INFO] 
[2026-02-15 08:50:14] [INFO] Testing: IT -> AJ -> AQ
[2026-02-15 08:50:14] [INFO]   a (IT->AJ): 0.1216, CI[-0.0166, 0.2431]
[2026-02-15 08:50:14] [INFO]   b (AJ->AQ): 0.4117, CI[0.2640, 0.5649]
[2026-02-15 08:50:14] [INFO]   c' (IT->AQ): -0.0068, t=-0.148, p=0.8932, CI[-0.1014, 0.0857], ns
[2026-02-15 08:50:14] [INFO]   Indirect a*b: 0.0501, t=1.554, p=0.0956, CI[-0.0067, 0.1084], ns
[2026-02-15 08:50:14] [INFO]   Total: 0.0432, CI[-0.0597, 0.1396]
[2026-02-15 08:50:14] [INFO]   VAF: 115.8% (descriptive only)
[2026-02-15 08:50:14] [INFO]   => No-effect
[2026-02-15 08:50:14] [INFO] 
[2026-02-15 08:50:14] [INFO] Testing: CEV -> AJ -> AQ
[2026-02-15 08:50:14] [INFO]   a (CEV->AJ): 0.1450, CI[-0.0212, 0.2812]
[2026-02-15 08:50:14] [INFO]   b (AJ->AQ): 0.4117, CI[0.2640, 0.5649]
[2026-02-15 08:50:14] [INFO]   c' (CEV->AQ): 0.1461, t=2.343, p=0.0188, CI[0.0262, 0.2683], SIG
[2026-02-15 08:50:14] [INFO]   Indirect a*b: 0.0597, t=1.609, p=0.0936, CI[-0.0089, 0.1228], ns
[2026-02-15 08:50:14] [INFO]   Total: 0.2058, CI[0.0731, 0.3290]
[2026-02-15 08:50:14] [INFO]   VAF: 29.0% (descriptive only)
[2026-02-15 08:50:14] [INFO]   => Direct-only (no mediation)
[2026-02-15 08:50:14] [INFO] 
[2026-02-15 08:50:14] [INFO] Testing: CG -> AJ -> AQ
[2026-02-15 08:50:14] [INFO]   a (CG->AJ): 0.1424, CI[0.0469, 0.2621]
[2026-02-15 08:50:14] [INFO]   b (AJ->AQ): 0.4117, CI[0.2640, 0.5649]
[2026-02-15 08:50:14] [INFO]   c' (CG->AQ): 0.0514, t=1.237, p=0.2068, CI[-0.0316, 0.1427], ns
[2026-02-15 08:50:14] [INFO]   Indirect a*b: 0.0586, t=2.449, p=0.0020, CI[0.0184, 0.1170], SIG
[2026-02-15 08:50:14] [INFO]   Total: 0.1100, CI[0.0285, 0.2111]
[2026-02-15 08:50:14] [INFO]   VAF: 53.3% (descriptive only)
[2026-02-15 08:50:14] [INFO]   => Indirect-only (full mediation)
[2026-02-15 08:50:14] [INFO] 
[2026-02-15 08:50:14] [INFO] Mediation results exported:
[2026-02-15 08:50:14] [INFO]   08_complex/mediation/specific_indirect_effects.csv (full)
[2026-02-15 08:50:14] [INFO]   08_complex/mediation/mediation_classification.csv (summary)
[2026-02-15 08:50:14] [INFO]   10_report/mediation_classification_saturated.csv (thesis-ready)
[2026-02-15 08:50:14] [INFO] 
[2026-02-15 08:50:14] [INFO] Methodology notes:
[2026-02-15 08:50:14] [INFO]   - Saturated model: 7 direct paths added to base model
[2026-02-15 08:50:14] [INFO]   - Indirect effect inference: bootstrap product a_boot[i]*b_boot[i]
[2026-02-15 08:50:14] [INFO]   - CI method: percentile (2.5%, 97.5%)
[2026-02-15 08:50:14] [INFO]   - Primary significance rule: CI excludes 0
[2026-02-15 08:50:14] [INFO]   - Classification: Nitzl et al. (2016) / Zhao et al. (2010)
[2026-02-15 08:50:14] [INFO]   - Reproducibility: seed=18, B=5000
[2026-02-15 08:50:14] [INFO] 
[2026-02-15 08:50:14] [INFO] >>> Step 11b: Moderation Analysis
[2026-02-15 08:50:14] [INFO] --------------------------------------------------
[2026-02-15 08:50:14] [INFO] Building moderation model with 2 interaction(s)...
[2026-02-15 08:50:14] [INFO]   Pre-flight checks PASSED
[2026-02-15 08:50:14] [INFO] --- Strategy A: SEMinR native interaction_term ---
[2026-02-15 08:50:14] [INFO]   [Native] Trying method: two_stage
[2026-02-15 08:50:14] [WARN]     Failed (two_stage): missing value where TRUE/FALSE needed
[2026-02-15 08:50:14] [INFO]   [Native] Trying method: orthogonal
[2026-02-15 08:50:14] [WARN]     Failed (orthogonal): missing value where TRUE/FALSE needed
[2026-02-15 08:50:14] [INFO]   [Native] Trying method: product_indicator
[2026-02-15 08:50:14] [WARN]     Failed (product_indicator): missing value where TRUE/FALSE needed
[2026-02-15 08:50:14] [INFO] --- Strategy B: Manual two-stage approach ---
[2026-02-15 08:50:14] [INFO]   SEMinR interaction_term fails with mixed reflective IV + formative moderator. Using manual two-stage: scores from base model -> interaction terms -> re-estimate.
[2026-02-15 08:50:14] [INFO]   [Manual two-stage] Stage 1: Estimating base model for construct scores...
[2026-02-15 08:50:15] [INFO]     Stage 1 complete: 16 construct scores extracted
[2026-02-15 08:50:15] [INFO]   [Manual two-stage] Stage 2: Creating interaction terms from scores...
[2026-02-15 08:50:15] [INFO]     Created: AJ*TC (N=400, M=0.542, SD=1.931)
[2026-02-15 08:50:15] [INFO]     Created: AJ*ETH (N=400, M=0.751, SD=3.021)
[2026-02-15 08:50:15] [INFO]     Stage 2 PLS model estimated successfully
[2026-02-15 08:50:15] [INFO]     Bootstrapping stage 2 (5000 samples)...
[2026-02-15 08:50:31] [INFO]     Bootstrap complete
[2026-02-15 08:50:32] [INFO] 
--- Extracting results (method: manual_two_stage) ---
[2026-02-15 08:50:32] [INFO] 
--- Result: AJ * TC → AQ ---
[2026-02-15 08:50:32] [INFO]   IV direct  (AJ→AQ): beta=0.393, t=7.976
[2026-02-15 08:50:32] [INFO]   Mod direct (TC→AQ): beta=0.052, t=1.688
[2026-02-15 08:50:32] [INFO]   Interaction (AJ*TC→AQ): beta=0.050, t=1.953, 95% CI[-0.011,0.098] (percentile bootstrap) not significant
[2026-02-15 08:50:32] [INFO]   Computing simple slopes...
[2026-02-15 08:50:32] [INFO]   Slopes: Low=0.343, Med=0.393, High=0.443
[2026-02-15 08:50:32] [INFO]   Plot saved: 08_complex/moderation/moderation_plots/mod_AJ_x_TC.png
[2026-02-15 08:50:32] [INFO] 
--- Result: AJ * ETH → AQ ---
[2026-02-15 08:50:32] [INFO]   IV direct  (AJ→AQ): beta=0.393, t=7.976
[2026-02-15 08:50:32] [INFO]   Mod direct (ETH→AQ): beta=0.459, t=9.007
[2026-02-15 08:50:32] [INFO]   Interaction (AJ*ETH→AQ): beta=-0.051, t=-2.531, 95% CI[-0.089,-0.007] (percentile bootstrap) SIGNIFICANT
[2026-02-15 08:50:32] [INFO]   Computing simple slopes...
[2026-02-15 08:50:32] [INFO]   Slopes: Low=0.444, Med=0.393, High=0.342
[2026-02-15 08:50:32] [INFO]   Plot saved: 08_complex/moderation/moderation_plots/mod_AJ_x_ETH.png
[2026-02-15 08:50:32] [INFO] 
--- Moderation Summary ---
[2026-02-15 08:50:32] [INFO]   Method used: manual_two_stage
[2026-02-15 08:50:32] [INFO]   AJ * TC → AQ: beta=0.050, not significant
[2026-02-15 08:50:32] [INFO]   AJ * ETH → AQ: beta=-0.051, SIGNIFICANT
[2026-02-15 08:50:32] [INFO] Moderation results saved (method: manual_two_stage)
[2026-02-15 08:50:32] [GATE] ✅ GATE [ Moderation ]: PASS
[2026-02-15 08:50:32] [GATE]   Details: 2 interaction(s) tested via manual_two_stage
[2026-02-15 08:50:32] [INFO] 
===== PHASE 4: ROBUSTNESS & REPORTING =====
[2026-02-15 08:50:32] [INFO] 
[2026-02-15 08:50:32] [INFO] >>> Step 12: Robustness, Sensitivity & Supplementary Tests
[2026-02-15 08:50:32] [INFO] --------------------------------------------------
[2026-02-15 08:50:32] [INFO] --- A. Data Sensitivity: Pre vs Post Screening ---
[2026-02-15 08:50:32] [WARN]   Sensitivity analysis error: 
[2026-02-15 08:50:32] [INFO] --- B. MICOM & MGA ---
[2026-02-15 08:50:32] [INFO]   Company groups: 238 unique
[2026-02-15 08:50:32] [INFO]   MICOM-MGA: requires group variable definition and minimum group size
[2026-02-15 08:50:32] [INFO]   If groups are defined and N >= 30-50 per group:
[2026-02-15 08:50:32] [INFO]     Step 1: Configural invariance — same model specification
[2026-02-15 08:50:32] [INFO]     Step 2: Compositional invariance — permutation test
[2026-02-15 08:50:32] [INFO]     Step 3: Equal mean/variance — permutation test
[2026-02-15 08:50:32] [INFO]     Then: MGA if MICOM passes
[2026-02-15 08:50:32] [INFO]   IMPLEMENTATION: Requires manual group coding — placeholder for now
[2026-02-15 08:50:32] [INFO] --- C. Endogeneity Assessment ---
[2026-02-15 08:50:32] [INFO]   Non-normal indicators: 9/9
[2026-02-15 08:50:32] [INFO]   Non-normal distribution detected — Gaussian Copula may be applicable
[2026-02-15 08:50:32] [INFO]   NOTE: Gaussian Copula requires custom implementation
[2026-02-15 08:50:32] [INFO]   Fallback: control variables + theoretical argumentation + spec sensitivity
[2026-02-15 08:50:32] [INFO] --- D. FIMIX-PLS (Optional) ---
[2026-02-15 08:50:32] [INFO]   FIMIX-PLS: not implemented in seminr — requires SmartPLS or custom code
[2026-02-15 08:50:32] [INFO]   Status: conditional — only if unobserved heterogeneity suspected
[2026-02-15 08:50:32] [GATE] ✅ GATE [ Robustness ]: PASS
[2026-02-15 08:50:32] [GATE]   Details: Robustness checks completed (some items conditional on data)
[2026-02-15 08:50:32] [INFO]   Suspected regressors (from config): COM, PS, AJ
[2026-02-15 08:50:32] [INFO] 
[2026-02-15 08:50:32] [INFO] >>> Gaussian Copula Endogeneity Test (Park & Gupta, 2012)
[2026-02-15 08:50:32] [INFO] --------------------------------------------------
[2026-02-15 08:50:32] [INFO]   Strategy: ONE copula term per augmented equation (one-at-a-time)
[2026-02-15 08:50:32] [INFO]   Sample size (complete cases): N = 400
[2026-02-15 08:50:32] [INFO]   Suspected regressors: COM, PS, AJ
[2026-02-15 08:50:32] [INFO] --- Step 1: Non-normality prerequisite (practical criterion) ---
[2026-02-15 08:50:32] [INFO]   Gate: |skewness| >= 1  OR  |excess kurtosis| >= 1
[2026-02-15 08:50:32] [INFO]   Shapiro-Wilk & JB reported for completeness but do NOT gate.
[2026-02-15 08:50:32] [INFO]   COM   : skew=-2.802, excess_kurt=+11.440, SW p=<0.001  [FEASIBLE]
[2026-02-15 08:50:32] [INFO]   PS    : skew=-2.609, excess_kurt=+9.883, SW p=<0.001  [FEASIBLE]
[2026-02-15 08:50:32] [INFO]   AJ    : skew=-1.640, excess_kurt=+5.443, SW p=<0.001  [FEASIBLE]
[2026-02-15 08:50:32] [INFO] --- Step 2: Construct Gaussian Copula terms ---
[2026-02-15 08:50:32] [INFO]   Collinearity pre-screen: cor(X, COP_X) > 0.95 -> skip
[2026-02-15 08:50:32] [INFO]   COM: cor(X, COP_X) = 0.8664  [OK — below 0.95]
[2026-02-15 08:50:32] [INFO]   PS: cor(X, COP_X) = 0.9106  [OK — below 0.95]
[2026-02-15 08:50:32] [INFO]   AJ: cor(X, COP_X) = 0.9599  [REJECT — above 0.95, near-linear]
[2026-02-15 08:50:32] [INFO]   Variables passing both gates: COM, PS
[2026-02-15 08:50:32] [INFO] --- Step 3-5: One-at-a-time augmented regressions (bootstrap) ---
[2026-02-15 08:50:32] [INFO]   === Equation: AJ ~ COM + PS + MO + TP + IT + CEV + CG + Gen_Dummy + Exp_Ord + Pos_Ord + Edu_PostGrad + CPA_Dummy + Gen_Dummy + Exp_Ord + Pos_Ord + Edu_PostGrad + CPA_Dummy ===
[2026-02-15 08:50:39] [INFO]   --- Testing: COM (COP_COM) in AJ equation ---
[2026-02-15 08:50:39] [INFO]     Formula: AJ ~ COM + PS + MO + TP + IT + CEV + CG + Gen_Dummy + Exp_Ord + Pos_Ord + Edu_PostGrad + CPA_Dummy + Gen_Dummy + Exp_Ord + Pos_Ord + Edu_PostGrad + CPA_Dummy + COP_COM
[2026-02-15 08:50:46] [INFO]     VIF(COP_COM) = 4.366  (OK < 5)
[2026-02-15 08:50:46] [INFO]     Gamma: est=+0.0205, SE=0.0697, t=0.295, p=0.7988
[2026-02-15 08:50:46] [INFO]     Gamma CI [-0.1214, 0.1538] -> not significant
[2026-02-15 08:50:46] [INFO]     Beta orig: +0.2023 CI[0.0627,0.3486]
[2026-02-15 08:50:46] [INFO]     Beta corr: +0.1816 CI[-0.0204,0.4145]  shift=-0.0207
[2026-02-15 08:50:46] [INFO]     >> DECISION: No evidence of endogeneity (CI includes 0)
[2026-02-15 08:50:46] [INFO]   --- Testing: PS (COP_PS) in AJ equation ---
[2026-02-15 08:50:46] [INFO]     Formula: AJ ~ COM + PS + MO + TP + IT + CEV + CG + Gen_Dummy + Exp_Ord + Pos_Ord + Edu_PostGrad + CPA_Dummy + Gen_Dummy + Exp_Ord + Pos_Ord + Edu_PostGrad + CPA_Dummy + COP_PS
[2026-02-15 08:50:53] [INFO]     VIF(COP_PS) = 6.711  *** SEVERE > 5
[2026-02-15 08:50:53] [INFO]     Gamma: est=+0.1533, SE=0.1079, t=1.421, p=0.1208
[2026-02-15 08:50:53] [INFO]     Gamma CI [-0.0401, 0.3846] -> not significant
[2026-02-15 08:50:53] [INFO]     Beta orig: +0.2067 CI[0.0796,0.3496]
[2026-02-15 08:50:53] [INFO]     Beta corr: +0.0559 CI[-0.2235,0.3125]  shift=-0.1508
[2026-02-15 08:50:53] [INFO]     >> DECISION: Inconclusive (VIF > 5 — copula collinearity)
[2026-02-15 08:50:53] [INFO] --- Step 6: Export results ---
[2026-02-15 08:50:53] [INFO] 
[2026-02-15 08:50:53] [INFO]   ======== GAUSSIAN COPULA ENDOGENEITY SUMMARY ========
[2026-02-15 08:50:53] [INFO]   Suspected: 3 | Tested: 2 | Skipped: 1
[2026-02-15 08:50:53] [INFO]   COM -> AJ | gamma=+0.0210 CI[-0.1210,0.1540] VIF=4.37 | NO_ENDOGENEITY
[2026-02-15 08:50:53] [INFO]   PS -> AJ | gamma=+0.1530 CI[-0.0400,0.3850] VIF=6.71 | INCONCLUSIVE
[2026-02-15 08:50:53] [INFO]   Skipped (near-normal or cor>0.95): AJ
[2026-02-15 08:50:53] [INFO]   =====================================================
[2026-02-15 08:50:53] [INFO] 
[2026-02-15 08:50:53] [INFO] >>> Step 13: Report Export — Thesis-Ready Tables & Figures
[2026-02-15 08:50:53] [INFO] --------------------------------------------------
[2026-02-15 08:50:53] [INFO] Table: QC Summary created
[2026-02-15 08:50:53] [INFO] Table: Descriptive Statistics created
[2026-02-15 08:50:53] [INFO] Table: Demographics created
[2026-02-15 08:50:53] [INFO] Table: CMV Assessment created
[2026-02-15 08:50:53] [INFO] Table: Outer Loadings created
[2026-02-15 08:50:53] [INFO] Table: Reliability & Validity created
[2026-02-15 08:50:53] [INFO] Table: HTMT Matrix created
[2026-02-15 08:50:54] [INFO] Table: Path Coefficients created
[2026-02-15 08:50:54] [INFO] Table: R² and f² created
[2026-02-15 08:50:54] [INFO] Table: PLSpredict created
[2026-02-15 08:50:54] [INFO] Table: Mediation Classification created (saturated model)
[2026-02-15 08:50:54] [INFO] Table: Mediation Full Results created
[2026-02-15 08:50:55] [INFO] Table: Moderation created
[2026-02-15 08:51:00] [INFO] All 14 tables exported to: 10_report/main/all_tables.docx
[2026-02-15 08:51:00] [INFO] Report export complete
[2026-02-15 08:51:00] [INFO] 
========================================
[2026-02-15 08:51:00] [INFO] PIPELINE SUMMARY (MAIN)
[2026-02-15 08:51:00] [INFO] ========================================
[2026-02-15 08:51:00] [INFO] Final sample: 400 observations
[2026-02-15 08:51:00] [INFO] Constructs: 16 total (5 reflective, 6 formative)
[2026-02-15 08:51:00] [INFO] Measurement gate: PASS
[2026-02-15 08:51:00] [INFO] Structural VIF gate: PASS
[2026-02-15 08:51:00] [INFO] PLSpredict gate: PASS
[2026-02-15 08:51:00] [INFO] Instrument locked: YES (from pilot)
[2026-02-15 08:51:00] [INFO] ========================================
[2026-02-15 08:51:00] [INFO] 
[2026-02-15 08:51:00] [INFO] ========================================
[2026-02-15 08:51:00] [INFO] Pipeline log closed
[2026-02-15 08:51:00] [INFO] Total time: 5.1 minutes
[2026-02-15 08:51:00] [INFO] Gates: 11 passed, 1 failed (total: 12)
[2026-02-15 08:51:00] [INFO]   ✅ Tech Validation — All expected columns present
[2026-02-15 08:51:00] [INFO]   ✅ Behavioral QC — N=400, minimum required=90
[2026-02-15 08:51:00] [INFO]   ✅ Missing Data — Remaining NA: 0, method: mean
[2026-02-15 08:51:00] [INFO]   ✅ Descriptives — PASS with warnings — skew/kurtosis anomalies
[2026-02-15 08:51:00] [INFO]   ❌ CMV/CMB — Full collinearity test could not be computed
[2026-02-15 08:51:00] [INFO]   ✅ Reflective Measurement — Reliability OK: TRUE, HTMT OK: TRUE
[2026-02-15 08:51:00] [INFO]   ✅ Formative Measurement — VIF OK: TRUE, max VIF: 4.872
[2026-02-15 08:51:00] [INFO]   ✅ HOC Assessment — N/A — no HOC in model
[2026-02-15 08:51:00] [INFO]   ✅ Structural In-sample — Inner VIF OK: TRUE
[2026-02-15 08:51:00] [INFO]   ✅ PLSpredict — Q²_predict > 0 for 8/9 indicators, level: HIGH
[2026-02-15 08:51:00] [INFO]   ✅ Moderation — 2 interaction(s) tested via manual_two_stage
[2026-02-15 08:51:00] [INFO]   ✅ Robustness — Robustness checks completed (some items conditional on data)
[2026-02-15 08:51:00] [INFO] ========================================
