[2026-02-14 21:38:20] [INFO] ========================================
[2026-02-14 21:38:20] [INFO] CCA-SEM Pipeline — Log started
[2026-02-14 21:38:20] [INFO] Time: 2026-02-14 21:38:20.620303
[2026-02-14 21:38:20] [INFO] R version: R version 4.4.3 (2025-02-28 ucrt)
[2026-02-14 21:38:20] [INFO] ========================================
[2026-02-14 21:38:20] [INFO] Stage: MAIN
[2026-02-14 21:38:20] [INFO] Exclude pilot IDs from: 10_report/pilot/pilot_ids.csv
[2026-02-14 21:38:20] [INFO] Project: PLS-SEM Dissertation Analysis — Audit Quality (Khung CCA)
[2026-02-14 21:38:20] [INFO] Config: config/main.yml
[2026-02-14 21:38:20] [INFO] Seed: 42
[2026-02-14 21:38:20] [INFO] Bootstrap: 5000
[2026-02-14 21:38:20] [INFO] Constructs: 11
[2026-02-14 21:38:20] [INFO]   Reflective: 5
[2026-02-14 21:38:20] [INFO]   Formative: 6
[2026-02-14 21:38:20] [INFO] Structural paths: 10
[2026-02-14 21:38:20] [INFO] Output dir: 10_report/main
[2026-02-14 21:38:20] [INFO] Config snapshot saved: 10_report/main/config_snapshot_main.yml
[2026-02-14 21:38:20] [INFO] Session info saved: 10_report/main/session_info.txt
[2026-02-14 21:38:20] [INFO] Instrument lock loaded: 10_report/pilot/instrument_locked.json
[2026-02-14 21:38:20] [INFO]   Lock timestamp: 2026-02-14T21:22:59
[2026-02-14 21:38:20] [INFO]   COM [formative]: 9 indicators (locked)
[2026-02-14 21:38:20] [INFO]   PS [reflective]: 5 indicators (locked)
[2026-02-14 21:38:20] [INFO]   MO [formative]: 5 indicators (locked)
[2026-02-14 21:38:20] [INFO]   TP [reflective]: 4 indicators (locked)
[2026-02-14 21:38:20] [INFO]   IT [reflective]: 4 indicators (locked)
[2026-02-14 21:38:20] [INFO]   CEV [reflective]: 5 indicators (locked)
[2026-02-14 21:38:20] [INFO]   CG [formative]: 9 indicators (locked)
[2026-02-14 21:38:20] [INFO]   ETH [formative]: 4 indicators (locked)
[2026-02-14 21:38:20] [INFO]   TC [formative]: 6 indicators (locked)
[2026-02-14 21:38:20] [INFO]   AJ [reflective]: 3 indicators (locked)
[2026-02-14 21:38:20] [INFO]   AQ [formative]: 6 indicators (locked)
[2026-02-14 21:38:20] [INFO] Instrument FROZEN — using locked indicators from pilot
[2026-02-14 21:38:20] [INFO] 
===== PHASE 1: DATA PREPARATION =====
[2026-02-14 21:38:20] [INFO] 
[2026-02-14 21:38:20] [INFO] >>> Step 1: Import & Technical Validation
[2026-02-14 21:38:20] [INFO] --------------------------------------------------
[2026-02-14 21:38:20] [INFO] Raw data: 466 rows x 68 cols
[2026-02-14 21:38:20] [INFO] Raw snapshot saved: 01_raw/raw_data.rds
[2026-02-14 21:38:20] [WARN] Flagged 33 potential duplicates (same response pattern)
[2026-02-14 21:38:20] [INFO] After tech validation: 466 rows x 69 cols
[2026-02-14 21:38:20] [GATE] ✅ GATE [ Tech Validation ]: PASS
[2026-02-14 21:38:20] [GATE]   Details: All expected columns present
[2026-02-14 21:38:20] [INFO] Pilot ID exclusion: 466 -> 432 rows (excluded 34 pilot respondents from 10_report/pilot/pilot_ids.csv)
[2026-02-14 21:38:20] [INFO] 
[2026-02-14 21:38:20] [INFO] >>> Step 2: Behavioral Quality Control
[2026-02-14 21:38:20] [INFO] --------------------------------------------------
[2026-02-14 21:38:20] [INFO] Straight-lining flagged (Global SD=0): 32 (7.4%)
[2026-02-14 21:38:20] [INFO] Longstring threshold (auto, P95): 60
[2026-02-14 21:38:20] [INFO] Long-string flagged: 32 (7.4%)
[2026-02-14 21:38:20] [WARN] Time values appear to be epoch timestamps (median=1763476708). Converting to durations from earliest response.
[2026-02-14 21:38:20] [WARN] Epoch-derived durations are not true completion times — speeding check SKIPPED
[2026-02-14 21:38:20] [INFO] Speeding flagged: 0 (skipped — no valid duration column)
[2026-02-14 21:38:20] [INFO] Low IRV flagged: 32 (threshold: 0.000)
[2026-02-14 21:38:20] [INFO] Total flagged for removal: 32 (7.4%)
[2026-02-14 21:38:21] [INFO] Screening funnel plot saved
[2026-02-14 21:38:21] [INFO] After QC screening: 400 rows (removed 32)
[2026-02-14 21:38:21] [GATE] ✅ GATE [ Behavioral QC ]: PASS
[2026-02-14 21:38:21] [GATE]   Details: N=400, minimum required=90
[2026-02-14 21:38:21] [INFO] 
[2026-02-14 21:38:21] [INFO] >>> Step 3: Missing Data Handling
[2026-02-14 21:38:21] [INFO] --------------------------------------------------
[2026-02-14 21:38:21] [INFO] Variable-level missing: min=0.0%, max=0.0%, median=0.0%
[2026-02-14 21:38:21] [INFO] No observations exceed missing threshold
[2026-02-14 21:38:21] [INFO] Imputed 0 values using 'mean' method
[2026-02-14 21:38:21] [INFO] Assumption: MCAR
[2026-02-14 21:38:21] [INFO] Final dataset: 400 rows x 60 indicator columns
[2026-02-14 21:38:21] [GATE] ✅ GATE [ Missing Data ]: PASS
[2026-02-14 21:38:21] [GATE]   Details: Remaining NA: 0, method: mean
[2026-02-14 21:38:21] [INFO] 
[2026-02-14 21:38:21] [INFO] >>> Step 4: Descriptive Statistics & Plausibility Checks
[2026-02-14 21:38:21] [INFO] --------------------------------------------------
[2026-02-14 21:38:21] [INFO] Descriptive stats: 60 variables computed
[2026-02-14 21:38:21] [WARN] Extreme skewness (|>2|): COM1, COM9, PS2, PS3, PS4, PS5, ETH1, ETH2, ETH4
[2026-02-14 21:38:21] [WARN] Extreme kurtosis (|>7|): COM1, PS3, ETH1, ETH2
[2026-02-14 21:38:21] [INFO] --- 4b.1. Demographic Profile (Table 1) ---
[2026-02-14 21:38:21] [INFO]   Giới tính: 2 categories, N=400
[2026-02-14 21:38:21] [INFO]   Bằng cấp: 2 categories, N=400
[2026-02-14 21:38:21] [INFO]   Chứng chỉ hành nghề: 2 categories, N=400
[2026-02-14 21:38:21] [INFO]   Kinh nghiệm: 5 categories, N=400
[2026-02-14 21:38:21] [INFO]   Vị trí: 4 categories, N=400
[2026-02-14 21:38:21] [INFO]   Saved: 04_descriptives/demographic_profile.csv (15 rows)
[2026-02-14 21:38:21] [INFO] Sample demographics: 5 variables summarized
[2026-02-14 21:38:23] [INFO] Distribution plots saved: 04_descriptives/distribution_plots.pdf
[2026-02-14 21:38:23] [GATE] ✅ GATE [ Descriptives ]: PASS
[2026-02-14 21:38:23] [GATE]   Details: PASS with warnings — skew/kurtosis anomalies noted (acceptable for Likert data)
[2026-02-14 21:38:23] [INFO] Descriptives complete — data cleared for modeling (distributional warnings noted)
[2026-02-14 21:38:23] [INFO] --- 4b.2. Dummy / Ordinal Coding ---
[2026-02-14 21:38:23] [INFO]   [DUMMY] Gen -> Gen_Dummy: 400 mapped, 0 unmapped
[2026-02-14 21:38:23] [INFO]   [ORDINAL] Exp -> Exp_Ord: 400 mapped (1..5), 0 unmapped
[2026-02-14 21:38:23] [INFO]   [ORDINAL] Pos -> Pos_Ord: 400 mapped (1..4), 0 unmapped
[2026-02-14 21:38:23] [INFO]   [REGEX_DUMMY] Cert -> Edu_PostGrad: pattern='Sau đại học', match=55, no_match=345
[2026-02-14 21:38:23] [INFO]   [REGEX_DUMMY] Cert -> CPA_Dummy: pattern='Chứng chỉ Kiểm toán viên|CPA', match=169, no_match=231
[2026-02-14 21:38:23] [INFO] 
Control variable coding complete: 5 variable(s) coded
[2026-02-14 21:38:23] [INFO] 
--- New Coded Columns Summary ---
[2026-02-14 21:38:23] [INFO]   Gen_Dummy: N=400, range=[0, 1], M=0.49, SD=0.50
[2026-02-14 21:38:23] [INFO]   Exp_Ord: N=400, range=[1, 5], M=2.34, SD=1.35
[2026-02-14 21:38:23] [INFO]   Pos_Ord: N=400, range=[1, 4], M=2.11, SD=1.11
[2026-02-14 21:38:23] [INFO]   Edu_PostGrad: N=400, range=[0, 1], M=0.14, SD=0.34
[2026-02-14 21:38:23] [INFO]   CPA_Dummy: N=400, range=[0, 1], M=0.42, SD=0.49
[2026-02-14 21:38:23] [INFO] 
Phase 1 complete — Analysis-ready dataset: 400 rows, 73 cols
[2026-02-14 21:38:23] [INFO] 
===== PHASE 2: CMV & MEASUREMENT MODEL =====
[2026-02-14 21:38:23] [INFO] 
[2026-02-14 21:38:23] [INFO] >>> Step 5: CMV/CMB Assessment
[2026-02-14 21:38:23] [INFO] --------------------------------------------------
[2026-02-14 21:38:23] [INFO] Procedural remedies applied during survey design:
  - Anonymity emphasized in instructions
  - Academic purpose clearly stated
  - Standardized, clear question wording
  - Varied item ordering to reduce cognitive load
  - Pilot-tested for clarity and completion time
  - Consistent Likert scale format
[2026-02-14 21:38:23] [INFO] Running Full Collinearity VIF Assessment...
[2026-02-14 21:38:23] [INFO] Full Collinearity VIF range: [1.549, 4.895]
[2026-02-14 21:38:23] [INFO]   Thresholds: WARN >= 3.3, FAIL >= 5.0
[2026-02-14 21:38:23] [INFO]   COM: VIF = 4.761 [WARN]
[2026-02-14 21:38:23] [INFO]   PS: VIF = 4.179 [WARN]
[2026-02-14 21:38:23] [INFO]   MO: VIF = 2.123 [OK]
[2026-02-14 21:38:23] [INFO]   TP: VIF = 1.549 [OK]
[2026-02-14 21:38:23] [INFO]   IT: VIF = 2.144 [OK]
[2026-02-14 21:38:23] [INFO]   CEV: VIF = 3.244 [OK]
[2026-02-14 21:38:23] [INFO]   CG: VIF = 2.521 [OK]
[2026-02-14 21:38:23] [INFO]   ETH: VIF = 4.578 [WARN]
[2026-02-14 21:38:23] [INFO]   TC: VIF = 1.652 [OK]
[2026-02-14 21:38:23] [INFO]   AJ: VIF = 3.703 [WARN]
[2026-02-14 21:38:23] [INFO]   AQ: VIF = 4.895 [WARN]
[2026-02-14 21:38:23] [INFO] Running Harman's single-factor test (reference only)...
[2026-02-14 21:38:23] [INFO] Harman's single-factor test (REFERENCE ONLY):
  First component explains: 45.0% of variance
  Conclusion: OK — <50%
  NOTE: This is a supplementary reference, NOT a primary CMV test.
[2026-02-14 21:38:23] [INFO] Marker variable: NOT available in survey design (limitation noted)
[2026-02-14 21:38:23] [GATE] ✅ GATE [ CMV/CMB ]: PASS
[2026-02-14 21:38:23] [GATE]   Details: WARN — Max full collinearity VIF: 4.895 (>= 3.3 warn, < 5.0 fail). Potential CMV; interpret with caution
[2026-02-14 21:38:23] [INFO] Using instrument-locked indicators (no auto-drop)
[2026-02-14 21:38:23] [INFO] 
--- Measurement Model Optimizer: DISABLED (instrument frozen) ---
[2026-02-14 21:38:23] [INFO] PLS model estimated successfully
[2026-02-14 21:38:23] [INFO] No indicators auto-removed — model is clean
[2026-02-14 21:38:23] [INFO] 
--- Final Indicator Counts ---
[2026-02-14 21:38:23] [INFO]   COM [formative]: 9/9
[2026-02-14 21:38:23] [INFO]   PS [reflective]: 5/5
[2026-02-14 21:38:23] [INFO]   MO [formative]: 5/5
[2026-02-14 21:38:23] [INFO]   TP [reflective]: 4/4
[2026-02-14 21:38:23] [INFO]   IT [reflective]: 4/4
[2026-02-14 21:38:23] [INFO]   CEV [reflective]: 5/5
[2026-02-14 21:38:23] [INFO]   CG [formative]: 9/9
[2026-02-14 21:38:23] [INFO]   ETH [formative]: 4/4
[2026-02-14 21:38:23] [INFO]   TC [formative]: 6/6
[2026-02-14 21:38:23] [INFO]   AJ [reflective]: 3/3
[2026-02-14 21:38:23] [INFO]   AQ [formative]: 6/6
[2026-02-14 21:38:23] [INFO] 
Bootstrapping (5000 samples)...
