[2026-02-14 21:21:23] [INFO] ========================================
[2026-02-14 21:21:23] [INFO] CCA-SEM Pipeline — Log started
[2026-02-14 21:21:23] [INFO] Time: 2026-02-14 21:21:23.98567
[2026-02-14 21:21:23] [INFO] R version: R version 4.4.3 (2025-02-28 ucrt)
[2026-02-14 21:21:23] [INFO] ========================================
[2026-02-14 21:21:23] [INFO] Stage: PILOT
[2026-02-14 21:21:23] [INFO] Date filter: Time *..2025-11-05
[2026-02-14 21:21:23] [INFO] Pilot min_n override: 30
[2026-02-14 21:21:23] [INFO] Stop after phase: 2
[2026-02-14 21:21:23] [INFO] Project: PLS-SEM Dissertation Analysis — Audit Quality (Khung CCA)
[2026-02-14 21:21:23] [INFO] Config: config/pilot.yml
[2026-02-14 21:21:23] [INFO] Seed: 42
[2026-02-14 21:21:23] [INFO] Bootstrap: 0
[2026-02-14 21:21:23] [INFO] Constructs: 11
[2026-02-14 21:21:23] [INFO]   Reflective: 5
[2026-02-14 21:21:23] [INFO]   Formative: 6
[2026-02-14 21:21:24] [INFO] Structural paths: 10
[2026-02-14 21:21:24] [INFO] Output dir: 10_report/pilot
[2026-02-14 21:21:24] [INFO] Config snapshot saved: 10_report/pilot/config_snapshot_pilot.yml
[2026-02-14 21:21:24] [INFO] Session info saved: 10_report/pilot/session_info.txt
[2026-02-14 21:21:24] [INFO] 
===== PHASE 1: DATA PREPARATION =====
[2026-02-14 21:21:24] [INFO] 
[2026-02-14 21:21:24] [INFO] >>> Step 1: Import & Technical Validation
[2026-02-14 21:21:24] [INFO] --------------------------------------------------
[2026-02-14 21:21:24] [INFO] Raw data: 466 rows x 68 cols
[2026-02-14 21:21:24] [INFO] Raw snapshot saved: 01_raw/raw_data.rds
[2026-02-14 21:21:24] [WARN] Flagged 33 potential duplicates (same response pattern)
[2026-02-14 21:21:24] [INFO] After tech validation: 466 rows x 69 cols
[2026-02-14 21:21:24] [GATE] ✅ GATE [ Tech Validation ]: PASS
[2026-02-14 21:21:24] [GATE]   Details: All expected columns present
[2026-02-14 21:21:24] [INFO] Date filter applied (Time): 466 -> 34 rows  [* .. 2025-11-05]
[2026-02-14 21:21:24] [INFO] Pilot IDs saved: 10_report/pilot/pilot_ids.csv (34 respondents)
[2026-02-14 21:21:24] [INFO] 
[2026-02-14 21:21:24] [INFO] >>> Step 2: Behavioral Quality Control
[2026-02-14 21:21:24] [INFO] --------------------------------------------------
[2026-02-14 21:21:24] [INFO] Straight-lining flagged (Global SD=0): 2 (5.9%)
[2026-02-14 21:21:24] [INFO] Longstring threshold (auto, P95): 49
[2026-02-14 21:21:24] [INFO] Long-string flagged: 2 (5.9%)
[2026-02-14 21:21:24] [WARN] Time values appear to be epoch timestamps (median=1762344237). Converting to durations from earliest response.
[2026-02-14 21:21:24] [WARN] Epoch-derived durations are not true completion times — speeding check SKIPPED
[2026-02-14 21:21:24] [INFO] Speeding flagged: 0 (skipped — no valid duration column)
[2026-02-14 21:21:24] [INFO] Low IRV flagged: 2 (threshold: 0.000)
[2026-02-14 21:21:24] [INFO] Total flagged for removal: 2 (5.9%)
[2026-02-14 21:21:24] [INFO] Screening funnel plot saved
[2026-02-14 21:21:24] [INFO] After QC screening: 32 rows (removed 2)
[2026-02-14 21:21:24] [INFO] QC gate uses pilot_min_n=30 (default would be 90)
[2026-02-14 21:21:24] [GATE] ✅ GATE [ Behavioral QC ]: PASS
[2026-02-14 21:21:24] [GATE]   Details: N=32, minimum required=30
[2026-02-14 21:21:24] [INFO] 
[2026-02-14 21:21:24] [INFO] >>> Step 3: Missing Data Handling
[2026-02-14 21:21:24] [INFO] --------------------------------------------------
[2026-02-14 21:21:24] [INFO] Variable-level missing: min=0.0%, max=0.0%, median=0.0%
[2026-02-14 21:21:24] [INFO] No observations exceed missing threshold
[2026-02-14 21:21:24] [INFO] Imputed 0 values using 'mean' method
[2026-02-14 21:21:24] [INFO] Assumption: MCAR
[2026-02-14 21:21:24] [INFO] Final dataset: 32 rows x 60 indicator columns
[2026-02-14 21:21:24] [GATE] ✅ GATE [ Missing Data ]: PASS
[2026-02-14 21:21:24] [GATE]   Details: Remaining NA: 0, method: mean
[2026-02-14 21:21:24] [INFO] 
[2026-02-14 21:21:24] [INFO] >>> Step 4: Descriptive Statistics & Plausibility Checks
[2026-02-14 21:21:24] [INFO] --------------------------------------------------
[2026-02-14 21:21:24] [INFO] Descriptive stats: 60 variables computed
[2026-02-14 21:21:24] [WARN] Extreme skewness (|>2|): COM1, COM5, COM9
[2026-02-14 21:21:24] [WARN] Extreme kurtosis (|>7|): COM5
[2026-02-14 21:21:24] [WARN] Suspiciously high correlations (|r|>0.95): 1 pairs
[2026-02-14 21:21:24] [WARN]   ETH1 ~ ETH4: r=1.000
[2026-02-14 21:21:24] [INFO] --- 4b.1. Demographic Profile (Table 1) ---
[2026-02-14 21:21:24] [INFO]   Giới tính: 2 categories, N=32
[2026-02-14 21:21:24] [INFO]   Bằng cấp: 2 categories, N=32
[2026-02-14 21:21:24] [INFO]   Chứng chỉ hành nghề: 2 categories, N=32
[2026-02-14 21:21:24] [INFO]   Kinh nghiệm: 5 categories, N=32
[2026-02-14 21:21:24] [INFO]   Vị trí: 4 categories, N=32
[2026-02-14 21:21:24] [INFO]   Saved: 04_descriptives/demographic_profile.csv (15 rows)
[2026-02-14 21:21:24] [INFO] Sample demographics: 5 variables summarized
[2026-02-14 21:21:27] [INFO] Distribution plots saved: 04_descriptives/distribution_plots.pdf
[2026-02-14 21:21:27] [GATE] ❌ GATE [ Descriptives ]: FAIL
[2026-02-14 21:21:27] [GATE]   Details: Data validity issues detected — review before proceeding
[2026-02-14 21:21:27] [INFO] Descriptives complete — data NOT cleared: resolve validity issues first
[2026-02-14 21:21:27] [INFO] --- 4b.2. Dummy / Ordinal Coding ---
[2026-02-14 21:21:27] [INFO]   [DUMMY] Gen -> Gen_Dummy: 32 mapped, 0 unmapped
[2026-02-14 21:21:27] [INFO]   [ORDINAL] Exp -> Exp_Ord: 32 mapped (1..5), 0 unmapped
[2026-02-14 21:21:27] [INFO]   [ORDINAL] Pos -> Pos_Ord: 32 mapped (1..4), 0 unmapped
[2026-02-14 21:21:27] [INFO]   [REGEX_DUMMY] Cert -> Edu_PostGrad: pattern='Sau đại học', match=6, no_match=26
[2026-02-14 21:21:27] [INFO]   [REGEX_DUMMY] Cert -> CPA_Dummy: pattern='Chứng chỉ Kiểm toán viên|CPA', match=15, no_match=17
[2026-02-14 21:21:27] [INFO] 
Control variable coding complete: 5 variable(s) coded
[2026-02-14 21:21:27] [INFO] 
--- New Coded Columns Summary ---
[2026-02-14 21:21:27] [INFO]   Gen_Dummy: N=32, range=[0, 1], M=0.44, SD=0.50
[2026-02-14 21:21:27] [INFO]   Exp_Ord: N=32, range=[1, 5], M=2.34, SD=1.36
[2026-02-14 21:21:27] [INFO]   Pos_Ord: N=32, range=[1, 4], M=2.22, SD=1.13
[2026-02-14 21:21:27] [INFO]   Edu_PostGrad: N=32, range=[0, 1], M=0.19, SD=0.40
[2026-02-14 21:21:27] [INFO]   CPA_Dummy: N=32, range=[0, 1], M=0.47, SD=0.51
[2026-02-14 21:21:27] [INFO] 
Phase 1 complete — Analysis-ready dataset: 32 rows, 73 cols
[2026-02-14 21:21:27] [INFO] 
===== PHASE 2: CMV & MEASUREMENT MODEL =====
[2026-02-14 21:21:27] [INFO] 
[2026-02-14 21:21:27] [INFO] >>> Step 5: CMV/CMB Assessment
[2026-02-14 21:21:27] [INFO] --------------------------------------------------
[2026-02-14 21:21:27] [INFO] Procedural remedies applied during survey design:
  - Anonymity emphasized in instructions
  - Academic purpose clearly stated
  - Standardized, clear question wording
  - Varied item ordering to reduce cognitive load
  - Pilot-tested for clarity and completion time
  - Consistent Likert scale format
[2026-02-14 21:21:27] [INFO] Running Full Collinearity VIF Assessment...
[2026-02-14 21:21:27] [WARN] Full collinearity VIF failed: Lapack routine dgesv: system is exactly singular: U[4,4] = 0
[2026-02-14 21:21:27] [INFO] Running Harman's single-factor test (reference only)...
[2026-02-14 21:21:27] [INFO] Harman's single-factor test (REFERENCE ONLY):
  First component explains: 31.6% of variance
  Conclusion: OK — <50%
  NOTE: This is a supplementary reference, NOT a primary CMV test.
[2026-02-14 21:21:27] [INFO] Marker variable: NOT available in survey design (limitation noted)
[2026-02-14 21:21:27] [GATE] ❌ GATE [ CMV/CMB ]: FAIL
[2026-02-14 21:21:27] [GATE]   Details: Full collinearity test could not be computed
[2026-02-14 21:21:27] [INFO] 
--- Measurement Model Optimizer: DISABLED (instrument frozen) ---
[2026-02-14 21:21:27] [ERROR] PLS estimation failed at iteration 1 : Lapack routine dgesv: system is exactly singular: U[4,4] = 0
[2026-02-14 21:21:27] [ERROR] Cannot continue — PLS estimation failed
[2026-02-14 21:21:27] [INFO] No indicators auto-removed — model is clean
[2026-02-14 21:21:27] [INFO] 
--- Final Indicator Counts ---
[2026-02-14 21:21:27] [INFO]   COM [formative]: 9/9
[2026-02-14 21:21:27] [INFO]   PS [reflective]: 5/5
[2026-02-14 21:21:27] [INFO]   MO [formative]: 5/5
[2026-02-14 21:21:27] [INFO]   TP [reflective]: 4/4
[2026-02-14 21:21:27] [INFO]   IT [reflective]: 4/4
[2026-02-14 21:21:27] [INFO]   CEV [reflective]: 5/5
[2026-02-14 21:21:27] [INFO]   CG [formative]: 9/9
[2026-02-14 21:21:27] [INFO]   ETH [formative]: 4/4
[2026-02-14 21:21:27] [INFO]   TC [formative]: 6/6
[2026-02-14 21:21:27] [INFO]   AJ [reflective]: 3/3
[2026-02-14 21:21:27] [INFO]   AQ [formative]: 6/6
[2026-02-14 21:21:27] [INFO] 
Bootstrap SKIPPED (bootstrap_samples = 0 — pilot feasibility mode)
[2026-02-14 21:21:27] [INFO] 
[2026-02-14 21:21:27] [INFO] >>> Step 6: Reflective Measurement Model Assessment (CCA Mode A)
[2026-02-14 21:21:27] [INFO] --------------------------------------------------
[2026-02-14 21:21:27] [INFO] NOTE: No bootstrap — HTMT CI and significance tests unavailable (point estimates only)
[2026-02-14 21:21:27] [INFO] --- 6.1. Outer Loadings (Indicator Reliability) ---
