[2026-02-14 23:20:39] [INFO] ========================================
[2026-02-14 23:20:39] [INFO] CCA-SEM Pipeline — Log started
[2026-02-14 23:20:39] [INFO] Time: 2026-02-14 23:20:39.233874
[2026-02-14 23:20:39] [INFO] R version: R version 4.4.3 (2025-02-28 ucrt)
[2026-02-14 23:20:39] [INFO] ========================================
[2026-02-14 23:20:39] [INFO] Stage: PILOT
[2026-02-14 23:20:39] [INFO] Date filter: Time *..2025-11-05
[2026-02-14 23:20:39] [INFO] Pilot min_n override: 30
[2026-02-14 23:20:39] [INFO] Stop after phase: 2
[2026-02-14 23:20:39] [INFO] Project: PLS-SEM Dissertation Analysis — Audit Quality (Khung CCA)
[2026-02-14 23:20:39] [INFO] Config: config/pilot.yml
[2026-02-14 23:20:39] [INFO] Seed: 42
[2026-02-14 23:20:39] [INFO] Bootstrap: 0
[2026-02-14 23:20:39] [INFO] Constructs: 11
[2026-02-14 23:20:39] [INFO]   Reflective: 5
[2026-02-14 23:20:39] [INFO]   Formative: 6
[2026-02-14 23:20:39] [INFO] Structural paths: 10
[2026-02-14 23:20:39] [INFO] Output dir: 10_report/pilot
[2026-02-14 23:20:39] [INFO] Config snapshot saved: 10_report/pilot/config_snapshot_pilot.yml
[2026-02-14 23:20:39] [INFO] Session info saved: 10_report/pilot/session_info.txt
[2026-02-14 23:20:39] [INFO] 
===== PHASE 1: DATA PREPARATION =====
[2026-02-14 23:20:39] [INFO] 
[2026-02-14 23:20:39] [INFO] >>> Step 1: Import & Technical Validation
[2026-02-14 23:20:39] [INFO] --------------------------------------------------
[2026-02-14 23:20:39] [INFO] Raw data: 466 rows x 68 cols
[2026-02-14 23:20:39] [INFO] Raw snapshot saved: 01_raw/raw_data.rds
[2026-02-14 23:20:39] [WARN] Flagged 33 potential duplicates (same response pattern)
[2026-02-14 23:20:39] [INFO] After tech validation: 466 rows x 69 cols
[2026-02-14 23:20:39] [GATE] ✅ GATE [ Tech Validation ]: PASS
[2026-02-14 23:20:39] [GATE]   Details: All expected columns present
[2026-02-14 23:20:39] [INFO] Date filter applied (Time): 466 -> 34 rows  [* .. 2025-11-05]
[2026-02-14 23:20:39] [INFO] Pilot IDs saved: 10_report/pilot/pilot_ids.csv (34 respondents, cols: Responder ID, Time, flag_duplicate, duplicate_group_id)
[2026-02-14 23:20:39] [INFO] 
[2026-02-14 23:20:39] [INFO] >>> Step 2: Behavioral Quality Control
[2026-02-14 23:20:39] [INFO] --------------------------------------------------
[2026-02-14 23:20:39] [INFO] Straight-lining flagged (Global SD=0): 2 (5.9%)
[2026-02-14 23:20:39] [INFO] Longstring threshold (auto, P95): 49
[2026-02-14 23:20:39] [INFO] Long-string flagged: 2 (5.9%)
[2026-02-14 23:20:39] [WARN] Time values appear to be epoch timestamps (median=1762344237). Converting to durations from earliest response.
[2026-02-14 23:20:39] [WARN] Epoch-derived durations are not true completion times — speeding check SKIPPED
[2026-02-14 23:20:39] [INFO] Speeding flagged: 0 (skipped — no valid duration column)
[2026-02-14 23:20:39] [INFO] Low IRV flagged: 2 (threshold: 0.000)
[2026-02-14 23:20:39] [INFO] Total flagged for removal: 2 (5.9%)
[2026-02-14 23:20:39] [INFO] Screening funnel plot saved
[2026-02-14 23:20:39] [INFO] After QC screening: 32 rows (removed 2)
[2026-02-14 23:20:39] [INFO] QC gate uses pilot_min_n=30 (default would be 90)
[2026-02-14 23:20:39] [GATE] ✅ GATE [ Behavioral QC ]: PASS
[2026-02-14 23:20:39] [GATE]   Details: N=32, minimum required=30
[2026-02-14 23:20:39] [INFO] 
[2026-02-14 23:20:39] [INFO] >>> Step 3: Missing Data Handling
[2026-02-14 23:20:39] [INFO] --------------------------------------------------
[2026-02-14 23:20:39] [INFO] Variable-level missing: min=0.0%, max=0.0%, median=0.0%
[2026-02-14 23:20:39] [INFO] No observations exceed missing threshold
[2026-02-14 23:20:39] [INFO] Imputed 0 values using 'mean' method
[2026-02-14 23:20:39] [INFO] Assumption: MCAR
[2026-02-14 23:20:39] [INFO] Final dataset: 32 rows x 60 indicator columns
[2026-02-14 23:20:39] [GATE] ✅ GATE [ Missing Data ]: PASS
[2026-02-14 23:20:39] [GATE]   Details: Remaining NA: 0, method: mean
[2026-02-14 23:20:39] [INFO] 
[2026-02-14 23:20:39] [INFO] >>> Step 4: Descriptive Statistics & Plausibility Checks
[2026-02-14 23:20:39] [INFO] --------------------------------------------------
[2026-02-14 23:20:39] [INFO] Descriptive stats: 60 variables computed
[2026-02-14 23:20:39] [WARN] Extreme skewness (|>2|): COM1, COM5, COM9
[2026-02-14 23:20:39] [WARN] Extreme kurtosis (|>7|): COM5
[2026-02-14 23:20:39] [WARN] Suspiciously high correlations (|r|>0.95): 1 pairs
[2026-02-14 23:20:39] [WARN]   ETH1 ~ ETH4: r=1.000
[2026-02-14 23:20:39] [INFO] --- 4b.1. Demographic Profile (Table 1) ---
[2026-02-14 23:20:39] [INFO]   Giới tính: 2 categories, N=32
[2026-02-14 23:20:39] [INFO]   Bằng cấp: 2 categories, N=32
[2026-02-14 23:20:39] [INFO]   Chứng chỉ hành nghề: 2 categories, N=32
[2026-02-14 23:20:39] [INFO]   Kinh nghiệm: 5 categories, N=32
[2026-02-14 23:20:39] [INFO]   Vị trí: 4 categories, N=32
[2026-02-14 23:20:39] [INFO]   Saved: 04_descriptives/demographic_profile.csv (15 rows)
[2026-02-14 23:20:39] [INFO] Sample demographics: 5 variables summarized
[2026-02-14 23:20:42] [INFO] Distribution plots saved: 04_descriptives/distribution_plots.pdf
[2026-02-14 23:20:42] [GATE] ✅ GATE [ Descriptives ]: PASS
[2026-02-14 23:20:42] [GATE]   Details: PASS with warnings — skew/kurtosis anomalies; high correlations |r|>0.95 (1 pairs, deferred to feasibility gate)
[2026-02-14 23:20:42] [INFO] Descriptives complete — data cleared for modeling (warnings noted)
[2026-02-14 23:20:42] [INFO] --- 4b.2. Dummy / Ordinal Coding ---
[2026-02-14 23:20:42] [INFO]   [DUMMY] Gen -> Gen_Dummy: 32 mapped, 0 unmapped
[2026-02-14 23:20:42] [INFO]   [ORDINAL] Exp -> Exp_Ord: 32 mapped (1..5), 0 unmapped
[2026-02-14 23:20:42] [INFO]   [ORDINAL] Pos -> Pos_Ord: 32 mapped (1..4), 0 unmapped
[2026-02-14 23:20:42] [INFO]   [REGEX_DUMMY] Cert -> Edu_PostGrad: pattern='Sau đại học', match=6, no_match=26
[2026-02-14 23:20:42] [INFO]   [REGEX_DUMMY] Cert -> CPA_Dummy: pattern='Chứng chỉ Kiểm toán viên|CPA', match=15, no_match=17
[2026-02-14 23:20:42] [INFO] 
Control variable coding complete: 5 variable(s) coded
[2026-02-14 23:20:42] [INFO] 
--- New Coded Columns Summary ---
[2026-02-14 23:20:42] [INFO]   Gen_Dummy: N=32, range=[0, 1], M=0.44, SD=0.50
[2026-02-14 23:20:42] [INFO]   Exp_Ord: N=32, range=[1, 5], M=2.34, SD=1.36
[2026-02-14 23:20:42] [INFO]   Pos_Ord: N=32, range=[1, 4], M=2.22, SD=1.13
[2026-02-14 23:20:42] [INFO]   Edu_PostGrad: N=32, range=[0, 1], M=0.19, SD=0.40
[2026-02-14 23:20:42] [INFO]   CPA_Dummy: N=32, range=[0, 1], M=0.47, SD=0.51
[2026-02-14 23:20:42] [INFO] 
Phase 1 complete — Analysis-ready dataset: 32 rows, 73 cols
[2026-02-14 23:20:42] [INFO] 
--- Pre-PLS Feasibility Check ---
[2026-02-14 23:20:42] [WARN] Perfect correlations (|r|>=1.000): ETH1 ~ ETH4 (r=1.0000)
[2026-02-14 23:20:42] [WARN] Pre-PLS feasibility: 1 red flag(s) — data matrix likely singular
[2026-02-14 23:20:42] [GATE] ✅ GATE [ Pilot Feasibility ]: PASS
[2026-02-14 23:20:42] [GATE]   Details: WARN — 1 red flag(s) detected; Phase 2 will be skipped (planned early exit)
[2026-02-14 23:20:42] [INFO] 
[2026-02-14 23:20:42] [INFO] === PILOT PLANNED EARLY EXIT — Data singularity detected ===
[2026-02-14 23:20:42] [INFO] Phase 1 completed successfully. Phase 2 SKIPPED (pre-PLS red flags).
[2026-02-14 23:20:42] [INFO] Red flags found:
[2026-02-14 23:20:42] [INFO]   - Perfect correlations (|r|>=1.000): ETH1 ~ ETH4 (r=1.0000)
[2026-02-14 23:20:42] [INFO] 
[2026-02-14 23:20:42] [INFO] This is expected for a Type A feasibility pilot with small N.
[2026-02-14 23:20:42] [INFO] Data singularity does NOT indicate research design problems.
[2026-02-14 23:20:42] [INFO] The main study (N>>30) will not have this issue.
[2026-02-14 23:20:42] [INFO] Instrument lock written: 10_report/pilot/instrument_locked.json
[2026-02-14 23:20:42] [INFO] Pilot summary: 10_report/pilot/pilot_summary.md
[2026-02-14 23:20:42] [INFO] 
========================================
[2026-02-14 23:20:42] [INFO] PIPELINE SUMMARY (PILOT — Type A Feasibility)
[2026-02-14 23:20:42] [INFO] ========================================
[2026-02-14 23:20:42] [INFO] Final sample: 32 observations
[2026-02-14 23:20:42] [INFO] Phase 1: COMPLETE
[2026-02-14 23:20:42] [INFO] Phase 2: SKIPPED (data singularity — planned early exit)
[2026-02-14 23:20:42] [INFO] Red flags: 1
[2026-02-14 23:20:42] [INFO] ========================================
[2026-02-14 23:20:42] [INFO] 
[2026-02-14 23:20:42] [INFO] ========================================
[2026-02-14 23:20:42] [INFO] Pipeline log closed
[2026-02-14 23:20:42] [INFO] Total time: 0.1 minutes
[2026-02-14 23:20:42] [INFO] Gates: 5 passed, 0 failed (total: 5)
[2026-02-14 23:20:42] [INFO]   ✅ Tech Validation — All expected columns present
[2026-02-14 23:20:42] [INFO]   ✅ Behavioral QC — N=32, minimum required=30
[2026-02-14 23:20:42] [INFO]   ✅ Missing Data — Remaining NA: 0, method: mean
[2026-02-14 23:20:42] [INFO]   ✅ Descriptives — PASS with warnings — skew/kurtosis anomalies; high correlations |r|>0.95 (1 pairs, deferred to feasibility gate)
[2026-02-14 23:20:42] [INFO]   ✅ Pilot Feasibility — WARN — 1 red flag(s) detected; Phase 2 will be skipped (planned early exit)
[2026-02-14 23:20:42] [INFO] ========================================
