[2026-02-14 22:47:53] [INFO] ========================================
[2026-02-14 22:47:53] [INFO] CCA-SEM Pipeline — Log started
[2026-02-14 22:47:53] [INFO] Time: 2026-02-14 22:47:53.083336
[2026-02-14 22:47:53] [INFO] R version: R version 4.4.3 (2025-02-28 ucrt)
[2026-02-14 22:47:53] [INFO] ========================================
[2026-02-14 22:47:53] [INFO] Stage: PILOT
[2026-02-14 22:47:53] [INFO] Date filter: Time *..2025-11-05
[2026-02-14 22:47:53] [INFO] Pilot min_n override: 30
[2026-02-14 22:47:53] [INFO] Stop after phase: 2
[2026-02-14 22:47:53] [INFO] Project: PLS-SEM Dissertation Analysis — Audit Quality (Khung CCA)
[2026-02-14 22:47:53] [INFO] Config: config/pilot.yml
[2026-02-14 22:47:53] [INFO] Seed: 42
[2026-02-14 22:47:53] [INFO] Bootstrap: 0
[2026-02-14 22:47:53] [INFO] Constructs: 11
[2026-02-14 22:47:53] [INFO]   Reflective: 5
[2026-02-14 22:47:53] [INFO]   Formative: 6
[2026-02-14 22:47:53] [INFO] Structural paths: 10
[2026-02-14 22:47:53] [INFO] Output dir: 10_report/pilot
[2026-02-14 22:47:53] [INFO] Config snapshot saved: 10_report/pilot/config_snapshot_pilot.yml
[2026-02-14 22:47:53] [INFO] Session info saved: 10_report/pilot/session_info.txt
[2026-02-14 22:47:53] [INFO] 
===== PHASE 1: DATA PREPARATION =====
[2026-02-14 22:47:53] [INFO] 
[2026-02-14 22:47:53] [INFO] >>> Step 1: Import & Technical Validation
[2026-02-14 22:47:53] [INFO] --------------------------------------------------
[2026-02-14 22:47:53] [INFO] Raw data: 466 rows x 68 cols
[2026-02-14 22:47:53] [INFO] Raw snapshot saved: 01_raw/raw_data.rds
[2026-02-14 22:47:53] [WARN] Flagged 33 potential duplicates (same response pattern)
[2026-02-14 22:47:53] [INFO] After tech validation: 466 rows x 69 cols
[2026-02-14 22:47:53] [GATE] ✅ GATE [ Tech Validation ]: PASS
[2026-02-14 22:47:53] [GATE]   Details: All expected columns present
[2026-02-14 22:47:53] [INFO] Date filter applied (Time): 466 -> 34 rows  [* .. 2025-11-05]
[2026-02-14 22:47:53] [INFO] Pilot IDs saved: 10_report/pilot/pilot_ids.csv (34 respondents)
[2026-02-14 22:47:53] [INFO] 
[2026-02-14 22:47:53] [INFO] >>> Step 2: Behavioral Quality Control
[2026-02-14 22:47:53] [INFO] --------------------------------------------------
[2026-02-14 22:47:53] [INFO] Straight-lining flagged (Global SD=0): 2 (5.9%)
[2026-02-14 22:47:53] [INFO] Longstring threshold (auto, P95): 49
[2026-02-14 22:47:53] [INFO] Long-string flagged: 2 (5.9%)
[2026-02-14 22:47:53] [WARN] Time values appear to be epoch timestamps (median=1762344237). Converting to durations from earliest response.
[2026-02-14 22:47:53] [WARN] Epoch-derived durations are not true completion times — speeding check SKIPPED
[2026-02-14 22:47:53] [INFO] Speeding flagged: 0 (skipped — no valid duration column)
[2026-02-14 22:47:53] [INFO] Low IRV flagged: 2 (threshold: 0.000)
[2026-02-14 22:47:53] [INFO] Total flagged for removal: 2 (5.9%)
[2026-02-14 22:47:53] [INFO] Screening funnel plot saved
[2026-02-14 22:47:53] [INFO] After QC screening: 32 rows (removed 2)
[2026-02-14 22:47:53] [INFO] QC gate uses pilot_min_n=30 (default would be 90)
[2026-02-14 22:47:53] [GATE] ✅ GATE [ Behavioral QC ]: PASS
[2026-02-14 22:47:53] [GATE]   Details: N=32, minimum required=30
[2026-02-14 22:47:53] [INFO] 
[2026-02-14 22:47:53] [INFO] >>> Step 3: Missing Data Handling
[2026-02-14 22:47:53] [INFO] --------------------------------------------------
[2026-02-14 22:47:53] [INFO] Variable-level missing: min=0.0%, max=0.0%, median=0.0%
[2026-02-14 22:47:53] [INFO] No observations exceed missing threshold
[2026-02-14 22:47:53] [INFO] Imputed 0 values using 'mean' method
[2026-02-14 22:47:53] [INFO] Assumption: MCAR
[2026-02-14 22:47:53] [INFO] Final dataset: 32 rows x 60 indicator columns
[2026-02-14 22:47:53] [GATE] ✅ GATE [ Missing Data ]: PASS
[2026-02-14 22:47:53] [GATE]   Details: Remaining NA: 0, method: mean
[2026-02-14 22:47:53] [INFO] 
[2026-02-14 22:47:53] [INFO] >>> Step 4: Descriptive Statistics & Plausibility Checks
[2026-02-14 22:47:53] [INFO] --------------------------------------------------
[2026-02-14 22:47:53] [INFO] Descriptive stats: 60 variables computed
[2026-02-14 22:47:53] [WARN] Extreme skewness (|>2|): COM1, COM5, COM9
[2026-02-14 22:47:53] [WARN] Extreme kurtosis (|>7|): COM5
[2026-02-14 22:47:53] [WARN] Suspiciously high correlations (|r|>0.95): 1 pairs
[2026-02-14 22:47:53] [WARN]   ETH1 ~ ETH4: r=1.000
[2026-02-14 22:47:53] [INFO] --- 4b.1. Demographic Profile (Table 1) ---
[2026-02-14 22:47:53] [INFO]   Giới tính: 2 categories, N=32
[2026-02-14 22:47:53] [INFO]   Bằng cấp: 2 categories, N=32
[2026-02-14 22:47:53] [INFO]   Chứng chỉ hành nghề: 2 categories, N=32
[2026-02-14 22:47:53] [INFO]   Kinh nghiệm: 5 categories, N=32
[2026-02-14 22:47:53] [INFO]   Vị trí: 4 categories, N=32
[2026-02-14 22:47:53] [INFO]   Saved: 04_descriptives/demographic_profile.csv (15 rows)
[2026-02-14 22:47:53] [INFO] Sample demographics: 5 variables summarized
[2026-02-14 22:47:56] [INFO] Distribution plots saved: 04_descriptives/distribution_plots.pdf
[2026-02-14 22:47:56] [GATE] ❌ GATE [ Descriptives ]: FAIL
[2026-02-14 22:47:56] [GATE]   Details: Data validity issues detected — review before proceeding
[2026-02-14 22:47:56] [INFO] Descriptives complete — data NOT cleared: resolve validity issues first
[2026-02-14 22:47:56] [INFO] --- 4b.2. Dummy / Ordinal Coding ---
[2026-02-14 22:47:56] [INFO]   [DUMMY] Gen -> Gen_Dummy: 32 mapped, 0 unmapped
[2026-02-14 22:47:56] [INFO]   [ORDINAL] Exp -> Exp_Ord: 32 mapped (1..5), 0 unmapped
[2026-02-14 22:47:56] [INFO]   [ORDINAL] Pos -> Pos_Ord: 32 mapped (1..4), 0 unmapped
[2026-02-14 22:47:56] [INFO]   [REGEX_DUMMY] Cert -> Edu_PostGrad: pattern='Sau đại học', match=6, no_match=26
[2026-02-14 22:47:56] [INFO]   [REGEX_DUMMY] Cert -> CPA_Dummy: pattern='Chứng chỉ Kiểm toán viên|CPA', match=15, no_match=17
[2026-02-14 22:47:56] [INFO] 
Control variable coding complete: 5 variable(s) coded
[2026-02-14 22:47:56] [INFO] 
--- New Coded Columns Summary ---
[2026-02-14 22:47:56] [INFO]   Gen_Dummy: N=32, range=[0, 1], M=0.44, SD=0.50
[2026-02-14 22:47:56] [INFO]   Exp_Ord: N=32, range=[1, 5], M=2.34, SD=1.36
[2026-02-14 22:47:56] [INFO]   Pos_Ord: N=32, range=[1, 4], M=2.22, SD=1.13
[2026-02-14 22:47:56] [INFO]   Edu_PostGrad: N=32, range=[0, 1], M=0.19, SD=0.40
[2026-02-14 22:47:56] [INFO]   CPA_Dummy: N=32, range=[0, 1], M=0.47, SD=0.51
[2026-02-14 22:47:56] [INFO] 
Phase 1 complete — Analysis-ready dataset: 32 rows, 73 cols
[2026-02-14 22:47:56] [INFO] 
===== PHASE 2: CMV & MEASUREMENT MODEL =====
[2026-02-14 22:47:56] [INFO] 
[2026-02-14 22:47:56] [INFO] >>> Step 5: CMV/CMB Assessment
[2026-02-14 22:47:56] [INFO] --------------------------------------------------
[2026-02-14 22:47:56] [INFO] Procedural remedies applied during survey design:
  - Anonymity emphasized in instructions
  - Academic purpose clearly stated
  - Standardized, clear question wording
  - Varied item ordering to reduce cognitive load
  - Pilot-tested for clarity and completion time
  - Consistent Likert scale format
[2026-02-14 22:47:56] [INFO] Running Full Collinearity VIF Assessment...
[2026-02-14 22:47:56] [WARN] Full collinearity VIF failed: Lapack routine dgesv: system is exactly singular: U[4,4] = 0
[2026-02-14 22:47:56] [INFO] Running Harman's single-factor test (reference only)...
[2026-02-14 22:47:56] [INFO] Harman's single-factor test (REFERENCE ONLY):
  First component explains: 31.6% of variance
  Conclusion: OK — <50%
  NOTE: This is a supplementary reference, NOT a primary CMV test.
[2026-02-14 22:47:56] [INFO] Marker variable: NOT available in survey design (limitation noted)
[2026-02-14 22:47:56] [GATE] ❌ GATE [ CMV/CMB ]: FAIL
[2026-02-14 22:47:56] [GATE]   Details: Full collinearity test could not be computed
[2026-02-14 22:47:56] [INFO] 
--- Measurement Model Optimizer: DISABLED (instrument frozen) ---
[2026-02-14 22:47:56] [ERROR] PLS estimation failed at iteration 1 : Lapack routine dgesv: system is exactly singular: U[4,4] = 0
[2026-02-14 22:47:56] [ERROR] Cannot continue — PLS estimation failed
[2026-02-14 22:47:56] [INFO] No indicators auto-removed — model is clean
[2026-02-14 22:47:56] [WARN] PLS estimation failed — cannot proceed with measurement assessment
[2026-02-14 22:47:56] [INFO] Possible causes: singular data matrix, perfect collinearity among indicators
[2026-02-14 22:47:56] [INFO]   Check for r=1.000 correlations in descriptive stats
[2026-02-14 22:47:56] [INFO] 
[2026-02-14 22:47:56] [INFO] === PILOT EARLY EXIT — PLS failed (expected with N << p) ===
[2026-02-14 22:47:56] [INFO] Pilot data quality checks (Phase 1) completed successfully.
[2026-02-14 22:47:56] [INFO] Measurement model could not be estimated — review data for:
[2026-02-14 22:47:56] [INFO]   1. Identical response patterns causing singular matrix
[2026-02-14 22:47:56] [INFO]   2. Perfect correlations (r=1) between indicators
[2026-02-14 22:47:56] [INFO]   3. N too small relative to number of indicators
[2026-02-14 22:47:56] [INFO] Instrument lock written: 10_report/pilot/instrument_locked.json
[2026-02-14 22:47:56] [INFO] Pilot summary: 10_report/pilot/pilot_summary.md
[2026-02-14 22:47:56] [INFO] 
========================================
[2026-02-14 22:47:56] [INFO] PIPELINE SUMMARY (PILOT — Type A Feasibility)
[2026-02-14 22:47:56] [INFO] ========================================
[2026-02-14 22:47:56] [INFO] Final sample: 32 observations
[2026-02-14 22:47:56] [INFO] PLS estimation: FAILED (singular matrix)
[2026-02-14 22:47:56] [INFO] Measurement assessment: SKIPPED
[2026-02-14 22:47:56] [INFO] ========================================
[2026-02-14 22:47:56] [INFO] 
[2026-02-14 22:47:56] [INFO] ========================================
[2026-02-14 22:47:56] [INFO] Pipeline log closed
[2026-02-14 22:47:56] [INFO] Total time: 0.1 minutes
[2026-02-14 22:47:56] [INFO] Gates: 3 passed, 2 failed (total: 5)
[2026-02-14 22:47:56] [INFO]   ✅ Tech Validation — All expected columns present
[2026-02-14 22:47:56] [INFO]   ✅ Behavioral QC — N=32, minimum required=30
[2026-02-14 22:47:56] [INFO]   ✅ Missing Data — Remaining NA: 0, method: mean
[2026-02-14 22:47:56] [INFO]   ❌ Descriptives — Data validity issues detected — review before proceeding
[2026-02-14 22:47:56] [INFO]   ❌ CMV/CMB — Full collinearity test could not be computed
[2026-02-14 22:47:56] [INFO] ========================================
