[2026-02-14 20:15:13] [INFO] ========================================
[2026-02-14 20:15:13] [INFO] CCA-SEM Pipeline — Log started
[2026-02-14 20:15:13] [INFO] Time: 2026-02-14 20:15:13.329524
[2026-02-14 20:15:13] [INFO] R version: R version 4.4.3 (2025-02-28 ucrt)
[2026-02-14 20:15:13] [INFO] ========================================
[2026-02-14 20:15:13] [INFO] Stage: PILOT
[2026-02-14 20:15:13] [INFO] Date filter: Time *..2025-11-06
[2026-02-14 20:15:13] [INFO] Stop after phase: 2
[2026-02-14 20:15:13] [INFO] Project: PLS-SEM Dissertation Analysis — Audit Quality (Khung CCA)
[2026-02-14 20:15:13] [INFO] Config: config/pilot.yml
[2026-02-14 20:15:13] [INFO] Seed: 42
[2026-02-14 20:15:13] [INFO] Bootstrap: 5000
[2026-02-14 20:15:13] [INFO] Constructs: 11
[2026-02-14 20:15:13] [INFO]   Reflective: 5
[2026-02-14 20:15:13] [INFO]   Formative: 6
[2026-02-14 20:15:13] [INFO] Structural paths: 10
[2026-02-14 20:15:13] [INFO] Output dir: 10_report/pilot
[2026-02-14 20:15:13] [INFO] Config snapshot saved: 10_report/pilot/config_snapshot_pilot.yml
[2026-02-14 20:15:13] [INFO] Session info saved: 10_report/pilot/session_info.txt
[2026-02-14 20:15:13] [INFO] 
===== PHASE 1: DATA PREPARATION =====
[2026-02-14 20:15:13] [INFO] 
[2026-02-14 20:15:13] [INFO] >>> Step 1: Import & Technical Validation
[2026-02-14 20:15:13] [INFO] --------------------------------------------------
[2026-02-14 20:15:13] [INFO] Raw data: 466 rows x 68 cols
[2026-02-14 20:15:13] [INFO] Raw snapshot saved: 01_raw/raw_data.rds
[2026-02-14 20:15:13] [WARN] Flagged 33 potential duplicates (same response pattern)
[2026-02-14 20:15:13] [INFO] After tech validation: 466 rows x 69 cols
[2026-02-14 20:15:13] [GATE] ✅ GATE [ Tech Validation ]: PASS
[2026-02-14 20:15:13] [GATE]   Details: All expected columns present
[2026-02-14 20:15:13] [INFO] Date filter applied (Time): 466 → 70 rows  [* .. 2025-11-06]
[2026-02-14 20:15:13] [INFO] 
[2026-02-14 20:15:13] [INFO] >>> Step 2: Behavioral Quality Control
[2026-02-14 20:15:13] [INFO] --------------------------------------------------
[2026-02-14 20:15:13] [INFO] Straight-lining flagged (Global SD=0): 3 (4.3%)
[2026-02-14 20:15:13] [INFO] Longstring threshold (auto, P95): 57
[2026-02-14 20:15:13] [INFO] Long-string flagged: 4 (5.7%)
[2026-02-14 20:15:13] [WARN] Time values appear to be epoch timestamps (median=1762422945). Converting to durations from earliest response.
[2026-02-14 20:15:13] [WARN] Epoch-derived durations are not true completion times — speeding check SKIPPED
[2026-02-14 20:15:13] [INFO] Speeding flagged: 0 (skipped — no valid duration column)
[2026-02-14 20:15:13] [INFO] Low IRV flagged: 3 (threshold: 0.000)
[2026-02-14 20:15:13] [INFO] Total flagged for removal: 3 (4.3%)
[2026-02-14 20:15:14] [INFO] Screening funnel plot saved
[2026-02-14 20:15:14] [INFO] After QC screening: 67 rows (removed 3)
[2026-02-14 20:15:14] [GATE] ❌ GATE [ Behavioral QC ]: FAIL
[2026-02-14 20:15:14] [GATE]   Details: N=67, minimum required=90
[2026-02-14 20:15:14] [INFO] 
[2026-02-14 20:15:14] [INFO] >>> Step 3: Missing Data Handling
[2026-02-14 20:15:14] [INFO] --------------------------------------------------
[2026-02-14 20:15:14] [INFO] Variable-level missing: min=0.0%, max=0.0%, median=0.0%
[2026-02-14 20:15:14] [INFO] No observations exceed missing threshold
[2026-02-14 20:15:14] [INFO] Imputed 0 values using 'mean' method
[2026-02-14 20:15:14] [INFO] Assumption: MCAR
[2026-02-14 20:15:14] [INFO] Final dataset: 67 rows x 60 indicator columns
[2026-02-14 20:15:14] [GATE] ✅ GATE [ Missing Data ]: PASS
[2026-02-14 20:15:14] [GATE]   Details: Remaining NA: 0, method: mean
[2026-02-14 20:15:14] [INFO] 
[2026-02-14 20:15:14] [INFO] >>> Step 4: Descriptive Statistics & Plausibility Checks
[2026-02-14 20:15:14] [INFO] --------------------------------------------------
[2026-02-14 20:15:14] [INFO] Descriptive stats: 60 variables computed
[2026-02-14 20:15:14] [WARN] Extreme skewness (|>2|): COM5
[2026-02-14 20:15:14] [WARN] Extreme kurtosis (|>7|): COM5
[2026-02-14 20:15:14] [INFO] --- 4b.1. Demographic Profile (Table 1) ---
[2026-02-14 20:15:14] [INFO]   Giới tính: 2 categories, N=67
[2026-02-14 20:15:14] [INFO]   Bằng cấp: 2 categories, N=67
[2026-02-14 20:15:14] [INFO]   Chứng chỉ hành nghề: 2 categories, N=67
[2026-02-14 20:15:14] [INFO]   Kinh nghiệm: 5 categories, N=67
[2026-02-14 20:15:14] [INFO]   Vị trí: 4 categories, N=67
[2026-02-14 20:15:14] [INFO]   Saved: 04_descriptives/demographic_profile.csv (15 rows)
[2026-02-14 20:15:14] [INFO] Sample demographics: 5 variables summarized
[2026-02-14 20:15:17] [INFO] Distribution plots saved: 04_descriptives/distribution_plots.pdf
[2026-02-14 20:15:17] [GATE] ✅ GATE [ Descriptives ]: PASS
[2026-02-14 20:15:17] [GATE]   Details: PASS with warnings — skew/kurtosis anomalies noted (acceptable for Likert data)
[2026-02-14 20:15:17] [INFO] Descriptives complete — data cleared for modeling (distributional warnings noted)
[2026-02-14 20:15:17] [INFO] --- 4b.2. Dummy / Ordinal Coding ---
[2026-02-14 20:15:17] [INFO]   [DUMMY] Gen -> Gen_Dummy: 67 mapped, 0 unmapped
[2026-02-14 20:15:17] [INFO]   [ORDINAL] Exp -> Exp_Ord: 67 mapped (1..5), 0 unmapped
[2026-02-14 20:15:17] [INFO]   [ORDINAL] Pos -> Pos_Ord: 67 mapped (1..4), 0 unmapped
[2026-02-14 20:15:17] [INFO]   [REGEX_DUMMY] Cert -> Edu_PostGrad: pattern='Sau đại học', match=11, no_match=56
[2026-02-14 20:15:17] [INFO]   [REGEX_DUMMY] Cert -> CPA_Dummy: pattern='Chứng chỉ Kiểm toán viên|CPA', match=34, no_match=33
[2026-02-14 20:15:17] [INFO] 
Control variable coding complete: 5 variable(s) coded
[2026-02-14 20:15:17] [INFO] 
--- New Coded Columns Summary ---
[2026-02-14 20:15:17] [INFO]   Gen_Dummy: N=67, range=[0, 1], M=0.55, SD=0.50
[2026-02-14 20:15:17] [INFO]   Exp_Ord: N=67, range=[1, 5], M=2.52, SD=1.34
[2026-02-14 20:15:17] [INFO]   Pos_Ord: N=67, range=[1, 4], M=2.36, SD=1.16
[2026-02-14 20:15:17] [INFO]   Edu_PostGrad: N=67, range=[0, 1], M=0.16, SD=0.37
[2026-02-14 20:15:17] [INFO]   CPA_Dummy: N=67, range=[0, 1], M=0.51, SD=0.50
[2026-02-14 20:15:17] [INFO] 
Phase 1 complete — Analysis-ready dataset: 67 rows, 73 cols
[2026-02-14 20:15:17] [INFO] 
===== PHASE 2: CMV & MEASUREMENT MODEL =====
[2026-02-14 20:15:17] [INFO] 
[2026-02-14 20:15:17] [INFO] >>> Step 5: CMV/CMB Assessment
[2026-02-14 20:15:17] [INFO] --------------------------------------------------
[2026-02-14 20:15:17] [INFO] Procedural remedies applied during survey design:
  - Anonymity emphasized in instructions
  - Academic purpose clearly stated
  - Standardized, clear question wording
  - Varied item ordering to reduce cognitive load
  - Pilot-tested for clarity and completion time
  - Consistent Likert scale format
[2026-02-14 20:15:17] [INFO] Running Full Collinearity VIF Assessment...
[2026-02-14 20:15:17] [INFO] Full Collinearity VIF range: [1.561, 3.773]
[2026-02-14 20:15:17] [INFO]   Thresholds: WARN >= 3.3, FAIL >= 5.0
[2026-02-14 20:15:17] [INFO]   COM: VIF = 2.830 [OK]
[2026-02-14 20:15:17] [INFO]   PS: VIF = 1.822 [OK]
[2026-02-14 20:15:17] [INFO]   MO: VIF = 2.598 [OK]
[2026-02-14 20:15:17] [INFO]   TP: VIF = 1.561 [OK]
[2026-02-14 20:15:17] [INFO]   IT: VIF = 2.091 [OK]
[2026-02-14 20:15:17] [INFO]   CEV: VIF = 2.482 [OK]
[2026-02-14 20:15:17] [INFO]   CG: VIF = 1.770 [OK]
[2026-02-14 20:15:17] [INFO]   ETH: VIF = 2.564 [OK]
[2026-02-14 20:15:17] [INFO]   TC: VIF = 1.874 [OK]
[2026-02-14 20:15:17] [INFO]   AJ: VIF = 2.138 [OK]
[2026-02-14 20:15:17] [INFO]   AQ: VIF = 3.773 [WARN]
[2026-02-14 20:15:17] [INFO] Running Harman's single-factor test (reference only)...
[2026-02-14 20:15:17] [INFO] Harman's single-factor test (REFERENCE ONLY):
  First component explains: 31.0% of variance
  Conclusion: OK — <50%
  NOTE: This is a supplementary reference, NOT a primary CMV test.
[2026-02-14 20:15:17] [INFO] Marker variable: NOT available in survey design (limitation noted)
[2026-02-14 20:15:17] [GATE] ✅ GATE [ CMV/CMB ]: PASS
[2026-02-14 20:15:17] [GATE]   Details: WARN — Max full collinearity VIF: 3.773 (>= 3.3 warn, < 5.0 fail). Potential CMV; interpret with caution
[2026-02-14 20:15:17] [INFO] 
--- Measurement Model Optimizer ---
[2026-02-14 20:15:17] [INFO] Strategy: auto-remove reflective indicators with loading < 0.40
[2026-02-14 20:15:17] [INFO] Max iterations: 5
[2026-02-14 20:15:17] [INFO] 
--- Optimizer Iteration 1/5 ---
[2026-02-14 20:15:17] [INFO] PLS model estimated successfully
[2026-02-14 20:15:18] [INFO]   [AUTO-FIX] Removing indicator IT4 (Loading = 0.296 < 0.40). Re-estimating...
[2026-02-14 20:15:18] [INFO] 
--- Optimizer Iteration 2/5 ---
[2026-02-14 20:15:18] [INFO] PLS model estimated successfully
[2026-02-14 20:15:19] [INFO] All reflective loadings >= 0.40 — optimizer converged
[2026-02-14 20:15:19] [INFO] 
--- Auto-removed 1 indicator(s) across 1 iteration(s) ---
[2026-02-14 20:15:19] [INFO]   Iter 1: IT.IT4 (Loading=0.296)
[2026-02-14 20:15:19] [INFO] 
--- Final Indicator Counts ---
[2026-02-14 20:15:19] [INFO]   COM [formative]: 9/9
[2026-02-14 20:15:19] [INFO]   PS [reflective]: 5/5
[2026-02-14 20:15:19] [INFO]   MO [formative]: 5/5
[2026-02-14 20:15:19] [INFO]   TP [reflective]: 4/4
[2026-02-14 20:15:19] [INFO]   IT [reflective]: 3/4 (removed 1)
[2026-02-14 20:15:19] [INFO]   CEV [reflective]: 5/5
[2026-02-14 20:15:19] [INFO]   CG [formative]: 9/9
[2026-02-14 20:15:19] [INFO]   ETH [formative]: 4/4
[2026-02-14 20:15:19] [INFO]   TC [formative]: 6/6
[2026-02-14 20:15:19] [INFO]   AJ [reflective]: 3/3
[2026-02-14 20:15:19] [INFO]   AQ [formative]: 6/6
[2026-02-14 20:15:19] [INFO] 
Bootstrapping (5000 samples)...
[2026-02-14 20:16:16] [INFO] Bootstrap complete
[2026-02-14 20:16:16] [INFO] 
[2026-02-14 20:16:16] [INFO] >>> Step 6: Reflective Measurement Model Assessment (CCA Mode A)
[2026-02-14 20:16:16] [INFO] --------------------------------------------------
[2026-02-14 20:16:18] [INFO] --- 6.1. Outer Loadings (Indicator Reliability) ---
[2026-02-14 20:16:18] [INFO] INDICATOR [ PS1 ]: KEEP — Loading 0.936 >= 0.708
[2026-02-14 20:16:18] [INFO] INDICATOR [ PS2 ]: KEEP — Loading 0.743 >= 0.708
[2026-02-14 20:16:18] [INFO] INDICATOR [ PS3 ]: KEEP — Loading 0.934 >= 0.708
[2026-02-14 20:16:18] [INFO] INDICATOR [ PS4 ]: KEEP — Loading 0.787 >= 0.708
[2026-02-14 20:16:18] [INFO] INDICATOR [ PS5 ]: KEEP — Loading 0.764 >= 0.708
[2026-02-14 20:16:18] [INFO] INDICATOR [ TP1 ]: REVIEW — Loading 0.514 in [0.40, 0.708] — review if removing improves CR/AVE
[2026-02-14 20:16:18] [INFO] INDICATOR [ TP2 ]: REVIEW — Loading 0.469 in [0.40, 0.708] — review if removing improves CR/AVE
[2026-02-14 20:16:18] [INFO] INDICATOR [ TP3 ]: REVIEW — Loading 0.473 in [0.40, 0.708] — review if removing improves CR/AVE
[2026-02-14 20:16:18] [INFO] INDICATOR [ TP4 ]: KEEP — Loading 1.065 >= 0.708
[2026-02-14 20:16:18] [INFO] INDICATOR [ IT1 ]: REVIEW — Loading 0.695 in [0.40, 0.708] — review if removing improves CR/AVE
[2026-02-14 20:16:18] [INFO] INDICATOR [ IT2 ]: KEEP — Loading 1.091 >= 0.708
[2026-02-14 20:16:18] [INFO] INDICATOR [ IT3 ]: REVIEW — Loading 0.705 in [0.40, 0.708] — review if removing improves CR/AVE
[2026-02-14 20:16:18] [INFO] INDICATOR [ CEV1 ]: KEEP — Loading 0.870 >= 0.708
[2026-02-14 20:16:18] [INFO] INDICATOR [ CEV2 ]: KEEP — Loading 0.796 >= 0.708
[2026-02-14 20:16:18] [INFO] INDICATOR [ CEV3 ]: REVIEW — Loading 0.644 in [0.40, 0.708] — review if removing improves CR/AVE
[2026-02-14 20:16:18] [INFO] INDICATOR [ CEV4 ]: KEEP — Loading 0.808 >= 0.708
[2026-02-14 20:16:18] [INFO] INDICATOR [ CEV5 ]: KEEP — Loading 0.874 >= 0.708
[2026-02-14 20:16:18] [INFO] INDICATOR [ AJ1 ]: KEEP — Loading 0.847 >= 0.708
[2026-02-14 20:16:18] [INFO] INDICATOR [ AJ2 ]: KEEP — Loading 0.854 >= 0.708
[2026-02-14 20:16:18] [INFO] INDICATOR [ AJ3 ]: KEEP — Loading 0.806 >= 0.708
[2026-02-14 20:16:18] [INFO] --- 6.2. Internal Consistency Reliability ---
[2026-02-14 20:16:18] [INFO]   PS: Alpha=0.920, rho_A=0.928, CR=0.921, AVE=0.701
[2026-02-14 20:16:18] [INFO]   TP: Alpha=0.773, rho_A=0.898, CR=0.747, AVE=0.461
[2026-02-14 20:16:18] [INFO]   IT: Alpha=0.870, rho_A=0.945, CR=0.882, AVE=0.723
[2026-02-14 20:16:18] [INFO]   CEV: Alpha=0.901, rho_A=0.907, CR=0.900, AVE=0.644
[2026-02-14 20:16:18] [INFO]   AJ: Alpha=0.874, rho_A=0.875, CR=0.874, AVE=0.699
[2026-02-14 20:16:18] [WARN] TP: AVE=0.461 < 0.50
[2026-02-14 20:16:18] [INFO] --- 6.3. Discriminant Validity (HTMT) ---
[2026-02-14 20:16:18] [INFO] HTMT max (reflective pairs): 0.663
[2026-02-14 20:16:18] [INFO] HTMT max (all pairs): 0.791
[2026-02-14 20:16:18] [GATE] ❌ GATE [ Reflective Measurement ]: FAIL
[2026-02-14 20:16:18] [GATE]   Details: Reliability OK: FALSE, HTMT OK: TRUE
[2026-02-14 20:16:18] [INFO] 
[2026-02-14 20:16:18] [INFO] >>> Step 7: Formative/Composite Measurement Assessment (CCA Mode B)
[2026-02-14 20:16:18] [INFO] --------------------------------------------------
[2026-02-14 20:16:20] [INFO] --- 7.1. Outer VIF (Indicator Collinearity) ---
[2026-02-14 20:16:20] [INFO]   COM → COM1: VIF = 2.122 [OK]
[2026-02-14 20:16:20] [INFO]   COM → COM2: VIF = 2.678 [OK]
[2026-02-14 20:16:20] [INFO]   COM → COM3: VIF = 2.194 [OK]
[2026-02-14 20:16:20] [INFO]   COM → COM4: VIF = 1.388 [OK]
[2026-02-14 20:16:20] [INFO]   COM → COM5: VIF = 2.353 [OK]
[2026-02-14 20:16:20] [INFO]   COM → COM6: VIF = 1.929 [OK]
[2026-02-14 20:16:20] [INFO]   COM → COM7: VIF = 2.306 [OK]
[2026-02-14 20:16:20] [INFO]   COM → COM8: VIF = 1.875 [OK]
[2026-02-14 20:16:20] [INFO]   COM → COM9: VIF = 1.430 [OK]
[2026-02-14 20:16:20] [INFO]   MO → MO1: VIF = 3.154 [CAUTION]
[2026-02-14 20:16:20] [INFO]   MO → MO2: VIF = 3.252 [CAUTION]
[2026-02-14 20:16:20] [INFO]   MO → MO3: VIF = 1.997 [OK]
[2026-02-14 20:16:20] [INFO]   MO → MO4: VIF = 2.081 [OK]
[2026-02-14 20:16:20] [INFO]   MO → MO5: VIF = 2.306 [OK]
[2026-02-14 20:16:20] [INFO]   CG → CG1: VIF = 2.795 [OK]
[2026-02-14 20:16:20] [INFO]   CG → CG2: VIF = 2.615 [OK]
[2026-02-14 20:16:20] [INFO]   CG → CG3: VIF = 2.820 [OK]
[2026-02-14 20:16:20] [INFO]   CG → CG4: VIF = 2.711 [OK]
[2026-02-14 20:16:20] [INFO]   CG → CG5: VIF = 2.862 [OK]
[2026-02-14 20:16:20] [INFO]   CG → CG6: VIF = 1.864 [OK]
[2026-02-14 20:16:20] [INFO]   CG → CG7: VIF = 2.416 [OK]
[2026-02-14 20:16:20] [INFO]   CG → CG8: VIF = 6.028 [FAIL]
[2026-02-14 20:16:20] [INFO]   CG → CG9: VIF = 3.126 [CAUTION]
[2026-02-14 20:16:20] [INFO]   ETH → ETH1: VIF = 3.101 [CAUTION]
[2026-02-14 20:16:20] [INFO]   ETH → ETH2: VIF = 3.025 [CAUTION]
[2026-02-14 20:16:20] [INFO]   ETH → ETH3: VIF = 2.923 [OK]
[2026-02-14 20:16:20] [INFO]   ETH → ETH4: VIF = 4.938 [CAUTION]
[2026-02-14 20:16:20] [INFO]   TC → TC1: VIF = 1.658 [OK]
[2026-02-14 20:16:20] [INFO]   TC → TC2: VIF = 2.059 [OK]
[2026-02-14 20:16:20] [INFO]   TC → TC3: VIF = 2.482 [OK]
[2026-02-14 20:16:20] [INFO]   TC → TC4: VIF = 3.831 [CAUTION]
[2026-02-14 20:16:20] [INFO]   TC → TC5: VIF = 3.772 [CAUTION]
[2026-02-14 20:16:20] [INFO]   TC → TC6: VIF = 3.655 [CAUTION]
[2026-02-14 20:16:20] [INFO]   AQ → AQ1: VIF = 1.778 [OK]
[2026-02-14 20:16:20] [INFO]   AQ → AQ2: VIF = 1.748 [OK]
[2026-02-14 20:16:20] [INFO]   AQ → AQ3: VIF = 3.272 [CAUTION]
[2026-02-14 20:16:20] [INFO]   AQ → AQ4: VIF = 2.766 [OK]
[2026-02-14 20:16:20] [INFO]   AQ → AQ5: VIF = 2.682 [OK]
[2026-02-14 20:16:20] [INFO]   AQ → AQ6: VIF = 1.500 [OK]
[2026-02-14 20:16:20] [INFO] --- 7.2. Outer Weights (Bootstrap) ---
[2026-02-14 20:16:20] [INFO] INDICATOR [ COM1 ]: REVIEW — Weight ns (t=0.000), loading=0.458 < 0.50 — check content validity
[2026-02-14 20:16:20] [INFO] INDICATOR [ COM2 ]: KEEP (content) — Weight ns (t=0.000, p=1.000) but loading=0.730 >= 0.50; content important
[2026-02-14 20:16:20] [INFO] INDICATOR [ COM3 ]: REVIEW — Weight ns (t=0.000), loading=0.243 < 0.50 — check content validity
[2026-02-14 20:16:20] [INFO] INDICATOR [ COM4 ]: REVIEW — Weight ns (t=0.000), loading=0.451 < 0.50 — check content validity
[2026-02-14 20:16:20] [INFO] INDICATOR [ COM5 ]: REVIEW — Weight ns (t=0.000), loading=0.387 < 0.50 — check content validity
[2026-02-14 20:16:20] [INFO] INDICATOR [ COM6 ]: KEEP (content) — Weight ns (t=0.000, p=1.000) but loading=0.618 >= 0.50; content important
[2026-02-14 20:16:20] [INFO] INDICATOR [ COM7 ]: KEEP (content) — Weight ns (t=0.000, p=1.000) but loading=0.721 >= 0.50; content important
[2026-02-14 20:16:20] [INFO] INDICATOR [ COM8 ]: REVIEW — Weight ns (t=0.000), loading=0.313 < 0.50 — check content validity
[2026-02-14 20:16:20] [INFO] INDICATOR [ COM9 ]: REVIEW — Weight ns (t=0.000), loading=0.121 < 0.50 — check content validity
[2026-02-14 20:16:20] [INFO] INDICATOR [ MO1 ]: KEEP (content) — Weight ns (t=0.000, p=1.000) but loading=0.690 >= 0.50; content important
[2026-02-14 20:16:20] [INFO] INDICATOR [ MO2 ]: KEEP (content) — Weight ns (t=0.000, p=1.000) but loading=0.875 >= 0.50; content important
[2026-02-14 20:16:21] [INFO] INDICATOR [ MO3 ]: KEEP (content) — Weight ns (t=0.000, p=1.000) but loading=0.733 >= 0.50; content important
[2026-02-14 20:16:21] [INFO] INDICATOR [ MO4 ]: KEEP (content) — Weight ns (t=0.000, p=1.000) but loading=0.673 >= 0.50; content important
[2026-02-14 20:16:21] [INFO] INDICATOR [ MO5 ]: KEEP (content) — Weight ns (t=0.000, p=1.000) but loading=0.771 >= 0.50; content important
[2026-02-14 20:16:21] [INFO] INDICATOR [ CG1 ]: REVIEW — Weight ns (t=0.000), loading=0.342 < 0.50 — check content validity
[2026-02-14 20:16:21] [INFO] INDICATOR [ CG2 ]: REVIEW — Weight ns (t=0.000), loading=0.143 < 0.50 — check content validity
[2026-02-14 20:16:21] [INFO] INDICATOR [ CG3 ]: KEEP (content) — Weight ns (t=0.000, p=1.000) but loading=0.773 >= 0.50; content important
[2026-02-14 20:16:21] [INFO] INDICATOR [ CG4 ]: REVIEW — Weight ns (t=0.000), loading=0.433 < 0.50 — check content validity
[2026-02-14 20:16:21] [INFO] INDICATOR [ CG5 ]: KEEP (content) — Weight ns (t=0.000, p=1.000) but loading=0.528 >= 0.50; content important
[2026-02-14 20:16:21] [INFO] INDICATOR [ CG6 ]: KEEP (content) — Weight ns (t=0.000, p=1.000) but loading=0.656 >= 0.50; content important
[2026-02-14 20:16:21] [INFO] INDICATOR [ CG7 ]: KEEP (content) — Weight ns (t=0.000, p=1.000) but loading=0.646 >= 0.50; content important
[2026-02-14 20:16:21] [INFO] INDICATOR [ CG8 ]: KEEP (content) — Weight ns (t=0.000, p=1.000) but loading=0.782 >= 0.50; content important
[2026-02-14 20:16:21] [INFO] INDICATOR [ CG9 ]: KEEP (content) — Weight ns (t=0.000, p=1.000) but loading=0.802 >= 0.50; content important
[2026-02-14 20:16:21] [INFO] INDICATOR [ ETH1 ]: KEEP (content) — Weight ns (t=0.000, p=1.000) but loading=0.678 >= 0.50; content important
[2026-02-14 20:16:21] [INFO] INDICATOR [ ETH2 ]: KEEP (content) — Weight ns (t=0.000, p=1.000) but loading=0.771 >= 0.50; content important
[2026-02-14 20:16:21] [INFO] INDICATOR [ ETH3 ]: KEEP (content) — Weight ns (t=0.000, p=1.000) but loading=0.962 >= 0.50; content important
[2026-02-14 20:16:21] [INFO] INDICATOR [ ETH4 ]: KEEP (content) — Weight ns (t=0.000, p=1.000) but loading=0.910 >= 0.50; content important
[2026-02-14 20:16:21] [INFO] INDICATOR [ TC1 ]: KEEP (content) — Weight ns (t=0.000, p=1.000) but loading=0.868 >= 0.50; content important
[2026-02-14 20:16:21] [INFO] INDICATOR [ TC2 ]: KEEP (content) — Weight ns (t=0.000, p=1.000) but loading=0.746 >= 0.50; content important
[2026-02-14 20:16:21] [INFO] INDICATOR [ TC3 ]: KEEP (content) — Weight ns (t=0.000, p=1.000) but loading=0.767 >= 0.50; content important
[2026-02-14 20:16:21] [INFO] INDICATOR [ TC4 ]: KEEP (content) — Weight ns (t=0.000, p=1.000) but loading=0.601 >= 0.50; content important
[2026-02-14 20:16:21] [INFO] INDICATOR [ TC5 ]: KEEP (content) — Weight ns (t=0.000, p=1.000) but loading=0.767 >= 0.50; content important
[2026-02-14 20:16:21] [INFO] INDICATOR [ TC6 ]: KEEP (content) — Weight ns (t=0.000, p=1.000) but loading=0.602 >= 0.50; content important
[2026-02-14 20:16:21] [INFO] INDICATOR [ AQ1 ]: KEEP (content) — Weight ns (t=0.000, p=1.000) but loading=0.774 >= 0.50; content important
[2026-02-14 20:16:21] [INFO] INDICATOR [ AQ2 ]: KEEP (content) — Weight ns (t=0.000, p=1.000) but loading=0.660 >= 0.50; content important
[2026-02-14 20:16:21] [INFO] INDICATOR [ AQ3 ]: KEEP (content) — Weight ns (t=0.000, p=1.000) but loading=0.823 >= 0.50; content important
[2026-02-14 20:16:21] [INFO] INDICATOR [ AQ4 ]: KEEP (content) — Weight ns (t=0.000, p=1.000) but loading=0.849 >= 0.50; content important
[2026-02-14 20:16:21] [INFO] INDICATOR [ AQ5 ]: KEEP (content) — Weight ns (t=0.000, p=1.000) but loading=0.783 >= 0.50; content important
[2026-02-14 20:16:21] [INFO] INDICATOR [ AQ6 ]: KEEP (content) — Weight ns (t=0.000, p=1.000) but loading=0.522 >= 0.50; content important
[2026-02-14 20:16:21] [INFO] --- 7.3. Nomological Validity ---
[2026-02-14 20:16:21] [INFO] No global single items available — redundancy analysis not feasible
[2026-02-14 20:16:21] [INFO] Assessing nomological validity via path relationships...
[2026-02-14 20:16:21] [INFO]   COM relates to: AJ
[2026-02-14 20:16:21] [INFO]   MO relates to: AJ
[2026-02-14 20:16:21] [INFO]   CG relates to: AJ
[2026-02-14 20:16:21] [INFO]   ETH relates to: AQ
[2026-02-14 20:16:21] [INFO]   TC relates to: AQ
[2026-02-14 20:16:21] [INFO]   AQ relates to: AJ, TC, ETH
[2026-02-14 20:16:21] [GATE] ❌ GATE [ Formative Measurement ]: FAIL
[2026-02-14 20:16:21] [GATE]   Details: VIF OK: FALSE, max VIF: 6.028
[2026-02-14 20:16:21] [INFO] 
[2026-02-14 20:16:21] [INFO] >>> Step 8: Higher-Order Construct Assessment
[2026-02-14 20:16:21] [INFO] --------------------------------------------------
[2026-02-14 20:16:21] [INFO] No higher-order constructs specified — skipping Step 8
[2026-02-14 20:16:21] [GATE] ✅ GATE [ HOC Assessment ]: PASS
[2026-02-14 20:16:21] [GATE]   Details: N/A — no HOC in model
[2026-02-14 20:16:21] [INFO] 
[2026-02-14 20:16:21] [INFO] === MEASUREMENT MODEL GATE: FAIL ❌ ===
[2026-02-14 20:16:21] [WARN] Measurement model NOT passed — structural results should be interpreted with caution
[2026-02-14 20:16:21] [INFO] 
[2026-02-14 20:16:21] [INFO] === PILOT stop_after_phase=2 reached — structural/hypotheses SKIPPED ===
[2026-02-14 20:16:21] [INFO] Instrument lock written: 10_report/pilot/instrument_locked.json
[2026-02-14 20:16:21] [INFO] Pilot summary: 10_report/pilot/pilot_summary.md
[2026-02-14 20:16:21] [INFO] 
========================================
[2026-02-14 20:16:21] [INFO] PIPELINE SUMMARY (PILOT)
[2026-02-14 20:16:21] [INFO] ========================================
[2026-02-14 20:16:21] [INFO] Date filter: Time <=2025-11-06
[2026-02-14 20:16:21] [INFO] Final sample: 67 observations
[2026-02-14 20:16:21] [INFO] Constructs: 11 total (5 reflective, 6 formative)
[2026-02-14 20:16:21] [INFO] Measurement gate: FAIL
[2026-02-14 20:16:21] [INFO] Structural: SKIPPED (pilot stop_after_phase=2)
[2026-02-14 20:16:21] [INFO] Instrument locked: CREATED
[2026-02-14 20:16:21] [INFO] ========================================
[2026-02-14 20:16:21] [INFO] 
[2026-02-14 20:16:21] [INFO] ========================================
[2026-02-14 20:16:21] [INFO] Pipeline log closed
[2026-02-14 20:16:21] [INFO] Total time: 1.1 minutes
[2026-02-14 20:16:21] [INFO] Gates: 5 passed, 3 failed (total: 8)
[2026-02-14 20:16:21] [INFO]   ✅ Tech Validation — All expected columns present
[2026-02-14 20:16:21] [INFO]   ❌ Behavioral QC — N=67, minimum required=90
[2026-02-14 20:16:21] [INFO]   ✅ Missing Data — Remaining NA: 0, method: mean
[2026-02-14 20:16:21] [INFO]   ✅ Descriptives — PASS with warnings — skew/kurtosis anomalies noted (acceptable for Likert data)
[2026-02-14 20:16:21] [INFO]   ✅ CMV/CMB — WARN — Max full collinearity VIF: 3.773 (>= 3.3 warn, < 5.0 fail). Potential CMV; interpret with caution
[2026-02-14 20:16:21] [INFO]   ❌ Reflective Measurement — Reliability OK: FALSE, HTMT OK: TRUE
[2026-02-14 20:16:21] [INFO]   ❌ Formative Measurement — VIF OK: FALSE, max VIF: 6.028
[2026-02-14 20:16:21] [INFO]   ✅ HOC Assessment — N/A — no HOC in model
[2026-02-14 20:16:21] [INFO] ========================================
