[2026-02-13 20:09:58] [INFO] ========================================
[2026-02-13 20:09:58] [INFO] CCA-SEM Pipeline — Log started
[2026-02-13 20:09:58] [INFO] Time: 2026-02-13 20:09:58.684158
[2026-02-13 20:09:58] [INFO] R version: R version 4.4.3 (2025-02-28 ucrt)
[2026-02-13 20:09:58] [INFO] ========================================
[2026-02-13 20:09:58] [INFO] Project: PLS-SEM Dissertation Analysis — Audit Quality (Khung CCA)
[2026-02-13 20:09:58] [INFO] Config locked: 2026-02-13
[2026-02-13 20:09:58] [INFO] Seed: 42
[2026-02-13 20:09:58] [INFO] Bootstrap: 5000
[2026-02-13 20:09:58] [INFO] Constructs: 11
[2026-02-13 20:09:58] [INFO]   Reflective: 5
[2026-02-13 20:09:58] [INFO]   Formative: 6
[2026-02-13 20:09:58] [INFO] Structural paths: 10
[2026-02-13 20:09:58] [INFO] 
===== PHASE 1: DATA PREPARATION =====
[2026-02-13 20:09:58] [INFO] 
[2026-02-13 20:09:58] [INFO] >>> Step 1: Import & Technical Validation
[2026-02-13 20:09:58] [INFO] --------------------------------------------------
[2026-02-13 20:09:58] [INFO] Raw data: 466 rows x 68 cols
[2026-02-13 20:09:58] [INFO] Raw snapshot saved: 01_raw/raw_data.rds
[2026-02-13 20:09:58] [WARN] Flagged 33 potential duplicates (same response pattern)
[2026-02-13 20:09:58] [INFO] After tech validation: 466 rows x 69 cols
[2026-02-13 20:09:58] [GATE] ✅ GATE [ Tech Validation ]: PASS
[2026-02-13 20:09:58] [GATE]   Details: All expected columns present
[2026-02-13 20:09:58] [INFO] 
[2026-02-13 20:09:58] [INFO] >>> Step 2: Behavioral Quality Control
[2026-02-13 20:09:58] [INFO] --------------------------------------------------
[2026-02-13 20:09:58] [INFO] Straight-lining flagged (Global SD=0): 34 (7.3%)
[2026-02-13 20:09:58] [INFO] Longstring threshold (auto, P95): 60
[2026-02-13 20:09:58] [INFO] Long-string flagged: 34 (7.3%)
[2026-02-13 20:09:58] [WARN] Time values appear to be epoch timestamps (median=1763466280). Converting to durations from earliest response.
[2026-02-13 20:09:58] [WARN] Epoch-derived durations are not true completion times — speeding check SKIPPED
[2026-02-13 20:09:58] [INFO] Speeding flagged: 0 (skipped — no valid duration column)
[2026-02-13 20:09:59] [INFO] Low IRV flagged: 34 (threshold: 0.000)
[2026-02-13 20:09:59] [INFO] Total flagged for removal: 34 (7.3%)
[2026-02-13 20:09:59] [INFO] Screening funnel plot saved
[2026-02-13 20:09:59] [INFO] After QC screening: 432 rows (removed 34)
[2026-02-13 20:09:59] [GATE] ✅ GATE [ Behavioral QC ]: PASS
[2026-02-13 20:09:59] [GATE]   Details: N=432, minimum required=90
[2026-02-13 20:09:59] [INFO] 
[2026-02-13 20:09:59] [INFO] >>> Step 3: Missing Data Handling
[2026-02-13 20:09:59] [INFO] --------------------------------------------------
[2026-02-13 20:09:59] [INFO] Variable-level missing: min=0.0%, max=0.0%, median=0.0%
[2026-02-13 20:09:59] [INFO] No observations exceed missing threshold
[2026-02-13 20:09:59] [INFO] Imputed 0 values using 'mean' method
[2026-02-13 20:09:59] [INFO] Assumption: MCAR
[2026-02-13 20:09:59] [INFO] Final dataset: 432 rows x 60 indicator columns
[2026-02-13 20:09:59] [GATE] ✅ GATE [ Missing Data ]: PASS
[2026-02-13 20:09:59] [GATE]   Details: Remaining NA: 0, method: mean
[2026-02-13 20:09:59] [INFO] 
[2026-02-13 20:09:59] [INFO] >>> Step 4: Descriptive Statistics & Plausibility Checks
[2026-02-13 20:09:59] [INFO] --------------------------------------------------
[2026-02-13 20:09:59] [INFO] Descriptive stats: 60 variables computed
[2026-02-13 20:09:59] [WARN] Extreme skewness (|>2|): COM1, COM9, PS2, PS3, PS4, PS5, ETH1, ETH2, ETH4
[2026-02-13 20:09:59] [WARN] Extreme kurtosis (|>7|): COM1, PS3, ETH1, ETH2
[2026-02-13 20:09:59] [INFO] Sample demographics: 5 variables summarized
[2026-02-13 20:10:01] [INFO] Distribution plots saved: 04_descriptives/distribution_plots.pdf
[2026-02-13 20:10:01] [GATE] ✅ GATE [ Descriptives ]: PASS
[2026-02-13 20:10:01] [GATE]   Details: PASS with warnings — skew/kurtosis anomalies noted (acceptable for Likert data)
[2026-02-13 20:10:01] [INFO] Descriptives complete — data cleared for modeling (distributional warnings noted)
[2026-02-13 20:10:02] [INFO] 
[2026-02-13 20:10:02] [INFO] >>> Step 4b: Control Variable Preparation
[2026-02-13 20:10:02] [INFO] --------------------------------------------------
[2026-02-13 20:10:02] [INFO] --- 4b.1. Demographic Profile (Table 1) ---
[2026-02-13 20:10:02] [INFO]   Giới tính: 2 categories, N=432
[2026-02-13 20:10:02] [INFO]   Bằng cấp: 2 categories, N=432
[2026-02-13 20:10:02] [INFO]   Chứng chỉ hành nghề: 2 categories, N=432
[2026-02-13 20:10:02] [INFO]   Kinh nghiệm: 5 categories, N=432
[2026-02-13 20:10:02] [INFO]   Vị trí: 4 categories, N=432
[2026-02-13 20:10:02] [INFO]   Saved: 04_descriptives/demographic_profile.csv (15 rows)
[2026-02-13 20:10:02] [INFO] --- 4b.2. Dummy / Ordinal Coding ---
[2026-02-13 20:10:02] [INFO]   [DUMMY] Gen -> Gen_Dummy: 432 mapped, 0 unmapped
[2026-02-13 20:10:02] [INFO]   [ORDINAL] Exp -> Exp_Ord: 432 mapped (1..5), 0 unmapped
[2026-02-13 20:10:02] [INFO]   [ORDINAL] Pos -> Pos_Ord: 432 mapped (1..4), 0 unmapped
[2026-02-13 20:10:02] [INFO]   [REGEX_DUMMY] Cert -> Edu_PostGrad: pattern='Sau đại học', match=61, no_match=371
[2026-02-13 20:10:02] [INFO]   [REGEX_DUMMY] Cert -> CPA_Dummy: pattern='Chứng chỉ Kiểm toán viên|CPA', match=184, no_match=248
[2026-02-13 20:10:02] [INFO] 
Control variable coding complete: 5 variable(s) coded
[2026-02-13 20:10:02] [INFO] 
--- New Coded Columns Summary ---
[2026-02-13 20:10:02] [INFO]   Gen_Dummy: N=432, range=[0, 1], M=0.49, SD=0.50
[2026-02-13 20:10:02] [INFO]   Exp_Ord: N=432, range=[1, 5], M=2.34, SD=1.35
[2026-02-13 20:10:02] [INFO]   Pos_Ord: N=432, range=[1, 4], M=2.12, SD=1.11
[2026-02-13 20:10:02] [INFO]   Edu_PostGrad: N=432, range=[0, 1], M=0.14, SD=0.35
[2026-02-13 20:10:02] [INFO]   CPA_Dummy: N=432, range=[0, 1], M=0.43, SD=0.50
[2026-02-13 20:10:02] [INFO] 
Phase 1 complete — Analysis-ready dataset: 432 rows, 73 cols
[2026-02-13 20:10:02] [INFO] 
===== PHASE 2: CMV & MEASUREMENT MODEL =====
[2026-02-13 20:10:02] [INFO] 
[2026-02-13 20:10:02] [INFO] >>> Step 5: CMV/CMB Assessment
[2026-02-13 20:10:02] [INFO] --------------------------------------------------
[2026-02-13 20:10:02] [INFO] Procedural remedies applied during survey design:
  - Anonymity emphasized in instructions
  - Academic purpose clearly stated
  - Standardized, clear question wording
  - Varied item ordering to reduce cognitive load
  - Pilot-tested for clarity and completion time
  - Consistent Likert scale format
[2026-02-13 20:10:02] [INFO] Running Full Collinearity VIF Assessment...
[2026-02-13 20:10:02] [INFO] Full Collinearity VIF range: [1.535, 4.624]
[2026-02-13 20:10:02] [INFO]   Thresholds: WARN >= 3.3, FAIL >= 5.0
[2026-02-13 20:10:02] [INFO]   COM: VIF = 4.353 [WARN]
[2026-02-13 20:10:02] [INFO]   PS: VIF = 3.836 [WARN]
[2026-02-13 20:10:02] [INFO]   MO: VIF = 2.102 [OK]
[2026-02-13 20:10:02] [INFO]   TP: VIF = 1.535 [OK]
[2026-02-13 20:10:02] [INFO]   IT: VIF = 2.141 [OK]
[2026-02-13 20:10:02] [INFO]   CEV: VIF = 3.149 [OK]
[2026-02-13 20:10:02] [INFO]   CG: VIF = 2.436 [OK]
[2026-02-13 20:10:02] [INFO]   ETH: VIF = 4.322 [WARN]
[2026-02-13 20:10:02] [INFO]   TC: VIF = 1.630 [OK]
[2026-02-13 20:10:02] [INFO]   AJ: VIF = 3.534 [WARN]
[2026-02-13 20:10:02] [INFO]   AQ: VIF = 4.624 [WARN]
[2026-02-13 20:10:02] [INFO] Running Harman's single-factor test (reference only)...
[2026-02-13 20:10:02] [INFO] Harman's single-factor test (REFERENCE ONLY):
  First component explains: 44.1% of variance
  Conclusion: OK — <50%
  NOTE: This is a supplementary reference, NOT a primary CMV test.
[2026-02-13 20:10:02] [INFO] Marker variable: NOT available in survey design (limitation noted)
[2026-02-13 20:10:02] [GATE] ✅ GATE [ CMV/CMB ]: PASS
[2026-02-13 20:10:02] [GATE]   Details: WARN — Max full collinearity VIF: 4.624 (>= 3.3 warn, < 5.0 fail). Potential CMV; interpret with caution
[2026-02-13 20:10:02] [INFO] 
--- Measurement Model Optimizer ---
[2026-02-13 20:10:02] [INFO] Strategy: auto-remove reflective indicators with loading < 0.40
[2026-02-13 20:10:02] [INFO] Max iterations: 5
[2026-02-13 20:10:02] [INFO] 
--- Optimizer Iteration 1/5 ---
[2026-02-13 20:10:02] [INFO] PLS model estimated successfully
[2026-02-13 20:10:03] [INFO]   [AUTO-FIX] Removing indicator TP3 (Loading = 0.367 < 0.40). Re-estimating...
[2026-02-13 20:10:03] [INFO] 
--- Optimizer Iteration 2/5 ---
[2026-02-13 20:10:03] [INFO] PLS model estimated successfully
[2026-02-13 20:10:04] [INFO] All reflective loadings >= 0.40 — optimizer converged
[2026-02-13 20:10:04] [INFO] 
--- Auto-removed 1 indicator(s) across 1 iteration(s) ---
[2026-02-13 20:10:04] [INFO]   Iter 1: TP.TP3 (Loading=0.367)
[2026-02-13 20:10:04] [INFO] 
--- Final Indicator Counts ---
[2026-02-13 20:10:04] [INFO]   COM [formative]: 9/9
[2026-02-13 20:10:04] [INFO]   PS [reflective]: 5/5
[2026-02-13 20:10:04] [INFO]   MO [formative]: 5/5
[2026-02-13 20:10:04] [INFO]   TP [reflective]: 3/4 (removed 1)
[2026-02-13 20:10:04] [INFO]   IT [reflective]: 4/4
[2026-02-13 20:10:04] [INFO]   CEV [reflective]: 5/5
[2026-02-13 20:10:04] [INFO]   CG [formative]: 9/9
[2026-02-13 20:10:04] [INFO]   ETH [formative]: 4/4
[2026-02-13 20:10:04] [INFO]   TC [formative]: 6/6
[2026-02-13 20:10:04] [INFO]   AJ [reflective]: 3/3
[2026-02-13 20:10:04] [INFO]   AQ [formative]: 6/6
[2026-02-13 20:10:04] [INFO] 
Bootstrapping (5000 samples)...
[2026-02-13 20:11:18] [INFO] Bootstrap complete
[2026-02-13 20:11:19] [INFO] 
[2026-02-13 20:11:19] [INFO] >>> Step 6: Reflective Measurement Model Assessment (CCA Mode A)
[2026-02-13 20:11:19] [INFO] --------------------------------------------------
[2026-02-13 20:11:20] [INFO] --- 6.1. Outer Loadings (Indicator Reliability) ---
[2026-02-13 20:11:20] [INFO] INDICATOR [ PS1 ]: KEEP — Loading 0.857 >= 0.708
[2026-02-13 20:11:20] [INFO] INDICATOR [ PS2 ]: KEEP — Loading 0.843 >= 0.708
[2026-02-13 20:11:20] [INFO] INDICATOR [ PS3 ]: KEEP — Loading 0.909 >= 0.708
[2026-02-13 20:11:20] [INFO] INDICATOR [ PS4 ]: KEEP — Loading 0.847 >= 0.708
[2026-02-13 20:11:20] [INFO] INDICATOR [ PS5 ]: KEEP — Loading 0.897 >= 0.708
[2026-02-13 20:11:20] [INFO] INDICATOR [ TP1 ]: KEEP — Loading 0.766 >= 0.708
[2026-02-13 20:11:20] [INFO] INDICATOR [ TP2 ]: REVIEW — Loading 0.534 in [0.40, 0.708] — review if removing improves CR/AVE
[2026-02-13 20:11:20] [INFO] INDICATOR [ TP4 ]: KEEP — Loading 0.942 >= 0.708
[2026-02-13 20:11:20] [INFO] INDICATOR [ IT1 ]: KEEP — Loading 0.920 >= 0.708
[2026-02-13 20:11:20] [INFO] INDICATOR [ IT2 ]: KEEP — Loading 0.923 >= 0.708
[2026-02-13 20:11:20] [INFO] INDICATOR [ IT3 ]: KEEP — Loading 0.868 >= 0.708
[2026-02-13 20:11:20] [INFO] INDICATOR [ IT4 ]: KEEP — Loading 0.717 >= 0.708
[2026-02-13 20:11:20] [INFO] INDICATOR [ CEV1 ]: KEEP — Loading 0.807 >= 0.708
[2026-02-13 20:11:20] [INFO] INDICATOR [ CEV2 ]: KEEP — Loading 0.915 >= 0.708
[2026-02-13 20:11:20] [INFO] INDICATOR [ CEV3 ]: KEEP — Loading 0.840 >= 0.708
[2026-02-13 20:11:20] [INFO] INDICATOR [ CEV4 ]: KEEP — Loading 0.866 >= 0.708
[2026-02-13 20:11:20] [INFO] INDICATOR [ CEV5 ]: KEEP — Loading 0.803 >= 0.708
[2026-02-13 20:11:20] [INFO] INDICATOR [ AJ1 ]: KEEP — Loading 0.851 >= 0.708
[2026-02-13 20:11:20] [INFO] INDICATOR [ AJ2 ]: KEEP — Loading 0.888 >= 0.708
[2026-02-13 20:11:20] [INFO] INDICATOR [ AJ3 ]: KEEP — Loading 0.907 >= 0.708
[2026-02-13 20:11:20] [INFO] --- 6.2. Internal Consistency Reliability ---
[2026-02-13 20:11:20] [INFO]   PS: Alpha=0.940, rho_A=0.941, CR=0.940, AVE=0.759
[2026-02-13 20:11:20] [INFO]   TP: Alpha=0.798, rho_A=0.850, CR=0.802, AVE=0.587
[2026-02-13 20:11:20] [INFO]   IT: Alpha=0.917, rho_A=0.927, CR=0.919, AVE=0.741
[2026-02-13 20:11:20] [INFO]   CEV: Alpha=0.927, rho_A=0.929, CR=0.927, AVE=0.718
[2026-02-13 20:11:20] [INFO]   AJ: Alpha=0.913, rho_A=0.914, CR=0.913, AVE=0.778
[2026-02-13 20:11:20] [INFO] --- 6.3. Discriminant Validity (HTMT) ---
[2026-02-13 20:11:20] [INFO]   HTMT(PS, COM) = 0.887 (formative pair — info only)
[2026-02-13 20:11:20] [INFO]   HTMT(AQ, AJ) = 0.865 (formative pair — info only)
[2026-02-13 20:11:20] [INFO]   HTMT(AQ, ETH) = 0.852 (formative pair — info only)
[2026-02-13 20:11:20] [INFO] HTMT max (reflective pairs): 0.730
[2026-02-13 20:11:20] [INFO] HTMT max (all pairs): 0.887
[2026-02-13 20:11:20] [INFO] HTMT bootstrap CI saved
[2026-02-13 20:11:20] [GATE] ✅ GATE [ Reflective Measurement ]: PASS
[2026-02-13 20:11:20] [GATE]   Details: Reliability OK: TRUE, HTMT OK: TRUE
[2026-02-13 20:11:20] [INFO] 
[2026-02-13 20:11:20] [INFO] >>> Step 7: Formative/Composite Measurement Assessment (CCA Mode B)
[2026-02-13 20:11:20] [INFO] --------------------------------------------------
[2026-02-13 20:11:22] [INFO] --- 7.1. Outer VIF (Indicator Collinearity) ---
[2026-02-13 20:11:22] [INFO]   COM → COM1: VIF = 3.252 [CAUTION]
[2026-02-13 20:11:22] [INFO]   COM → COM2: VIF = 3.406 [CAUTION]
[2026-02-13 20:11:22] [INFO]   COM → COM3: VIF = 2.984 [OK]
[2026-02-13 20:11:22] [INFO]   COM → COM4: VIF = 1.840 [OK]
[2026-02-13 20:11:22] [INFO]   COM → COM5: VIF = 2.505 [OK]
[2026-02-13 20:11:22] [INFO]   COM → COM6: VIF = 2.101 [OK]
[2026-02-13 20:11:22] [INFO]   COM → COM7: VIF = 2.340 [OK]
[2026-02-13 20:11:22] [INFO]   COM → COM8: VIF = 2.584 [OK]
[2026-02-13 20:11:22] [INFO]   COM → COM9: VIF = 2.330 [OK]
[2026-02-13 20:11:22] [INFO]   MO → MO1: VIF = 2.585 [OK]
[2026-02-13 20:11:22] [INFO]   MO → MO2: VIF = 2.536 [OK]
[2026-02-13 20:11:22] [INFO]   MO → MO3: VIF = 1.651 [OK]
[2026-02-13 20:11:22] [INFO]   MO → MO4: VIF = 1.876 [OK]
[2026-02-13 20:11:22] [INFO]   MO → MO5: VIF = 1.548 [OK]
[2026-02-13 20:11:22] [INFO]   CG → CG1: VIF = 2.458 [OK]
[2026-02-13 20:11:22] [INFO]   CG → CG2: VIF = 2.339 [OK]
[2026-02-13 20:11:22] [INFO]   CG → CG3: VIF = 2.568 [OK]
[2026-02-13 20:11:22] [INFO]   CG → CG4: VIF = 2.759 [OK]
[2026-02-13 20:11:22] [INFO]   CG → CG5: VIF = 2.867 [OK]
[2026-02-13 20:11:22] [INFO]   CG → CG6: VIF = 1.690 [OK]
[2026-02-13 20:11:22] [INFO]   CG → CG7: VIF = 2.845 [OK]
[2026-02-13 20:11:22] [INFO]   CG → CG8: VIF = 3.354 [CAUTION]
[2026-02-13 20:11:22] [INFO]   CG → CG9: VIF = 3.218 [CAUTION]
[2026-02-13 20:11:22] [INFO]   ETH → ETH1: VIF = 3.694 [CAUTION]
[2026-02-13 20:11:22] [INFO]   ETH → ETH2: VIF = 4.113 [CAUTION]
[2026-02-13 20:11:22] [INFO]   ETH → ETH3: VIF = 4.728 [CAUTION]
[2026-02-13 20:11:22] [INFO]   ETH → ETH4: VIF = 3.899 [CAUTION]
[2026-02-13 20:11:22] [INFO]   TC → TC1: VIF = 1.874 [OK]
[2026-02-13 20:11:22] [INFO]   TC → TC2: VIF = 2.373 [OK]
[2026-02-13 20:11:22] [INFO]   TC → TC3: VIF = 2.578 [OK]
[2026-02-13 20:11:22] [INFO]   TC → TC4: VIF = 3.958 [CAUTION]
[2026-02-13 20:11:22] [INFO]   TC → TC5: VIF = 4.696 [CAUTION]
[2026-02-13 20:11:22] [INFO]   TC → TC6: VIF = 3.894 [CAUTION]
[2026-02-13 20:11:22] [INFO]   AQ → AQ1: VIF = 2.684 [OK]
[2026-02-13 20:11:22] [INFO]   AQ → AQ2: VIF = 2.426 [OK]
[2026-02-13 20:11:22] [INFO]   AQ → AQ3: VIF = 3.043 [CAUTION]
[2026-02-13 20:11:22] [INFO]   AQ → AQ4: VIF = 3.252 [CAUTION]
[2026-02-13 20:11:22] [INFO]   AQ → AQ5: VIF = 2.721 [OK]
[2026-02-13 20:11:22] [INFO]   AQ → AQ6: VIF = 2.247 [OK]
[2026-02-13 20:11:22] [INFO] --- 7.2. Outer Weights (Bootstrap) ---
[2026-02-13 20:11:22] [INFO] INDICATOR [ COM1 ]: KEEP — Weight significant (t=2.502, p=0.020, CI[0.035,0.405])
[2026-02-13 20:11:22] [INFO] INDICATOR [ COM2 ]: KEEP (content) — Weight ns (t=0.002, p=0.924) but loading=0.800 >= 0.50; content important
[2026-02-13 20:11:22] [INFO] INDICATOR [ COM3 ]: KEEP — Weight significant (t=2.844, p=0.009, CI[0.069,0.430])
[2026-02-13 20:11:22] [INFO] INDICATOR [ COM4 ]: KEEP — Weight significant (t=2.515, p=0.014, CI[0.032,0.302])
[2026-02-13 20:11:22] [INFO] INDICATOR [ COM5 ]: KEEP (content) — Weight ns (t=-0.124, p=0.923) but loading=0.748 >= 0.50; content important
[2026-02-13 20:11:22] [INFO] INDICATOR [ COM6 ]: KEEP (content) — Weight ns (t=-0.928, p=0.373) but loading=0.518 >= 0.50; content important
[2026-02-13 20:11:22] [INFO] INDICATOR [ COM7 ]: KEEP — Weight significant (t=2.257, p=0.020, CI[0.029,0.366])
[2026-02-13 20:11:22] [INFO] INDICATOR [ COM8 ]: KEEP (content) — Weight ns (t=1.889, p=0.061) but loading=0.836 >= 0.50; content important
[2026-02-13 20:11:22] [INFO] INDICATOR [ COM9 ]: KEEP — Weight significant (t=3.239, p=0.001, CI[0.108,0.424])
[2026-02-13 20:11:22] [INFO] INDICATOR [ MO1 ]: KEEP (content) — Weight ns (t=1.250, p=0.221) but loading=0.787 >= 0.50; content important
[2026-02-13 20:11:22] [INFO] INDICATOR [ MO2 ]: KEEP — Weight significant (t=3.239, p=0.002, CI[0.134,0.573])
[2026-02-13 20:11:22] [INFO] INDICATOR [ MO3 ]: KEEP — Weight significant (t=2.692, p=0.007, CI[0.078,0.492])
[2026-02-13 20:11:22] [INFO] INDICATOR [ MO4 ]: KEEP (content) — Weight ns (t=1.740, p=0.076) but loading=0.772 >= 0.50; content important
[2026-02-13 20:11:22] [INFO] INDICATOR [ MO5 ]: KEEP — Weight significant (t=3.257, p=0.004, CI[0.109,0.474])
[2026-02-13 20:11:22] [INFO] INDICATOR [ CG1 ]: KEEP (content) — Weight ns (t=-0.520, p=0.612) but loading=0.650 >= 0.50; content important
[2026-02-13 20:11:22] [INFO] INDICATOR [ CG2 ]: KEEP (content) — Weight ns (t=-0.458, p=0.666) but loading=0.634 >= 0.50; content important
[2026-02-13 20:11:22] [INFO] INDICATOR [ CG3 ]: KEEP — Weight significant (t=3.339, p=0.001, CI[0.124,0.523])
[2026-02-13 20:11:22] [INFO] INDICATOR [ CG4 ]: KEEP (content) — Weight ns (t=1.050, p=0.286) but loading=0.722 >= 0.50; content important
[2026-02-13 20:11:22] [INFO] INDICATOR [ CG5 ]: KEEP (content) — Weight ns (t=0.241, p=0.840) but loading=0.726 >= 0.50; content important
[2026-02-13 20:11:22] [INFO] INDICATOR [ CG6 ]: KEEP (content) — Weight ns (t=0.644, p=0.506) but loading=0.595 >= 0.50; content important
[2026-02-13 20:11:22] [INFO] INDICATOR [ CG7 ]: KEEP — Weight significant (t=2.600, p=0.006, CI[0.080,0.559])
[2026-02-13 20:11:22] [INFO] INDICATOR [ CG8 ]: KEEP (content) — Weight ns (t=0.202, p=0.803) but loading=0.833 >= 0.50; content important
[2026-02-13 20:11:22] [INFO] INDICATOR [ CG9 ]: KEEP — Weight significant (t=2.946, p=0.002, CI[0.125,0.640])
[2026-02-13 20:11:22] [INFO] INDICATOR [ ETH1 ]: KEEP — Weight significant (t=3.062, p=0.001, CI[0.073,0.320])
[2026-02-13 20:11:22] [INFO] INDICATOR [ ETH2 ]: KEEP — Weight significant (t=4.433, p=0.000, CI[0.158,0.434])
[2026-02-13 20:11:22] [INFO] INDICATOR [ ETH3 ]: KEEP — Weight significant (t=2.861, p=0.003, CI[0.076,0.398])
[2026-02-13 20:11:22] [INFO] INDICATOR [ ETH4 ]: KEEP — Weight significant (t=5.347, p=0.000, CI[0.210,0.463])
[2026-02-13 20:11:22] [INFO] INDICATOR [ TC1 ]: KEEP — Weight significant (t=5.723, p=0.000, CI[0.398,0.835])
[2026-02-13 20:11:22] [INFO] INDICATOR [ TC2 ]: KEEP (content) — Weight ns (t=-0.958, p=0.360) but loading=0.669 >= 0.50; content important
[2026-02-13 20:11:22] [INFO] INDICATOR [ TC3 ]: KEEP — Weight significant (t=4.142, p=0.000, CI[0.268,0.781])
[2026-02-13 20:11:22] [INFO] INDICATOR [ TC4 ]: KEEP (content) — Weight ns (t=-0.307, p=0.736) but loading=0.666 >= 0.50; content important
[2026-02-13 20:11:22] [INFO] INDICATOR [ TC5 ]: KEEP (content) — Weight ns (t=0.569, p=0.541) but loading=0.708 >= 0.50; content important
[2026-02-13 20:11:22] [INFO] INDICATOR [ TC6 ]: KEEP (content) — Weight ns (t=0.036, p=0.950) but loading=0.629 >= 0.50; content important
[2026-02-13 20:11:22] [INFO] INDICATOR [ AQ1 ]: KEEP — Weight significant (t=5.022, p=0.000, CI[0.169,0.390])
[2026-02-13 20:11:22] [INFO] INDICATOR [ AQ2 ]: KEEP (content) — Weight ns (t=0.758, p=0.420) but loading=0.753 >= 0.50; content important
[2026-02-13 20:11:22] [INFO] INDICATOR [ AQ3 ]: KEEP (content) — Weight ns (t=1.342, p=0.158) but loading=0.832 >= 0.50; content important
[2026-02-13 20:11:22] [INFO] INDICATOR [ AQ4 ]: KEEP — Weight significant (t=5.750, p=0.000, CI[0.247,0.522])
[2026-02-13 20:11:22] [INFO] INDICATOR [ AQ5 ]: KEEP — Weight significant (t=4.755, p=0.000, CI[0.170,0.413])
[2026-02-13 20:11:22] [INFO] INDICATOR [ AQ6 ]: KEEP (content) — Weight ns (t=0.885, p=0.348) but loading=0.742 >= 0.50; content important
[2026-02-13 20:11:22] [INFO] --- 7.3. Nomological Validity ---
[2026-02-13 20:11:22] [INFO] No global single items available — redundancy analysis not feasible
[2026-02-13 20:11:22] [INFO] Assessing nomological validity via path relationships...
[2026-02-13 20:11:22] [INFO]   COM relates to: AJ
[2026-02-13 20:11:22] [INFO]   MO relates to: AJ
[2026-02-13 20:11:22] [INFO]   CG relates to: AJ
[2026-02-13 20:11:22] [INFO]   ETH relates to: AQ
[2026-02-13 20:11:22] [INFO]   TC relates to: AQ
[2026-02-13 20:11:22] [INFO]   AQ relates to: AJ, TC, ETH
[2026-02-13 20:11:22] [GATE] ✅ GATE [ Formative Measurement ]: PASS
[2026-02-13 20:11:22] [GATE]   Details: VIF OK: TRUE, max VIF: 4.728
[2026-02-13 20:11:22] [INFO] 
[2026-02-13 20:11:22] [INFO] >>> Step 8: Higher-Order Construct Assessment
[2026-02-13 20:11:22] [INFO] --------------------------------------------------
[2026-02-13 20:11:22] [INFO] No higher-order constructs specified — skipping Step 8
[2026-02-13 20:11:22] [GATE] ✅ GATE [ HOC Assessment ]: PASS
[2026-02-13 20:11:22] [GATE]   Details: N/A — no HOC in model
[2026-02-13 20:11:22] [INFO] 
[2026-02-13 20:11:22] [INFO] === MEASUREMENT MODEL GATE: PASS ✅ ===
[2026-02-13 20:11:22] [INFO] 
===== PHASE 3: STRUCTURAL MODEL & HYPOTHESES =====
[2026-02-13 20:11:22] [INFO] 
[2026-02-13 20:11:22] [INFO] >>> Step 9: Structural Model — In-sample Explanatory Power
[2026-02-13 20:11:22] [INFO] --------------------------------------------------
[2026-02-13 20:11:23] [INFO] --- 9.1. Inner VIF ---
[2026-02-13 20:11:23] [INFO]   Inner VIF range: [1.404, 4.042]
[2026-02-13 20:11:23] [INFO]     AJ: COM=4.04, PS=3.72, MO=2.04, TP=1.41, IT=2.08, CEV=2.67, CG=2.25
[2026-02-13 20:11:23] [INFO]     AQ: AJ=2.64, TC=1.40, ETH=2.20
[2026-02-13 20:11:23] [INFO] --- 9.2. Path Coefficients ---
[2026-02-13 20:11:23] [INFO]   COM  ->  AJ: beta=0.169, t=2.279, CI[0.052, 0.343] *
[2026-02-13 20:11:23] [INFO]   PS  ->  AJ: beta=0.227, t=2.932, CI[0.061, 0.362] *
[2026-02-13 20:11:23] [INFO]   MO  ->  AJ: beta=0.014, t=0.297, CI[-0.070, 0.114] ns
[2026-02-13 20:11:23] [INFO]   TP  ->  AJ: beta=0.135, t=2.636, CI[0.032, 0.235] *
[2026-02-13 20:11:23] [INFO]   IT  ->  AJ: beta=0.122, t=1.948, CI[-0.008, 0.233] ns
[2026-02-13 20:11:23] [INFO]   CEV  ->  AJ: beta=0.173, t=2.381, CI[0.017, 0.297] *
[2026-02-13 20:11:23] [INFO]   CG  ->  AJ: beta=0.148, t=2.950, CI[0.067, 0.263] *
[2026-02-13 20:11:23] [INFO]   AJ  ->  AQ: beta=0.499, t=8.357, CI[0.383, 0.616] *
[2026-02-13 20:11:23] [INFO]   TC  ->  AQ: beta=0.015, t=0.450, CI[-0.043, 0.084] ns
[2026-02-13 20:11:23] [INFO]   ETH  ->  AQ: beta=0.431, t=7.586, CI[0.318, 0.539] *
[2026-02-13 20:11:23] [INFO] --- 9.3. R-squared ---
[2026-02-13 20:11:23] [INFO]   R²(AJ) = 0.666, Adj.R² = 0.661
[2026-02-13 20:11:23] [INFO]   R²(AQ) = 0.781, Adj.R² = 0.780
[2026-02-13 20:11:23] [INFO] --- 9.4. Effect Size (f²) ---
[2026-02-13 20:11:23] [INFO]   f²(COM→AJ) = 0.019 [None]
[2026-02-13 20:11:23] [INFO]   f²(PS→AJ) = 0.034 [Small]
[2026-02-13 20:11:23] [INFO]   f²(MO→AJ) = 0.000 [None]
[2026-02-13 20:11:23] [INFO]   f²(TP→AJ) = 0.035 [Small]
[2026-02-13 20:11:23] [INFO]   f²(IT→AJ) = 0.019 [None]
[2026-02-13 20:11:23] [INFO]   f²(CEV→AJ) = 0.029 [Small]
[2026-02-13 20:11:23] [INFO]   f²(CG→AJ) = 0.028 [Small]
[2026-02-13 20:11:23] [INFO]   f²(AJ→AQ) = 0.359 [Large]
[2026-02-13 20:11:23] [INFO]   f²(TC→AQ) = 0.001 [None]
[2026-02-13 20:11:23] [INFO]   f²(ETH→AQ) = 0.313 [Medium]
[2026-02-13 20:11:23] [INFO] --- 9.5. SRMR (Reference) ---
[2026-02-13 20:11:23] [GATE] ✅ GATE [ Structural In-sample ]: PASS
[2026-02-13 20:11:23] [GATE]   Details: Inner VIF OK: TRUE
[2026-02-13 20:11:23] [INFO] 
[2026-02-13 20:11:23] [INFO] >>> Step 10: PLSpredict — Out-of-sample Predictive Power
[2026-02-13 20:11:23] [INFO] --------------------------------------------------
[2026-02-13 20:11:23] [INFO] PLSpredict: k=10 folds, 10 repetitions
[2026-02-13 20:11:39] [INFO]   AJ1: Q²=0.136, RMSE(PLS=0.523 vs LM=0.563) ✓, MAE(PLS=0.419 vs LM=0.439) ✓
[2026-02-13 20:11:39] [INFO]   AJ2: Q²=0.149, RMSE(PLS=0.521 vs LM=0.565) ✓, MAE(PLS=0.410 vs LM=0.432) ✓
[2026-02-13 20:11:39] [INFO]   AJ3: Q²=0.102, RMSE(PLS=0.484 vs LM=0.510) ✓, MAE(PLS=0.382 vs LM=0.399) ✓
[2026-02-13 20:11:39] [INFO]   AQ1: Q²=0.028, RMSE(PLS=0.470 vs LM=0.477) ✓, MAE(PLS=0.334 vs LM=0.345) ✓
[2026-02-13 20:11:39] [INFO]   AQ2: Q²=0.038, RMSE(PLS=0.605 vs LM=0.617) ✓, MAE(PLS=0.427 vs LM=0.435) ✓
[2026-02-13 20:11:39] [INFO]   AQ3: Q²=0.002, RMSE(PLS=0.501 vs LM=0.502) ✓, MAE(PLS=0.349 vs LM=0.343) ✗
[2026-02-13 20:11:39] [INFO]   AQ4: Q²=0.017, RMSE(PLS=0.430 vs LM=0.434) ✓, MAE(PLS=0.288 vs LM=0.299) ✓
[2026-02-13 20:11:39] [INFO]   AQ5: Q²=0.019, RMSE(PLS=0.490 vs LM=0.495) ✓, MAE(PLS=0.320 vs LM=0.326) ✓
[2026-02-13 20:11:39] [INFO]   AQ6: Q²=0.046, RMSE(PLS=0.602 vs LM=0.617) ✓, MAE(PLS=0.463 vs LM=0.474) ✓
[2026-02-13 20:11:39] [INFO] 
Predictive power classification: HIGH
[2026-02-13 20:11:39] [INFO]   PLS better RMSE: 9/9, MAE: 8/9
[2026-02-13 20:11:39] [GATE] ✅ GATE [ PLSpredict ]: PASS
[2026-02-13 20:11:39] [GATE]   Details: Q²_predict > 0 for 9/9 indicators, level: HIGH
[2026-02-13 20:11:39] [INFO] 
[2026-02-13 20:11:39] [INFO] >>> Step 11a: Mediation Analysis (Nitzl et al. 2016)
[2026-02-13 20:11:39] [INFO] --------------------------------------------------
[2026-02-13 20:11:39] [INFO] Mediator: AJ, Outcome: AQ
[2026-02-13 20:11:39] [INFO] Antecedents to test: COM, PS, MO, TP, IT, CEV, CG
[2026-02-13 20:11:39] [INFO] --- 11a.1. Building saturated structural model ---
[2026-02-13 20:11:39] [INFO] Adding direct paths: COM -> AQ, PS -> AQ, MO -> AQ, TP -> AQ, IT -> AQ, CEV -> AQ, CG -> AQ
[2026-02-13 20:11:39] [INFO] --- 11a.2. Estimating saturated PLS model ---
[2026-02-13 20:11:39] [INFO] Saturated PLS model estimated successfully
[2026-02-13 20:11:39] [INFO] Bootstrapping saturated model (5000 samples)...
[2026-02-13 20:13:00] [INFO] Saturated bootstrap complete
[2026-02-13 20:13:01] [INFO] --- 11a.3. Mediation Classification ---
[2026-02-13 20:13:01] [INFO] Testing: COM -> AJ -> AQ
[2026-02-13 20:13:01] [INFO]   a (COM ->AJ ): beta=0.158, t=2.086
[2026-02-13 20:13:01] [INFO]   b (AJ  ->AQ ): beta=0.439, t=6.424
[2026-02-13 20:13:01] [INFO]   c' (COM ->AQ ): beta=0.137, t=2.389, CI[0.029,0.254], sig
[2026-02-13 20:13:01] [INFO]   Indirect: 0.069, t=1.892, CI[0.013,0.158], ns
[2026-02-13 20:13:01] [INFO]   Total: 0.207
[2026-02-13 20:13:01] [INFO]   Classification: Direct-only (no mediation)
[2026-02-13 20:13:01] [INFO] 
[2026-02-13 20:13:01] [INFO] Testing: PS -> AJ -> AQ
[2026-02-13 20:13:01] [INFO]   a (PS  ->AJ ): beta=0.237, t=3.025
[2026-02-13 20:13:01] [INFO]   b (AJ  ->AQ ): beta=0.439, t=6.424
[2026-02-13 20:13:01] [INFO]   c' (PS  ->AQ ): beta=-0.027, t=-0.446, CI[-0.143,0.097], ns
[2026-02-13 20:13:01] [INFO]   Indirect: 0.104, t=2.781, CI[0.031,0.176], sig
[2026-02-13 20:13:01] [INFO]   Total: 0.077
[2026-02-13 20:13:01] [INFO]   Classification: Indirect-only (full mediation)
[2026-02-13 20:13:01] [INFO] 
[2026-02-13 20:13:01] [INFO] Testing: MO -> AJ -> AQ
[2026-02-13 20:13:01] [INFO]   a (MO  ->AJ ): beta=0.018, t=0.382
[2026-02-13 20:13:01] [INFO]   b (AJ  ->AQ ): beta=0.439, t=6.424
[2026-02-13 20:13:01] [INFO]   c' (MO  ->AQ ): beta=-0.015, t=-0.445, CI[-0.077,0.056], ns
[2026-02-13 20:13:01] [INFO]   Indirect: 0.008, t=0.382, CI[-0.032,0.052], ns
[2026-02-13 20:13:01] [INFO]   Total: -0.007
[2026-02-13 20:13:01] [INFO]   Classification: No effect
[2026-02-13 20:13:01] [INFO] 
[2026-02-13 20:13:01] [INFO] Testing: TP -> AJ -> AQ
[2026-02-13 20:13:01] [INFO]   a (TP  ->AJ ): beta=0.136, t=2.645
[2026-02-13 20:13:01] [INFO]   b (AJ  ->AQ ): beta=0.439, t=6.424
[2026-02-13 20:13:01] [INFO]   c' (TP  ->AQ ): beta=-0.037, t=-1.064, CI[-0.109,0.031], ns
[2026-02-13 20:13:01] [INFO]   Indirect: 0.060, t=2.521, CI[0.014,0.108], sig
[2026-02-13 20:13:01] [INFO]   Total: 0.022
[2026-02-13 20:13:01] [INFO]   Classification: Indirect-only (full mediation)
[2026-02-13 20:13:01] [INFO] 
[2026-02-13 20:13:01] [INFO] Testing: IT -> AJ -> AQ
[2026-02-13 20:13:01] [INFO]   a (IT  ->AJ ): beta=0.127, t=2.016
[2026-02-13 20:13:01] [INFO]   b (AJ  ->AQ ): beta=0.439, t=6.424
[2026-02-13 20:13:01] [INFO]   c' (IT  ->AQ ): beta=-0.003, t=-0.067, CI[-0.096,0.088], ns
[2026-02-13 20:13:01] [INFO]   Indirect: 0.056, t=1.948, CI[-0.002,0.110], ns
[2026-02-13 20:13:01] [INFO]   Total: 0.052
[2026-02-13 20:13:01] [INFO]   Classification: No effect
[2026-02-13 20:13:01] [INFO] 
[2026-02-13 20:13:01] [INFO] Testing: CEV -> AJ -> AQ
[2026-02-13 20:13:01] [INFO]   a (CEV ->AJ ): beta=0.176, t=2.369
[2026-02-13 20:13:01] [INFO]   b (AJ  ->AQ ): beta=0.439, t=6.424
[2026-02-13 20:13:01] [INFO]   c' (CEV ->AQ ): beta=0.117, t=1.988, CI[0.001,0.233], sig
[2026-02-13 20:13:01] [INFO]   Indirect: 0.077, t=2.229, CI[0.008,0.142], sig
[2026-02-13 20:13:01] [INFO]   Total: 0.194
[2026-02-13 20:13:01] [INFO]   Classification: Complementary partial mediation
[2026-02-13 20:13:01] [INFO] 
[2026-02-13 20:13:01] [INFO] Testing: CG -> AJ -> AQ
[2026-02-13 20:13:01] [INFO]   a (CG  ->AJ ): beta=0.133, t=2.590
[2026-02-13 20:13:01] [INFO]   b (AJ  ->AQ ): beta=0.439, t=6.424
[2026-02-13 20:13:01] [INFO]   c' (CG  ->AQ ): beta=0.047, t=1.157, CI[-0.026,0.131], ns
[2026-02-13 20:13:01] [INFO]   Indirect: 0.058, t=2.440, CI[0.019,0.113], sig
[2026-02-13 20:13:01] [INFO]   Total: 0.106
[2026-02-13 20:13:01] [INFO]   Classification: Indirect-only (full mediation)
[2026-02-13 20:13:01] [INFO] 
[2026-02-13 20:13:01] [INFO] Mediation results saved (saturated model with direct paths)
[2026-02-13 20:13:01] [INFO] Note: Direct effects estimated in saturated model for classification per Nitzl et al. (2016)
[2026-02-13 20:13:01] [INFO] 
[2026-02-13 20:13:01] [INFO] >>> Step 11b: Moderation Analysis
[2026-02-13 20:13:01] [INFO] --------------------------------------------------
[2026-02-13 20:13:01] [INFO] Building moderation model with 2 interaction(s)...
[2026-02-13 20:13:01] [INFO]   Pre-flight checks PASSED
[2026-02-13 20:13:01] [INFO] --- Strategy A: SEMinR native interaction_term ---
[2026-02-13 20:13:01] [INFO]   [Native] Trying method: two_stage
[2026-02-13 20:13:01] [WARN]     Failed (two_stage): missing value where TRUE/FALSE needed
[2026-02-13 20:13:01] [INFO]   [Native] Trying method: orthogonal
[2026-02-13 20:13:01] [WARN]     Failed (orthogonal): missing value where TRUE/FALSE needed
[2026-02-13 20:13:01] [INFO]   [Native] Trying method: product_indicator
[2026-02-13 20:13:01] [WARN]     Failed (product_indicator): missing value where TRUE/FALSE needed
[2026-02-13 20:13:01] [INFO] --- Strategy B: Manual two-stage approach ---
[2026-02-13 20:13:01] [INFO]   SEMinR interaction_term fails with mixed reflective IV + formative moderator. Using manual two-stage: scores from base model -> interaction terms -> re-estimate.
[2026-02-13 20:13:01] [INFO]   [Manual two-stage] Stage 1: Estimating base model for construct scores...
[2026-02-13 20:13:01] [INFO]     Stage 1 complete: 11 construct scores extracted
[2026-02-13 20:13:01] [INFO]   [Manual two-stage] Stage 2: Creating interaction terms from scores...
[2026-02-13 20:13:01] [INFO]     Created: AJ*TC (N=432, M=0.535, SD=1.931)
[2026-02-13 20:13:01] [INFO]     Created: AJ*ETH (N=432, M=0.737, SD=2.988)
[2026-02-13 20:13:01] [INFO]     Stage 2 PLS model estimated successfully
[2026-02-13 20:13:01] [INFO]     Bootstrapping stage 2 (5000 samples)...
[2026-02-13 20:13:12] [INFO]     Bootstrap complete
[2026-02-13 20:13:13] [INFO] 
--- Extracting results (method: manual_two_stage) ---
[2026-02-13 20:13:13] [INFO] 
--- Result: AJ * TC → AQ ---
[2026-02-13 20:13:13] [INFO]   IV direct  (AJ→AQ): beta=0.409, t=8.913
[2026-02-13 20:13:13] [INFO]   Mod direct (TC→AQ): beta=0.040, t=1.347
[2026-02-13 20:13:13] [INFO]   Interaction (AJ*TC→AQ): beta=0.051, t=2.114, 95% CI[-0.007,0.092] (percentile bootstrap) not significant
[2026-02-13 20:13:13] [INFO]   Computing simple slopes...
[2026-02-13 20:13:13] [INFO]   Slopes: Low=0.358, Med=0.409, High=0.460
[2026-02-13 20:13:13] [INFO]   Plot saved: 08_complex/moderation/moderation_plots/mod_AJ_x_TC.png
[2026-02-13 20:13:13] [INFO] 
--- Result: AJ * ETH → AQ ---
[2026-02-13 20:13:13] [INFO]   IV direct  (AJ→AQ): beta=0.409, t=8.913
[2026-02-13 20:13:13] [INFO]   Mod direct (ETH→AQ): beta=0.443, t=9.494
[2026-02-13 20:13:13] [INFO]   Interaction (AJ*ETH→AQ): beta=-0.056, t=-2.942, 95% CI[-0.090,-0.012] (percentile bootstrap) SIGNIFICANT
[2026-02-13 20:13:13] [INFO]   Computing simple slopes...
[2026-02-13 20:13:13] [INFO]   Slopes: Low=0.465, Med=0.409, High=0.353
[2026-02-13 20:13:13] [INFO]   Plot saved: 08_complex/moderation/moderation_plots/mod_AJ_x_ETH.png
[2026-02-13 20:13:13] [INFO] 
--- Moderation Summary ---
[2026-02-13 20:13:13] [INFO]   Method used: manual_two_stage
[2026-02-13 20:13:13] [INFO]   AJ * TC → AQ: beta=0.051, not significant
[2026-02-13 20:13:13] [INFO]   AJ * ETH → AQ: beta=-0.056, SIGNIFICANT
[2026-02-13 20:13:13] [INFO] Moderation results saved (method: manual_two_stage)
[2026-02-13 20:13:13] [GATE] ✅ GATE [ Moderation ]: PASS
[2026-02-13 20:13:13] [GATE]   Details: 2 interaction(s) tested via manual_two_stage
[2026-02-13 20:13:13] [INFO] 
===== PHASE 4: ROBUSTNESS & REPORTING =====
[2026-02-13 20:13:13] [INFO] 
[2026-02-13 20:13:13] [INFO] >>> Step 12: Robustness, Sensitivity & Supplementary Tests
[2026-02-13 20:13:13] [INFO] --------------------------------------------------
[2026-02-13 20:13:13] [INFO] --- A. Data Sensitivity: Pre vs Post Screening ---
[2026-02-13 20:13:47] [INFO]   Sign stable: 10/10, Significance stable: 10/10
[2026-02-13 20:13:47] [INFO] --- B. MICOM & MGA ---
[2026-02-13 20:13:47] [INFO]   Company groups: 249 unique
[2026-02-13 20:13:47] [INFO]   MICOM-MGA: requires group variable definition and minimum group size
[2026-02-13 20:13:47] [INFO]   If groups are defined and N >= 30-50 per group:
[2026-02-13 20:13:47] [INFO]     Step 1: Configural invariance — same model specification
[2026-02-13 20:13:47] [INFO]     Step 2: Compositional invariance — permutation test
[2026-02-13 20:13:47] [INFO]     Step 3: Equal mean/variance — permutation test
[2026-02-13 20:13:47] [INFO]     Then: MGA if MICOM passes
[2026-02-13 20:13:47] [INFO]   IMPLEMENTATION: Requires manual group coding — placeholder for now
[2026-02-13 20:13:47] [INFO] --- C. Endogeneity Assessment ---
[2026-02-13 20:13:47] [INFO]   Non-normal indicators: 9/9
[2026-02-13 20:13:47] [INFO]   Non-normal distribution detected — Gaussian Copula may be applicable
[2026-02-13 20:13:47] [INFO]   NOTE: Gaussian Copula requires custom implementation
[2026-02-13 20:13:47] [INFO]   Fallback: control variables + theoretical argumentation + spec sensitivity
[2026-02-13 20:13:47] [INFO] --- D. FIMIX-PLS (Optional) ---
[2026-02-13 20:13:47] [INFO]   FIMIX-PLS: not implemented in seminr — requires SmartPLS or custom code
[2026-02-13 20:13:47] [INFO]   Status: conditional — only if unobserved heterogeneity suspected
[2026-02-13 20:13:47] [GATE] ✅ GATE [ Robustness ]: PASS
[2026-02-13 20:13:47] [GATE]   Details: Robustness checks completed (some items conditional on data)
[2026-02-13 20:13:47] [INFO] 
[2026-02-13 20:13:47] [INFO] >>> Step 13: Report Export — Thesis-Ready Tables & Figures
[2026-02-13 20:13:47] [INFO] --------------------------------------------------
[2026-02-13 20:13:47] [INFO] Table: QC Summary created
[2026-02-13 20:13:47] [INFO] Table: Descriptive Statistics created
[2026-02-13 20:13:47] [INFO] Table: Demographics created
[2026-02-13 20:13:47] [INFO] Table: CMV Assessment created
[2026-02-13 20:13:47] [INFO] Table: Outer Loadings created
[2026-02-13 20:13:47] [INFO] Table: Reliability & Validity created
[2026-02-13 20:13:47] [INFO] Table: HTMT Matrix created
[2026-02-13 20:13:48] [INFO] Table: Path Coefficients created
[2026-02-13 20:13:48] [INFO] Table: R² and f² created
[2026-02-13 20:13:48] [INFO] Table: PLSpredict created
[2026-02-13 20:13:48] [INFO] Table: Mediation Classification created (saturated model)
[2026-02-13 20:13:48] [INFO] Table: Moderation created
[2026-02-13 20:13:55] [WARN] Word export error: 10_report/all_tables.docx is open. To write to this document, please, close it.
[2026-02-13 20:13:55] [INFO] Attempting individual exports...
[2026-02-13 20:13:59] [INFO] Report export complete
[2026-02-13 20:13:59] [INFO] 
========================================
[2026-02-13 20:13:59] [INFO] PIPELINE SUMMARY
[2026-02-13 20:13:59] [INFO] ========================================
[2026-02-13 20:13:59] [INFO] Final sample: 432 observations
[2026-02-13 20:13:59] [INFO] Constructs: 11 total (5 reflective, 6 formative)
[2026-02-13 20:13:59] [INFO] Measurement gate: PASS
[2026-02-13 20:13:59] [INFO] Structural VIF gate: PASS
[2026-02-13 20:13:59] [INFO] PLSpredict gate: PASS
[2026-02-13 20:13:59] [INFO] ========================================
[2026-02-13 20:13:59] [INFO] 
[2026-02-13 20:13:59] [INFO] ========================================
[2026-02-13 20:13:59] [INFO] Pipeline log closed
[2026-02-13 20:13:59] [INFO] Total time: 4.0 minutes
[2026-02-13 20:13:59] [INFO] Gates: 12 passed, 0 failed (total: 12)
[2026-02-13 20:13:59] [INFO]   ✅ Tech Validation — All expected columns present
[2026-02-13 20:13:59] [INFO]   ✅ Behavioral QC — N=432, minimum required=90
[2026-02-13 20:13:59] [INFO]   ✅ Missing Data — Remaining NA: 0, method: mean
[2026-02-13 20:13:59] [INFO]   ✅ Descriptives — PASS with warnings — skew/kurtosis anomalies noted (acceptable for Likert data)
[2026-02-13 20:13:59] [INFO]   ✅ CMV/CMB — WARN — Max full collinearity VIF: 4.624 (>= 3.3 warn, < 5.0 fail). Potential CMV; interpret with caution
[2026-02-13 20:13:59] [INFO]   ✅ Reflective Measurement — Reliability OK: TRUE, HTMT OK: TRUE
[2026-02-13 20:13:59] [INFO]   ✅ Formative Measurement — VIF OK: TRUE, max VIF: 4.728
[2026-02-13 20:13:59] [INFO]   ✅ HOC Assessment — N/A — no HOC in model
[2026-02-13 20:13:59] [INFO]   ✅ Structural In-sample — Inner VIF OK: TRUE
[2026-02-13 20:13:59] [INFO]   ✅ PLSpredict — Q²_predict > 0 for 9/9 indicators, level: HIGH
[2026-02-13 20:13:59] [INFO]   ✅ Moderation — 2 interaction(s) tested via manual_two_stage
[2026-02-13 20:13:59] [INFO]   ✅ Robustness — Robustness checks completed (some items conditional on data)
[2026-02-13 20:13:59] [INFO] ========================================
