[2026-02-13 15:17:50] [INFO] ========================================
[2026-02-13 15:17:50] [INFO] CCA-SEM Pipeline — Log started
[2026-02-13 15:17:50] [INFO] Time: 2026-02-13 15:17:50.531858
[2026-02-13 15:17:50] [INFO] R version: R version 4.4.3 (2025-02-28 ucrt)
[2026-02-13 15:17:50] [INFO] ========================================
[2026-02-13 15:17:50] [INFO] Project: PLS-SEM Dissertation Analysis — Audit Quality (Khung CCA)
[2026-02-13 15:17:50] [INFO] Config locked: 2026-02-13
[2026-02-13 15:17:50] [INFO] Seed: 42
[2026-02-13 15:17:50] [INFO] Bootstrap: 5000
[2026-02-13 15:17:50] [INFO] Constructs: 11
[2026-02-13 15:17:50] [INFO]   Reflective: 5
[2026-02-13 15:17:50] [INFO]   Formative: 6
[2026-02-13 15:17:50] [INFO] Structural paths: 10
[2026-02-13 15:17:50] [INFO] 
===== PHASE 1: DATA PREPARATION =====
[2026-02-13 15:17:50] [INFO] 
[2026-02-13 15:17:50] [INFO] >>> Step 1: Import & Technical Validation
[2026-02-13 15:17:50] [INFO] --------------------------------------------------
[2026-02-13 15:17:50] [INFO] Raw data: 466 rows x 68 cols
[2026-02-13 15:17:50] [INFO] Raw snapshot saved: 01_raw/raw_data.rds
[2026-02-13 15:17:50] [WARN] Flagged 33 potential duplicates (same response pattern)
[2026-02-13 15:17:50] [INFO] After tech validation: 466 rows x 69 cols
[2026-02-13 15:17:50] [GATE] ✅ GATE [ Tech Validation ]: PASS
[2026-02-13 15:17:50] [GATE]   Details: All expected columns present
[2026-02-13 15:17:50] [INFO] 
[2026-02-13 15:17:50] [INFO] >>> Step 2: Behavioral Quality Control
[2026-02-13 15:17:50] [INFO] --------------------------------------------------
[2026-02-13 15:17:51] [INFO] Straight-lining flagged: 440 (94.4%)
[2026-02-13 15:17:51] [INFO] Longstring threshold (auto, P95): 60
[2026-02-13 15:17:51] [INFO] Long-string flagged: 34 (7.3%)
[2026-02-13 15:17:51] [INFO] Speeding flagged: 24 (threshold: 1762361835.7 sec)
[2026-02-13 15:17:51] [INFO] Low IRV flagged: 34 (threshold: 0.000)
[2026-02-13 15:17:51] [INFO] Total flagged for removal: 56 (12.0%)
[2026-02-13 15:17:51] [INFO] Screening funnel plot saved
[2026-02-13 15:17:51] [INFO] After QC screening: 410 rows (removed 56)
[2026-02-13 15:17:51] [GATE] ✅ GATE [ Behavioral QC ]: PASS
[2026-02-13 15:17:51] [GATE]   Details: N=410, minimum required=90
[2026-02-13 15:17:51] [INFO] 
[2026-02-13 15:17:51] [INFO] >>> Step 3: Missing Data Handling
[2026-02-13 15:17:51] [INFO] --------------------------------------------------
[2026-02-13 15:17:51] [INFO] Variable-level missing: min=0.0%, max=0.0%, median=0.0%
[2026-02-13 15:17:51] [INFO] No observations exceed missing threshold
[2026-02-13 15:17:51] [INFO] Imputed 0 values using 'mean' method
[2026-02-13 15:17:51] [INFO] Assumption: MCAR
[2026-02-13 15:17:51] [INFO] Final dataset: 410 rows x 60 indicator columns
[2026-02-13 15:17:51] [GATE] ✅ GATE [ Missing Data ]: PASS
[2026-02-13 15:17:51] [GATE]   Details: Remaining NA: 0, method: mean
[2026-02-13 15:17:51] [INFO] 
[2026-02-13 15:17:51] [INFO] >>> Step 4: Descriptive Statistics & Plausibility Checks
[2026-02-13 15:17:51] [INFO] --------------------------------------------------
[2026-02-13 15:17:51] [INFO] Descriptive stats: 60 variables computed
[2026-02-13 15:17:51] [WARN] Extreme skewness (|>2|): COM1, COM9, PS2, PS3, PS4, PS5, ETH1, ETH2, ETH4
[2026-02-13 15:17:51] [WARN] Extreme kurtosis (|>7|): COM1, PS3, ETH1, ETH2
[2026-02-13 15:17:51] [INFO] Sample demographics: 5 variables summarized
[2026-02-13 15:17:54] [INFO] Distribution plots saved: 04_descriptives/distribution_plots.pdf
[2026-02-13 15:17:54] [GATE] ❌ GATE [ Descriptives ]: FAIL
[2026-02-13 15:17:54] [GATE]   Details: Anomalies detected — review before proceeding
[2026-02-13 15:17:54] [INFO] Descriptives complete — data cleared for modeling
[2026-02-13 15:17:54] [INFO] 
Phase 1 complete — Analysis-ready dataset: 410 rows
[2026-02-13 15:17:54] [INFO] 
===== PHASE 2: CMV & MEASUREMENT MODEL =====
[2026-02-13 15:17:54] [INFO] 
[2026-02-13 15:17:54] [INFO] >>> Step 5: CMV/CMB Assessment
[2026-02-13 15:17:54] [INFO] --------------------------------------------------
[2026-02-13 15:17:54] [INFO] Procedural remedies applied during survey design:
  - Anonymity emphasized in instructions
  - Academic purpose clearly stated
  - Standardized, clear question wording
  - Varied item ordering to reduce cognitive load
  - Pilot-tested for clarity and completion time
  - Consistent Likert scale format
[2026-02-13 15:17:54] [INFO] Running Full Collinearity VIF Assessment...
[2026-02-13 15:17:54] [INFO] Full Collinearity VIF range: [1.555, 4.803]
[2026-02-13 15:17:54] [INFO]   COM: VIF = 4.558 [WARN]
[2026-02-13 15:17:54] [INFO]   PS: VIF = 4.023 [WARN]
[2026-02-13 15:17:54] [INFO]   MO: VIF = 2.111 [OK]
[2026-02-13 15:17:54] [INFO]   TP: VIF = 1.555 [OK]
[2026-02-13 15:17:54] [INFO]   IT: VIF = 2.127 [OK]
[2026-02-13 15:17:54] [INFO]   CEV: VIF = 3.194 [OK]
[2026-02-13 15:17:54] [INFO]   CG: VIF = 2.495 [OK]
[2026-02-13 15:17:54] [INFO]   ETH: VIF = 4.435 [WARN]
[2026-02-13 15:17:54] [INFO]   TC: VIF = 1.642 [OK]
[2026-02-13 15:17:54] [INFO]   AJ: VIF = 3.613 [WARN]
[2026-02-13 15:17:54] [INFO]   AQ: VIF = 4.803 [WARN]
[2026-02-13 15:17:54] [INFO] Running Harman's single-factor test (reference only)...
[2026-02-13 15:17:54] [INFO] Harman's single-factor test (REFERENCE ONLY):
  First component explains: 44.5% of variance
  Conclusion: OK — <50%
  NOTE: This is a supplementary reference, NOT a primary CMV test.
[2026-02-13 15:17:54] [INFO] Marker variable: NOT available in survey design (limitation noted)
[2026-02-13 15:17:54] [GATE] ❌ GATE [ CMV/CMB ]: FAIL
[2026-02-13 15:17:54] [GATE]   Details: Max full collinearity VIF: 4.803 (threshold: 3.3)
[2026-02-13 15:17:54] [INFO] 
--- Building PLS-SEM model ---
[2026-02-13 15:17:54] [INFO] PLS model estimated successfully
[2026-02-13 15:17:54] [INFO] Bootstrapping (5000 samples)...
[2026-02-13 15:19:09] [INFO] Bootstrap complete
[2026-02-13 15:19:10] [INFO] 
[2026-02-13 15:19:10] [INFO] >>> Step 6: Reflective Measurement Model Assessment (CCA Mode A)
[2026-02-13 15:19:10] [INFO] --------------------------------------------------
[2026-02-13 15:19:11] [INFO] --- 6.1. Outer Loadings (Indicator Reliability) ---
[2026-02-13 15:19:11] [INFO] INDICATOR [ PS1 ]: KEEP — Loading 0.856 >= 0.708
[2026-02-13 15:19:11] [INFO] INDICATOR [ PS2 ]: KEEP — Loading 0.850 >= 0.708
[2026-02-13 15:19:11] [INFO] INDICATOR [ PS3 ]: KEEP — Loading 0.906 >= 0.708
[2026-02-13 15:19:11] [INFO] INDICATOR [ PS4 ]: KEEP — Loading 0.850 >= 0.708
[2026-02-13 15:19:11] [INFO] INDICATOR [ PS5 ]: KEEP — Loading 0.893 >= 0.708
[2026-02-13 15:19:11] [INFO] INDICATOR [ TP1 ]: KEEP — Loading 0.822 >= 0.708
[2026-02-13 15:19:11] [INFO] INDICATOR [ TP2 ]: REVIEW — Loading 0.591 in [0.40, 0.708] — review if removing improves CR/AVE
[2026-02-13 15:19:11] [INFO] INDICATOR [ TP3 ]: DROP_CANDIDATE — Loading 0.390 < 0.40
[2026-02-13 15:19:11] [INFO] INDICATOR [ TP4 ]: KEEP — Loading 0.991 >= 0.708
[2026-02-13 15:19:11] [INFO] INDICATOR [ IT1 ]: KEEP — Loading 0.920 >= 0.708
[2026-02-13 15:19:11] [INFO] INDICATOR [ IT2 ]: KEEP — Loading 0.920 >= 0.708
[2026-02-13 15:19:11] [INFO] INDICATOR [ IT3 ]: KEEP — Loading 0.863 >= 0.708
[2026-02-13 15:19:11] [INFO] INDICATOR [ IT4 ]: KEEP — Loading 0.733 >= 0.708
[2026-02-13 15:19:11] [INFO] INDICATOR [ CEV1 ]: KEEP — Loading 0.809 >= 0.708
[2026-02-13 15:19:11] [INFO] INDICATOR [ CEV2 ]: KEEP — Loading 0.917 >= 0.708
[2026-02-13 15:19:11] [INFO] INDICATOR [ CEV3 ]: KEEP — Loading 0.848 >= 0.708
[2026-02-13 15:19:11] [INFO] INDICATOR [ CEV4 ]: KEEP — Loading 0.860 >= 0.708
[2026-02-13 15:19:11] [INFO] INDICATOR [ CEV5 ]: KEEP — Loading 0.797 >= 0.708
[2026-02-13 15:19:11] [INFO] INDICATOR [ AJ1 ]: KEEP — Loading 0.848 >= 0.708
[2026-02-13 15:19:11] [INFO] INDICATOR [ AJ2 ]: KEEP — Loading 0.884 >= 0.708
[2026-02-13 15:19:11] [INFO] INDICATOR [ AJ3 ]: KEEP — Loading 0.907 >= 0.708
[2026-02-13 15:19:11] [INFO] --- 6.2. Internal Consistency Reliability ---
[2026-02-13 15:19:11] [INFO]   PS: Alpha=0.940, rho_A=0.941, CR=0.940, AVE=0.759
[2026-02-13 15:19:11] [INFO]   TP: Alpha=0.820, rho_A=0.887, CR=0.809, AVE=0.540
[2026-02-13 15:19:11] [INFO]   IT: Alpha=0.918, rho_A=0.927, CR=0.920, AVE=0.744
[2026-02-13 15:19:11] [INFO]   CEV: Alpha=0.927, rho_A=0.929, CR=0.927, AVE=0.718
[2026-02-13 15:19:11] [INFO]   AJ: Alpha=0.911, rho_A=0.912, CR=0.911, AVE=0.774
[2026-02-13 15:19:11] [INFO] --- 6.3. Discriminant Validity (HTMT) ---
[2026-02-13 15:19:11] [INFO] HTMT max: -Inf
[2026-02-13 15:19:11] [INFO] HTMT bootstrap CI saved
[2026-02-13 15:19:11] [GATE] ✅ GATE [ Reflective Measurement ]: PASS
[2026-02-13 15:19:11] [GATE]   Details: Reliability OK: TRUE, HTMT OK: TRUE
[2026-02-13 15:19:11] [INFO] 
[2026-02-13 15:19:11] [INFO] >>> Step 7: Formative/Composite Measurement Assessment (CCA Mode B)
[2026-02-13 15:19:11] [INFO] --------------------------------------------------
[2026-02-13 15:19:13] [INFO] --- 7.1. Outer VIF (Indicator Collinearity) ---
[2026-02-13 15:19:13] [INFO]   COM → COM1: VIF = 3.348 [CAUTION]
[2026-02-13 15:19:13] [INFO]   COM → COM2: VIF = 3.390 [CAUTION]
[2026-02-13 15:19:13] [INFO]   COM → COM3: VIF = 2.967 [OK]
[2026-02-13 15:19:13] [INFO]   COM → COM4: VIF = 1.850 [OK]
[2026-02-13 15:19:13] [INFO]   COM → COM5: VIF = 2.494 [OK]
[2026-02-13 15:19:13] [INFO]   COM → COM6: VIF = 2.099 [OK]
[2026-02-13 15:19:13] [INFO]   COM → COM7: VIF = 2.311 [OK]
[2026-02-13 15:19:13] [INFO]   COM → COM8: VIF = 2.632 [OK]
[2026-02-13 15:19:13] [INFO]   COM → COM9: VIF = 2.386 [OK]
[2026-02-13 15:19:13] [INFO]   MO → MO1: VIF = 2.546 [OK]
[2026-02-13 15:19:13] [INFO]   MO → MO2: VIF = 2.491 [OK]
[2026-02-13 15:19:13] [INFO]   MO → MO3: VIF = 1.659 [OK]
[2026-02-13 15:19:13] [INFO]   MO → MO4: VIF = 1.904 [OK]
[2026-02-13 15:19:13] [INFO]   MO → MO5: VIF = 1.547 [OK]
[2026-02-13 15:19:13] [INFO]   CG → CG1: VIF = 2.454 [OK]
[2026-02-13 15:19:13] [INFO]   CG → CG2: VIF = 2.413 [OK]
[2026-02-13 15:19:13] [INFO]   CG → CG3: VIF = 2.520 [OK]
[2026-02-13 15:19:13] [INFO]   CG → CG4: VIF = 2.716 [OK]
[2026-02-13 15:19:13] [INFO]   CG → CG5: VIF = 2.806 [OK]
[2026-02-13 15:19:13] [INFO]   CG → CG6: VIF = 1.710 [OK]
[2026-02-13 15:19:13] [INFO]   CG → CG7: VIF = 2.877 [OK]
[2026-02-13 15:19:13] [INFO]   CG → CG8: VIF = 3.254 [CAUTION]
[2026-02-13 15:19:13] [INFO]   CG → CG9: VIF = 3.133 [CAUTION]
[2026-02-13 15:19:13] [INFO]   ETH → ETH1: VIF = 3.627 [CAUTION]
[2026-02-13 15:19:13] [INFO]   ETH → ETH2: VIF = 4.065 [CAUTION]
[2026-02-13 15:19:13] [INFO]   ETH → ETH3: VIF = 4.840 [CAUTION]
[2026-02-13 15:19:13] [INFO]   ETH → ETH4: VIF = 3.868 [CAUTION]
[2026-02-13 15:19:13] [INFO]   TC → TC1: VIF = 1.888 [OK]
[2026-02-13 15:19:13] [INFO]   TC → TC2: VIF = 2.418 [OK]
[2026-02-13 15:19:13] [INFO]   TC → TC3: VIF = 2.610 [OK]
[2026-02-13 15:19:13] [INFO]   TC → TC4: VIF = 3.985 [CAUTION]
[2026-02-13 15:19:13] [INFO]   TC → TC5: VIF = 4.676 [CAUTION]
[2026-02-13 15:19:13] [INFO]   TC → TC6: VIF = 3.910 [CAUTION]
[2026-02-13 15:19:13] [INFO]   AQ → AQ1: VIF = 2.712 [OK]
[2026-02-13 15:19:13] [INFO]   AQ → AQ2: VIF = 2.507 [OK]
[2026-02-13 15:19:13] [INFO]   AQ → AQ3: VIF = 3.010 [CAUTION]
[2026-02-13 15:19:13] [INFO]   AQ → AQ4: VIF = 3.216 [CAUTION]
[2026-02-13 15:19:13] [INFO]   AQ → AQ5: VIF = 2.706 [OK]
[2026-02-13 15:19:13] [INFO]   AQ → AQ6: VIF = 2.239 [OK]
[2026-02-13 15:19:13] [INFO] --- 7.2. Outer Weights (Bootstrap) ---
[2026-02-13 15:19:13] [INFO] INDICATOR [ COM1 ]: KEEP (content) — Weight ns but loading=0.858 >= 0.50; content important
[2026-02-13 15:19:13] [INFO] INDICATOR [ COM2 ]: KEEP (content) — Weight ns but loading=0.795 >= 0.50; content important
[2026-02-13 15:19:13] [INFO] INDICATOR [ COM3 ]: KEEP (content) — Weight ns but loading=0.855 >= 0.50; content important
[2026-02-13 15:19:13] [INFO] INDICATOR [ COM4 ]: KEEP (content) — Weight ns but loading=0.730 >= 0.50; content important
[2026-02-13 15:19:13] [INFO] INDICATOR [ COM5 ]: KEEP (content) — Weight ns but loading=0.751 >= 0.50; content important
[2026-02-13 15:19:13] [INFO] INDICATOR [ COM6 ]: KEEP (content) — Weight ns but loading=0.514 >= 0.50; content important
[2026-02-13 15:19:13] [INFO] INDICATOR [ COM7 ]: KEEP (content) — Weight ns but loading=0.648 >= 0.50; content important
[2026-02-13 15:19:13] [INFO] INDICATOR [ COM8 ]: KEEP (content) — Weight ns but loading=0.844 >= 0.50; content important
[2026-02-13 15:19:13] [INFO] INDICATOR [ COM9 ]: KEEP (content) — Weight ns but loading=0.847 >= 0.50; content important
[2026-02-13 15:19:13] [INFO] INDICATOR [ MO1 ]: KEEP (content) — Weight ns but loading=0.788 >= 0.50; content important
[2026-02-13 15:19:13] [INFO] INDICATOR [ MO2 ]: KEEP (content) — Weight ns but loading=0.819 >= 0.50; content important
[2026-02-13 15:19:13] [INFO] INDICATOR [ MO3 ]: KEEP (content) — Weight ns but loading=0.753 >= 0.50; content important
[2026-02-13 15:19:13] [INFO] INDICATOR [ MO4 ]: KEEP (content) — Weight ns but loading=0.772 >= 0.50; content important
[2026-02-13 15:19:13] [INFO] INDICATOR [ MO5 ]: KEEP (content) — Weight ns but loading=0.759 >= 0.50; content important
[2026-02-13 15:19:13] [INFO] INDICATOR [ CG1 ]: KEEP (content) — Weight ns but loading=0.648 >= 0.50; content important
[2026-02-13 15:19:13] [INFO] INDICATOR [ CG2 ]: KEEP (content) — Weight ns but loading=0.637 >= 0.50; content important
[2026-02-13 15:19:13] [INFO] INDICATOR [ CG3 ]: KEEP (content) — Weight ns but loading=0.834 >= 0.50; content important
[2026-02-13 15:19:13] [INFO] INDICATOR [ CG4 ]: KEEP (content) — Weight ns but loading=0.727 >= 0.50; content important
[2026-02-13 15:19:13] [INFO] INDICATOR [ CG5 ]: KEEP (content) — Weight ns but loading=0.722 >= 0.50; content important
[2026-02-13 15:19:13] [INFO] INDICATOR [ CG6 ]: KEEP (content) — Weight ns but loading=0.595 >= 0.50; content important
[2026-02-13 15:19:13] [INFO] INDICATOR [ CG7 ]: KEEP (content) — Weight ns but loading=0.870 >= 0.50; content important
[2026-02-13 15:19:13] [INFO] INDICATOR [ CG8 ]: KEEP (content) — Weight ns but loading=0.827 >= 0.50; content important
[2026-02-13 15:19:13] [INFO] INDICATOR [ CG9 ]: KEEP (content) — Weight ns but loading=0.904 >= 0.50; content important
[2026-02-13 15:19:13] [INFO] INDICATOR [ ETH1 ]: KEEP (content) — Weight ns but loading=0.902 >= 0.50; content important
[2026-02-13 15:19:13] [INFO] INDICATOR [ ETH2 ]: KEEP (content) — Weight ns but loading=0.927 >= 0.50; content important
[2026-02-13 15:19:13] [INFO] INDICATOR [ ETH3 ]: KEEP (content) — Weight ns but loading=0.931 >= 0.50; content important
[2026-02-13 15:19:13] [INFO] INDICATOR [ ETH4 ]: KEEP (content) — Weight ns but loading=0.934 >= 0.50; content important
[2026-02-13 15:19:13] [INFO] INDICATOR [ TC1 ]: KEEP (content) — Weight ns but loading=0.887 >= 0.50; content important
[2026-02-13 15:19:13] [INFO] INDICATOR [ TC2 ]: KEEP (content) — Weight ns but loading=0.658 >= 0.50; content important
[2026-02-13 15:19:13] [INFO] INDICATOR [ TC3 ]: KEEP (content) — Weight ns but loading=0.864 >= 0.50; content important
[2026-02-13 15:19:13] [INFO] INDICATOR [ TC4 ]: KEEP (content) — Weight ns but loading=0.664 >= 0.50; content important
[2026-02-13 15:19:13] [INFO] INDICATOR [ TC5 ]: KEEP (content) — Weight ns but loading=0.718 >= 0.50; content important
[2026-02-13 15:19:13] [INFO] INDICATOR [ TC6 ]: KEEP (content) — Weight ns but loading=0.640 >= 0.50; content important
[2026-02-13 15:19:13] [INFO] INDICATOR [ AQ1 ]: KEEP (content) — Weight ns but loading=0.870 >= 0.50; content important
[2026-02-13 15:19:13] [INFO] INDICATOR [ AQ2 ]: KEEP (content) — Weight ns but loading=0.760 >= 0.50; content important
[2026-02-13 15:19:13] [INFO] INDICATOR [ AQ3 ]: KEEP (content) — Weight ns but loading=0.828 >= 0.50; content important
[2026-02-13 15:19:13] [INFO] INDICATOR [ AQ4 ]: KEEP (content) — Weight ns but loading=0.934 >= 0.50; content important
[2026-02-13 15:19:13] [INFO] INDICATOR [ AQ5 ]: KEEP (content) — Weight ns but loading=0.864 >= 0.50; content important
[2026-02-13 15:19:13] [INFO] INDICATOR [ AQ6 ]: KEEP (content) — Weight ns but loading=0.737 >= 0.50; content important
[2026-02-13 15:19:13] [INFO] --- 7.3. Nomological Validity ---
[2026-02-13 15:19:13] [INFO] No global single items available — redundancy analysis not feasible
[2026-02-13 15:19:13] [INFO] Assessing nomological validity via path relationships...
[2026-02-13 15:19:13] [INFO]   COM relates to: AJ
[2026-02-13 15:19:13] [INFO]   MO relates to: AJ
[2026-02-13 15:19:13] [INFO]   CG relates to: AJ
[2026-02-13 15:19:13] [INFO]   ETH relates to: AQ
[2026-02-13 15:19:13] [INFO]   TC relates to: AQ
[2026-02-13 15:19:13] [INFO]   AQ relates to: AJ, TC, ETH
[2026-02-13 15:19:13] [GATE] ✅ GATE [ Formative Measurement ]: PASS
[2026-02-13 15:19:13] [GATE]   Details: VIF OK: TRUE, max VIF: 4.840
[2026-02-13 15:19:13] [INFO] 
[2026-02-13 15:19:13] [INFO] >>> Step 8: Higher-Order Construct Assessment
[2026-02-13 15:19:13] [INFO] --------------------------------------------------
[2026-02-13 15:19:13] [INFO] No higher-order constructs specified — skipping Step 8
[2026-02-13 15:19:13] [GATE] ✅ GATE [ HOC Assessment ]: PASS
[2026-02-13 15:19:13] [GATE]   Details: N/A — no HOC in model
[2026-02-13 15:19:13] [INFO] 
[2026-02-13 15:19:13] [INFO] === MEASUREMENT MODEL GATE: PASS ✅ ===
[2026-02-13 15:19:13] [INFO] 
===== PHASE 3: STRUCTURAL MODEL & HYPOTHESES =====
[2026-02-13 15:19:13] [INFO] 
[2026-02-13 15:19:13] [INFO] >>> Step 9: Structural Model — In-sample Explanatory Power
[2026-02-13 15:19:13] [INFO] --------------------------------------------------
[2026-02-13 15:19:15] [INFO] --- 9.1. Inner VIF ---
